66.249.64.160 - - [25/Oct/2016:19:00:13 +0000] "GET /index.html HTTP/1.1" 404 23 "-" "Mozilla/5.0 (Linux; Android 6.0.1; Nexus 5X Build/MMB29P) AppleWebKit/537.36 (KHTML, like Gecko) Chrome/41.0.2272.96 Mobile Safari/537.36 (compatible; Googlebot/2.1; +http://www.google.com/bot.html)"
66.249.64.156 - - [25/Oct/2016:19:00:14 +0000] "GET /index.html HTTP/1.1" 404 23 "-" "Mozilla/5.0 (Linux; Android 6.0.1; Nexus 5X Build/MMB29P) AppleWebKit/537.36 (KHTML, like Gecko) Chrome/41.0.2272.96 Mobile Safari/537.36 (compatible; Googlebot/2.1; +http://www.google.com/bot.html)"
47.187.0.240 - - [25/Oct/2016:19:02:11 +0000] "GET /index.html HTTP/1.1" 200 18 "-" "Mozilla/5.0 (Macintosh; Intel Mac OS X 10_11_6) AppleWebKit/537.36 (KHTML, like Gecko) Chrome/54.0.2840.71 Safari/537.36"
66.249.64.156 - - [25/Oct/2016:19:02:11 +0000] "GET /robots.txt HTTP/1.1" 404 23 "-" "Mozilla/5.0 (compatible; Googlebot/2.1; +http://www.google.com/bot.html)"
66.249.64.152 - - [25/Oct/2016:19:02:11 +0000] "GET /index.html HTTP/1.1" 200 18 "-" "Mozilla/5.0 (Linux; Android 6.0.1; Nexus 5X Build/MMB29P) AppleWebKit/537.36 (KHTML, like Gecko) Chrome/41.0.2272.96 Mobile Safari/537.36 (compatible; Googlebot/2.1; +http://www.google.com/bot.html)"
47.187.0.240 - - [25/Oct/2016:19:02:34 +0000] "GET /ords/f?p=139 HTTP/1.1" 302 - "-" "Mozilla/5.0 (Macintosh; Intel Mac OS X 10_11_6) AppleWebKit/537.36 (KHTML, like Gecko) Chrome/54.0.2840.71 Safari/537.36"
47.187.0.240 - - [25/Oct/2016:19:02:34 +0000] "GET /ords/f?p=139:2:::::: HTTP/1.1" 302 - "-" "Mozilla/5.0 (Macintosh; Intel Mac OS X 10_11_6) AppleWebKit/537.36 (KHTML, like Gecko) Chrome/54.0.2840.71 Safari/537.36"
47.187.0.240 - - [25/Oct/2016:19:02:34 +0000] "GET /ords/f?p=139:LOGIN_DESKTOP:15869427335178::::: HTTP/1.1" 200 - "-" "Mozilla/5.0 (Macintosh; Intel Mac OS X 10_11_6) AppleWebKit/537.36 (KHTML, like Gecko) Chrome/54.0.2840.71 Safari/537.36"
47.187.0.240 - - [25/Oct/2016:19:02:35 +0000] "GET /i/libraries/jquery-ui/1.10.4/themes/base/jquery-ui.min.css?v=5.0.4.00.12 HTTP/1.1" 200 25763 "https://ruepprich.com/ords/f?p=139:LOGIN_DESKTOP:15869427335178:::::" "Mozilla/5.0 (Macintosh; Intel Mac OS X 10_11_6) AppleWebKit/537.36 (KHTML, like Gecko) Chrome/54.0.2840.71 Safari/537.36"
47.187.0.240 - - [25/Oct/2016:19:02:35 +0000] "GET /i/libraries/font-awesome/4.2.0/css/font-awesome.min.css?v=5.0.4.00.12 HTTP/1.1" 200 21984 "https://ruepprich.com/ords/f?p=139:LOGIN_DESKTOP:15869427335178:::::" "Mozilla/5.0 (Macintosh; Intel Mac OS X 10_11_6) AppleWebKit/537.36 (KHTML, like Gecko) Chrome/54.0.2840.71 Safari/537.36"
66.249.64.152 - - [25/Oct/2016:19:02:35 +0000] "GET /ords/f?p=139:LOGIN_DESKTOP:15869427335178::::: HTTP/1.1" 302 - "-" "Mozilla/5.0 (Linux; Android 6.0.1; Nexus 5X Build/MMB29P) AppleWebKit/537.36 (KHTML, like Gecko) Chrome/41.0.2272.96 Mobile Safari/537.36 (compatible; Googlebot/2.1; +http://www.google.com/bot.html)"
47.187.0.240 - - [25/Oct/2016:19:02:35 +0000] "GET /i/themes/theme_42/1.0/css/Vita.min.css?v=5.0.4.00.12 HTTP/1.1" 200 115270 "https://ruepprich.com/ords/f?p=139:LOGIN_DESKTOP:15869427335178:::::" "Mozilla/5.0 (Macintosh; Intel Mac OS X 10_11_6) AppleWebKit/537.36 (KHTML, like Gecko) Chrome/54.0.2840.71 Safari/537.36"
47.187.0.240 - - [25/Oct/2016:19:02:35 +0000] "GET /i/app_ui/css/Theme-Standard.min.css?v=5.0.4.00.12 HTTP/1.1" 200 9697 "https://ruepprich.com/ords/f?p=139:LOGIN_DESKTOP:15869427335178:::::" "Mozilla/5.0 (Macintosh; Intel Mac OS X 10_11_6) AppleWebKit/537.36 (KHTML, like Gecko) Chrome/54.0.2840.71 Safari/537.36"
47.187.0.240 - - [25/Oct/2016:19:02:35 +0000] "GET /i/app_ui/css/Core.min.css?v=5.0.4.00.12 HTTP/1.1" 200 82555 "https://ruepprich.com/ords/f?p=139:LOGIN_DESKTOP:15869427335178:::::" "Mozilla/5.0 (Macintosh; Intel Mac OS X 10_11_6) AppleWebKit/537.36 (KHTML, like Gecko) Chrome/54.0.2840.71 Safari/537.36"
47.187.0.240 - - [25/Oct/2016:19:02:35 +0000] "GET /i/themes/theme_42/1.0/css/Core.min.css?v=5.0.4.00.12 HTTP/1.1" 200 216027 "https://ruepprich.com/ords/f?p=139:LOGIN_DESKTOP:15869427335178:::::" "Mozilla/5.0 (Macintosh; Intel Mac OS X 10_11_6) AppleWebKit/537.36 (KHTML, like Gecko) Chrome/54.0.2840.71 Safari/537.36"
47.187.0.240 - - [25/Oct/2016:19:02:35 +0000] "GET /i/libraries/jquery/2.1.3/jquery-2.1.3.min.js?v=5.0.4.00.12 HTTP/1.1" 200 84320 "https://ruepprich.com/ords/f?p=139:LOGIN_DESKTOP:15869427335178:::::" "Mozilla/5.0 (Macintosh; Intel Mac OS X 10_11_6) AppleWebKit/537.36 (KHTML, like Gecko) Chrome/54.0.2840.71 Safari/537.36"
47.187.0.240 - - [25/Oct/2016:19:02:35 +0000] "GET /i/libraries/apex/minified/widget.regionDisplaySelector.min.js?v=5.0.4.00.12 HTTP/1.1" 200 12828 "https://ruepprich.com/ords/f?p=139:LOGIN_DESKTOP:15869427335178:::::" "Mozilla/5.0 (Macintosh; Intel Mac OS X 10_11_6) AppleWebKit/537.36 (KHTML, like Gecko) Chrome/54.0.2840.71 Safari/537.36"
47.187.0.240 - - [25/Oct/2016:19:02:35 +0000] "GET /i/libraries/apex/minified/desktop.min.js?v=5.0.4.00.12 HTTP/1.1" 200 302410 "https://ruepprich.com/ords/f?p=139:LOGIN_DESKTOP:15869427335178:::::" "Mozilla/5.0 (Macintosh; Intel Mac OS X 10_11_6) AppleWebKit/537.36 (KHTML, like Gecko) Chrome/54.0.2840.71 Safari/537.36"
47.187.0.240 - - [25/Oct/2016:19:02:35 +0000] "GET /i/libraries/apex/minified/widget.stickyWidget.min.js?v=5.0.4.00.12 HTTP/1.1" 200 4382 "https://ruepprich.com/ords/f?p=139:LOGIN_DESKTOP:15869427335178:::::" "Mozilla/5.0 (Macintosh; Intel Mac OS X 10_11_6) AppleWebKit/537.36 (KHTML, like Gecko) Chrome/54.0.2840.71 Safari/537.36"
47.187.0.240 - - [25/Oct/2016:19:02:35 +0000] "GET /i/libraries/apex/minified/widget.stickyTableHeader.min.js?v=5.0.4.00.12 HTTP/1.1" 200 4722 "https://ruepprich.com/ords/f?p=139:LOGIN_DESKTOP:15869427335178:::::" "Mozilla/5.0 (Macintosh; Intel Mac OS X 10_11_6) AppleWebKit/537.36 (KHTML, like Gecko) Chrome/54.0.2840.71 Safari/537.36"
47.187.0.240 - - [25/Oct/2016:19:02:35 +0000] "GET /i/libraries/apex/minified/tooltipManager.min.js?v=5.0.4.00.12 HTTP/1.1" 200 966 "https://ruepprich.com/ords/f?p=139:LOGIN_DESKTOP:15869427335178:::::" "Mozilla/5.0 (Macintosh; Intel Mac OS X 10_11_6) AppleWebKit/537.36 (KHTML, like Gecko) Chrome/54.0.2840.71 Safari/537.36"
47.187.0.240 - - [25/Oct/2016:19:02:35 +0000] "GET /ords/wwv_flow.js_messages?p_app_id=139&p_lang=en&p_version=5.0.4.00.12-10557778583881 HTTP/1.1" 200 - "https://ruepprich.com/ords/f?p=139:LOGIN_DESKTOP:15869427335178:::::" "Mozilla/5.0 (Macintosh; Intel Mac OS X 10_11_6) AppleWebKit/537.36 (KHTML, like Gecko) Chrome/54.0.2840.71 Safari/537.36"
47.187.0.240 - - [25/Oct/2016:19:02:35 +0000] "GET /i/libraries/hammer/2.0.3/hammer.min.js?v=5.0.4.00.12 HTTP/1.1" 200 29352 "https://ruepprich.com/ords/f?p=139:LOGIN_DESKTOP:15869427335178:::::" "Mozilla/5.0 (Macintosh; Intel Mac OS X 10_11_6) AppleWebKit/537.36 (KHTML, like Gecko) Chrome/54.0.2840.71 Safari/537.36"
47.187.0.240 - - [25/Oct/2016:19:02:35 +0000] "GET /i/themes/theme_42/1.0/js/modernizr-custom.min.js?v=5.0.4.00.12 HTTP/1.1" 200 5470 "https://ruepprich.com/ords/f?p=139:LOGIN_DESKTOP:15869427335178:::::" "Mozilla/5.0 (Macintosh; Intel Mac OS X 10_11_6) AppleWebKit/537.36 (KHTML, like Gecko) Chrome/54.0.2840.71 Safari/537.36"
47.187.0.240 - - [25/Oct/2016:19:02:35 +0000] "GET /i/themes/theme_42/1.0/js/theme42.min.js?v=5.0.4.00.12 HTTP/1.1" 200 24157 "https://ruepprich.com/ords/f?p=139:LOGIN_DESKTOP:15869427335178:::::" "Mozilla/5.0 (Macintosh; Intel Mac OS X 10_11_6) AppleWebKit/537.36 (KHTML, like Gecko) Chrome/54.0.2840.71 Safari/537.36"
47.187.0.240 - - [25/Oct/2016:19:02:35 +0000] "GET /i/plugins/com.oracle.apex.carousel/1.0/com.oracle.apex.carousel.min.js?v=5.0.4.00.12 HTTP/1.1" 200 3644 "https://ruepprich.com/ords/f?p=139:LOGIN_DESKTOP:15869427335178:::::" "Mozilla/5.0 (Macintosh; Intel Mac OS X 10_11_6) AppleWebKit/537.36 (KHTML, like Gecko) Chrome/54.0.2840.71 Safari/537.36"
66.249.64.156 - - [25/Oct/2016:19:02:35 +0000] "GET /ords/f?p=139:2:10038899762314::::: HTTP/1.1" 302 - "-" "Mozilla/5.0 (Linux; Android 6.0.1; Nexus 5X Build/MMB29P) AppleWebKit/537.36 (KHTML, like Gecko) Chrome/41.0.2272.96 Mobile Safari/537.36 (compatible; Googlebot/2.1; +http://www.google.com/bot.html)"
47.187.0.240 - - [25/Oct/2016:19:02:35 +0000] "GET /i/favicon-32x32.png HTTP/1.1" 200 724 "https://ruepprich.com/ords/f?p=139:LOGIN_DESKTOP:15869427335178:::::" "Mozilla/5.0 (Macintosh; Intel Mac OS X 10_11_6) AppleWebKit/537.36 (KHTML, like Gecko) Chrome/54.0.2840.71 Safari/537.36"
47.187.0.240 - - [25/Oct/2016:19:02:35 +0000] "GET /i/favicon-16x16.png HTTP/1.1" 200 326 "https://ruepprich.com/ords/f?p=139:LOGIN_DESKTOP:15869427335178:::::" "Mozilla/5.0 (Macintosh; Intel Mac OS X 10_11_6) AppleWebKit/537.36 (KHTML, like Gecko) Chrome/54.0.2840.71 Safari/537.36"
66.249.64.152 - - [25/Oct/2016:19:02:36 +0000] "GET /ords/f?p=139:LOGIN_DESKTOP:10038899762314::::: HTTP/1.1" 200 - "-" "Mozilla/5.0 (Linux; Android 6.0.1; Nexus 5X Build/MMB29P) AppleWebKit/537.36 (KHTML, like Gecko) Chrome/41.0.2272.96 Mobile Safari/537.36 (compatible; Googlebot/2.1; +http://www.google.com/bot.html)"
66.249.64.156 - - [25/Oct/2016:19:02:36 +0000] "GET /i/libraries/apex/minified/widget.stickyTableHeader.min.js?v=5.0.4.00.12 HTTP/1.1" 200 4722 "https://ruepprich.com/ords/f?p=139:LOGIN_DESKTOP:10038899762314:::::" "Mozilla/5.0 (Linux; Android 6.0.1; Nexus 5X Build/MMB29P) AppleWebKit/537.36 (KHTML, like Gecko) Chrome/41.0.2272.96 Mobile Safari/537.36 (compatible; Googlebot/2.1; +http://www.google.com/bot.html)"
66.249.64.152 - - [25/Oct/2016:19:02:36 +0000] "GET /i/libraries/apex/minified/widget.stickyWidget.min.js?v=5.0.4.00.12 HTTP/1.1" 200 4382 "https://ruepprich.com/ords/f?p=139:LOGIN_DESKTOP:10038899762314:::::" "Mozilla/5.0 (Linux; Android 6.0.1; Nexus 5X Build/MMB29P) AppleWebKit/537.36 (KHTML, like Gecko) Chrome/41.0.2272.96 Mobile Safari/537.36 (compatible; Googlebot/2.1; +http://www.google.com/bot.html)"
66.249.64.152 - - [25/Oct/2016:19:02:37 +0000] "GET /i/plugins/com.oracle.apex.carousel/1.0/com.oracle.apex.carousel.min.js?v=5.0.4.00.12 HTTP/1.1" 200 3644 "https://ruepprich.com/ords/f?p=139:LOGIN_DESKTOP:10038899762314:::::" "Mozilla/5.0 (Linux; Android 6.0.1; Nexus 5X Build/MMB29P) AppleWebKit/537.36 (KHTML, like Gecko) Chrome/41.0.2272.96 Mobile Safari/537.36 (compatible; Googlebot/2.1; +http://www.google.com/bot.html)"
66.249.64.156 - - [25/Oct/2016:19:02:37 +0000] "GET /i/themes/theme_42/1.0/css/Core.min.css?v=5.0.4.00.12 HTTP/1.1" 200 216027 "https://ruepprich.com/ords/f?p=139:LOGIN_DESKTOP:10038899762314:::::" "Mozilla/5.0 (Linux; Android 6.0.1; Nexus 5X Build/MMB29P) AppleWebKit/537.36 (KHTML, like Gecko) Chrome/41.0.2272.96 Mobile Safari/537.36 (compatible; Googlebot/2.1; +http://www.google.com/bot.html)"
66.249.64.152 - - [25/Oct/2016:19:02:38 +0000] "GET /i/app_ui/css/Core.min.css?v=5.0.4.00.12 HTTP/1.1" 200 82555 "https://ruepprich.com/ords/f?p=139:LOGIN_DESKTOP:10038899762314:::::" "Mozilla/5.0 (Linux; Android 6.0.1; Nexus 5X Build/MMB29P) AppleWebKit/537.36 (KHTML, like Gecko) Chrome/41.0.2272.96 Mobile Safari/537.36 (compatible; Googlebot/2.1; +http://www.google.com/bot.html)"
66.249.64.156 - - [25/Oct/2016:19:02:38 +0000] "GET /i/libraries/jquery-ui/1.10.4/themes/base/jquery-ui.min.css?v=5.0.4.00.12 HTTP/1.1" 200 25763 "https://ruepprich.com/ords/f?p=139:LOGIN_DESKTOP:10038899762314:::::" "Mozilla/5.0 (Linux; Android 6.0.1; Nexus 5X Build/MMB29P) AppleWebKit/537.36 (KHTML, like Gecko) Chrome/41.0.2272.96 Mobile Safari/537.36 (compatible; Googlebot/2.1; +http://www.google.com/bot.html)"
66.249.64.152 - - [25/Oct/2016:19:02:39 +0000] "GET /i/libraries/font-awesome/4.2.0/css/font-awesome.min.css?v=5.0.4.00.12 HTTP/1.1" 200 21984 "https://ruepprich.com/ords/f?p=139:LOGIN_DESKTOP:10038899762314:::::" "Mozilla/5.0 (Linux; Android 6.0.1; Nexus 5X Build/MMB29P) AppleWebKit/537.36 (KHTML, like Gecko) Chrome/41.0.2272.96 Mobile Safari/537.36 (compatible; Googlebot/2.1; +http://www.google.com/bot.html)"
66.249.64.152 - - [25/Oct/2016:19:02:39 +0000] "GET /i/themes/theme_42/1.0/js/theme42.min.js?v=5.0.4.00.12 HTTP/1.1" 200 24157 "https://ruepprich.com/ords/f?p=139:LOGIN_DESKTOP:10038899762314:::::" "Mozilla/5.0 (Linux; Android 6.0.1; Nexus 5X Build/MMB29P) AppleWebKit/537.36 (KHTML, like Gecko) Chrome/41.0.2272.96 Mobile Safari/537.36 (compatible; Googlebot/2.1; +http://www.google.com/bot.html)"
66.249.64.152 - - [25/Oct/2016:19:02:40 +0000] "GET /i/app_ui/css/Theme-Standard.min.css?v=5.0.4.00.12 HTTP/1.1" 200 9697 "https://ruepprich.com/ords/f?p=139:LOGIN_DESKTOP:10038899762314:::::" "Mozilla/5.0 (Linux; Android 6.0.1; Nexus 5X Build/MMB29P) AppleWebKit/537.36 (KHTML, like Gecko) Chrome/41.0.2272.96 Mobile Safari/537.36 (compatible; Googlebot/2.1; +http://www.google.com/bot.html)"
66.249.64.152 - - [25/Oct/2016:19:02:40 +0000] "GET /i/libraries/jquery/2.1.3/jquery-2.1.3.min.js?v=5.0.4.00.12 HTTP/1.1" 200 84320 "https://ruepprich.com/ords/f?p=139:LOGIN_DESKTOP:10038899762314:::::" "Mozilla/5.0 (Linux; Android 6.0.1; Nexus 5X Build/MMB29P) AppleWebKit/537.36 (KHTML, like Gecko) Chrome/41.0.2272.96 Mobile Safari/537.36 (compatible; Googlebot/2.1; +http://www.google.com/bot.html)"
66.249.64.152 - - [25/Oct/2016:19:02:41 +0000] "GET /ords/wwv_flow.js_messages?p_app_id=139&p_lang=en&p_version=5.0.4.00.12-10557778583881 HTTP/1.1" 200 - "https://ruepprich.com/ords/f?p=139:LOGIN_DESKTOP:10038899762314:::::" "Mozilla/5.0 (Linux; Android 6.0.1; Nexus 5X Build/MMB29P) AppleWebKit/537.36 (KHTML, like Gecko) Chrome/41.0.2272.96 Mobile Safari/537.36 (compatible; Googlebot/2.1; +http://www.google.com/bot.html)"
66.249.64.152 - - [25/Oct/2016:19:02:41 +0000] "GET /i/libraries/apex/minified/widget.regionDisplaySelector.min.js?v=5.0.4.00.12 HTTP/1.1" 200 12828 "https://ruepprich.com/ords/f?p=139:LOGIN_DESKTOP:10038899762314:::::" "Mozilla/5.0 (Linux; Android 6.0.1; Nexus 5X Build/MMB29P) AppleWebKit/537.36 (KHTML, like Gecko) Chrome/41.0.2272.96 Mobile Safari/537.36 (compatible; Googlebot/2.1; +http://www.google.com/bot.html)"
47.187.0.240 - - [25/Oct/2016:19:02:42 +0000] "GET /ords/f?p=139:LOGIN_DESKTOP:15869427335178::::: HTTP/1.1" 200 - "-" "Mozilla/5.0 (Macintosh; Intel Mac OS X 10_11_6) AppleWebKit/537.36 (KHTML, like Gecko) Chrome/54.0.2840.71 Safari/537.36"
47.187.0.240 - - [25/Oct/2016:19:02:42 +0000] "GET /i/app_ui/css/Core.min.css?v=5.0.4.00.12 HTTP/1.1" 304 - "http://ruepprich.com/ords/f?p=139:LOGIN_DESKTOP:15869427335178:::::" "Mozilla/5.0 (Macintosh; Intel Mac OS X 10_11_6) AppleWebKit/537.36 (KHTML, like Gecko) Chrome/54.0.2840.71 Safari/537.36"
47.187.0.240 - - [25/Oct/2016:19:02:42 +0000] "GET /i/app_ui/css/Theme-Standard.min.css?v=5.0.4.00.12 HTTP/1.1" 304 - "http://ruepprich.com/ords/f?p=139:LOGIN_DESKTOP:15869427335178:::::" "Mozilla/5.0 (Macintosh; Intel Mac OS X 10_11_6) AppleWebKit/537.36 (KHTML, like Gecko) Chrome/54.0.2840.71 Safari/537.36"
47.187.0.240 - - [25/Oct/2016:19:02:42 +0000] "GET /i/libraries/jquery-ui/1.10.4/themes/base/jquery-ui.min.css?v=5.0.4.00.12 HTTP/1.1" 304 - "http://ruepprich.com/ords/f?p=139:LOGIN_DESKTOP:15869427335178:::::" "Mozilla/5.0 (Macintosh; Intel Mac OS X 10_11_6) AppleWebKit/537.36 (KHTML, like Gecko) Chrome/54.0.2840.71 Safari/537.36"
47.187.0.240 - - [25/Oct/2016:19:02:42 +0000] "GET /i/libraries/font-awesome/4.2.0/css/font-awesome.min.css?v=5.0.4.00.12 HTTP/1.1" 304 - "http://ruepprich.com/ords/f?p=139:LOGIN_DESKTOP:15869427335178:::::" "Mozilla/5.0 (Macintosh; Intel Mac OS X 10_11_6) AppleWebKit/537.36 (KHTML, like Gecko) Chrome/54.0.2840.71 Safari/537.36"
47.187.0.240 - - [25/Oct/2016:19:02:42 +0000] "GET /i/themes/theme_42/1.0/css/Core.min.css?v=5.0.4.00.12 HTTP/1.1" 304 - "http://ruepprich.com/ords/f?p=139:LOGIN_DESKTOP:15869427335178:::::" "Mozilla/5.0 (Macintosh; Intel Mac OS X 10_11_6) AppleWebKit/537.36 (KHTML, like Gecko) Chrome/54.0.2840.71 Safari/537.36"
47.187.0.240 - - [25/Oct/2016:19:02:42 +0000] "GET /i/themes/theme_42/1.0/css/Vita.min.css?v=5.0.4.00.12 HTTP/1.1" 304 - "http://ruepprich.com/ords/f?p=139:LOGIN_DESKTOP:15869427335178:::::" "Mozilla/5.0 (Macintosh; Intel Mac OS X 10_11_6) AppleWebKit/537.36 (KHTML, like Gecko) Chrome/54.0.2840.71 Safari/537.36"
47.187.0.240 - - [25/Oct/2016:19:02:42 +0000] "GET /i/libraries/jquery/2.1.3/jquery-2.1.3.min.js?v=5.0.4.00.12 HTTP/1.1" 304 - "http://ruepprich.com/ords/f?p=139:LOGIN_DESKTOP:15869427335178:::::" "Mozilla/5.0 (Macintosh; Intel Mac OS X 10_11_6) AppleWebKit/537.36 (KHTML, like Gecko) Chrome/54.0.2840.71 Safari/537.36"
47.187.0.240 - - [25/Oct/2016:19:02:42 +0000] "GET /i/libraries/apex/minified/desktop.min.js?v=5.0.4.00.12 HTTP/1.1" 304 - "http://ruepprich.com/ords/f?p=139:LOGIN_DESKTOP:15869427335178:::::" "Mozilla/5.0 (Macintosh; Intel Mac OS X 10_11_6) AppleWebKit/537.36 (KHTML, like Gecko) Chrome/54.0.2840.71 Safari/537.36"
66.249.64.152 - - [25/Oct/2016:19:02:42 +0000] "GET /i/libraries/apex/minified/tooltipManager.min.js?v=5.0.4.00.12 HTTP/1.1" 200 966 "https://ruepprich.com/ords/f?p=139:LOGIN_DESKTOP:10038899762314:::::" "Mozilla/5.0 (Linux; Android 6.0.1; Nexus 5X Build/MMB29P) AppleWebKit/537.36 (KHTML, like Gecko) Chrome/41.0.2272.96 Mobile Safari/537.36 (compatible; Googlebot/2.1; +http://www.google.com/bot.html)"
66.249.64.159 - - [25/Oct/2016:19:02:42 +0000] "GET /robots.txt HTTP/1.1" 404 23 "-" "Mozilla/5.0 (compatible; Googlebot/2.1; +http://www.google.com/bot.html)"
47.187.0.240 - - [25/Oct/2016:19:02:42 +0000] "GET /i/libraries/apex/minified/widget.regionDisplaySelector.min.js?v=5.0.4.00.12 HTTP/1.1" 304 - "http://ruepprich.com/ords/f?p=139:LOGIN_DESKTOP:15869427335178:::::" "Mozilla/5.0 (Macintosh; Intel Mac OS X 10_11_6) AppleWebKit/537.36 (KHTML, like Gecko) Chrome/54.0.2840.71 Safari/537.36"
47.187.0.240 - - [25/Oct/2016:19:02:42 +0000] "GET /i/libraries/apex/minified/widget.stickyWidget.min.js?v=5.0.4.00.12 HTTP/1.1" 304 - "http://ruepprich.com/ords/f?p=139:LOGIN_DESKTOP:15869427335178:::::" "Mozilla/5.0 (Macintosh; Intel Mac OS X 10_11_6) AppleWebKit/537.36 (KHTML, like Gecko) Chrome/54.0.2840.71 Safari/537.36"
47.187.0.240 - - [25/Oct/2016:19:02:42 +0000] "GET /i/libraries/apex/minified/widget.stickyTableHeader.min.js?v=5.0.4.00.12 HTTP/1.1" 304 - "http://ruepprich.com/ords/f?p=139:LOGIN_DESKTOP:15869427335178:::::" "Mozilla/5.0 (Macintosh; Intel Mac OS X 10_11_6) AppleWebKit/537.36 (KHTML, like Gecko) Chrome/54.0.2840.71 Safari/537.36"
47.187.0.240 - - [25/Oct/2016:19:02:42 +0000] "GET /i/libraries/apex/minified/tooltipManager.min.js?v=5.0.4.00.12 HTTP/1.1" 304 - "http://ruepprich.com/ords/f?p=139:LOGIN_DESKTOP:15869427335178:::::" "Mozilla/5.0 (Macintosh; Intel Mac OS X 10_11_6) AppleWebKit/537.36 (KHTML, like Gecko) Chrome/54.0.2840.71 Safari/537.36"
47.187.0.240 - - [25/Oct/2016:19:02:42 +0000] "GET /i/libraries/hammer/2.0.3/hammer.min.js?v=5.0.4.00.12 HTTP/1.1" 304 - "http://ruepprich.com/ords/f?p=139:LOGIN_DESKTOP:15869427335178:::::" "Mozilla/5.0 (Macintosh; Intel Mac OS X 10_11_6) AppleWebKit/537.36 (KHTML, like Gecko) Chrome/54.0.2840.71 Safari/537.36"
47.187.0.240 - - [25/Oct/2016:19:02:42 +0000] "GET /i/themes/theme_42/1.0/js/modernizr-custom.min.js?v=5.0.4.00.12 HTTP/1.1" 304 - "http://ruepprich.com/ords/f?p=139:LOGIN_DESKTOP:15869427335178:::::" "Mozilla/5.0 (Macintosh; Intel Mac OS X 10_11_6) AppleWebKit/537.36 (KHTML, like Gecko) Chrome/54.0.2840.71 Safari/537.36"
47.187.0.240 - - [25/Oct/2016:19:02:42 +0000] "GET /i/plugins/com.oracle.apex.carousel/1.0/com.oracle.apex.carousel.min.js?v=5.0.4.00.12 HTTP/1.1" 304 - "http://ruepprich.com/ords/f?p=139:LOGIN_DESKTOP:15869427335178:::::" "Mozilla/5.0 (Macintosh; Intel Mac OS X 10_11_6) AppleWebKit/537.36 (KHTML, like Gecko) Chrome/54.0.2840.71 Safari/537.36"
47.187.0.240 - - [25/Oct/2016:19:02:42 +0000] "GET /i/themes/theme_42/1.0/js/theme42.min.js?v=5.0.4.00.12 HTTP/1.1" 304 - "http://ruepprich.com/ords/f?p=139:LOGIN_DESKTOP:15869427335178:::::" "Mozilla/5.0 (Macintosh; Intel Mac OS X 10_11_6) AppleWebKit/537.36 (KHTML, like Gecko) Chrome/54.0.2840.71 Safari/537.36"
66.249.64.152 - - [25/Oct/2016:19:02:42 +0000] "GET /i/themes/theme_42/1.0/js/modernizr-custom.min.js?v=5.0.4.00.12 HTTP/1.1" 200 5470 "https://ruepprich.com/ords/f?p=139:LOGIN_DESKTOP:10038899762314:::::" "Mozilla/5.0 (Linux; Android 6.0.1; Nexus 5X Build/MMB29P) AppleWebKit/537.36 (KHTML, like Gecko) Chrome/41.0.2272.96 Mobile Safari/537.36 (compatible; Googlebot/2.1; +http://www.google.com/bot.html)"
66.249.64.152 - - [25/Oct/2016:19:02:43 +0000] "GET /i/libraries/hammer/2.0.3/hammer.min.js?v=5.0.4.00.12 HTTP/1.1" 200 29352 "https://ruepprich.com/ords/f?p=139:LOGIN_DESKTOP:10038899762314:::::" "Mozilla/5.0 (Linux; Android 6.0.1; Nexus 5X Build/MMB29P) AppleWebKit/537.36 (KHTML, like Gecko) Chrome/41.0.2272.96 Mobile Safari/537.36 (compatible; Googlebot/2.1; +http://www.google.com/bot.html)"
66.249.64.152 - - [25/Oct/2016:19:02:43 +0000] "GET /i/themes/theme_42/1.0/css/Vita.min.css?v=5.0.4.00.12 HTTP/1.1" 200 115270 "https://ruepprich.com/ords/f?p=139:LOGIN_DESKTOP:10038899762314:::::" "Mozilla/5.0 (Linux; Android 6.0.1; Nexus 5X Build/MMB29P) AppleWebKit/537.36 (KHTML, like Gecko) Chrome/41.0.2272.96 Mobile Safari/537.36 (compatible; Googlebot/2.1; +http://www.google.com/bot.html)"
66.249.64.152 - - [25/Oct/2016:19:02:44 +0000] "GET /i/libraries/apex/minified/desktop.min.js?v=5.0.4.00.12 HTTP/1.1" 200 302410 "https://ruepprich.com/ords/f?p=139:LOGIN_DESKTOP:10038899762314:::::" "Mozilla/5.0 (Linux; Android 6.0.1; Nexus 5X Build/MMB29P) AppleWebKit/537.36 (KHTML, like Gecko) Chrome/41.0.2272.96 Mobile Safari/537.36 (compatible; Googlebot/2.1; +http://www.google.com/bot.html)"
66.249.64.159 - - [25/Oct/2016:19:02:44 +0000] "GET /ords/f?p=139:LOGIN_DESKTOP:15869427335178::::: HTTP/1.1" 302 - "-" "Mozilla/5.0 (Linux; Android 6.0.1; Nexus 5X Build/MMB29P) AppleWebKit/537.36 (KHTML, like Gecko) Chrome/41.0.2272.96 Mobile Safari/537.36 (compatible; Googlebot/2.1; +http://www.google.com/bot.html)"
66.249.64.159 - - [25/Oct/2016:19:02:45 +0000] "GET /ords/f?p=139:2:15968292378231::::: HTTP/1.1" 302 - "-" "Mozilla/5.0 (Linux; Android 6.0.1; Nexus 5X Build/MMB29P) AppleWebKit/537.36 (KHTML, like Gecko) Chrome/41.0.2272.96 Mobile Safari/537.36 (compatible; Googlebot/2.1; +http://www.google.com/bot.html)"
66.249.64.159 - - [25/Oct/2016:19:02:46 +0000] "GET /ords/f?p=139:LOGIN_DESKTOP:15968292378231::::: HTTP/1.1" 200 - "-" "Mozilla/5.0 (Linux; Android 6.0.1; Nexus 5X Build/MMB29P) AppleWebKit/537.36 (KHTML, like Gecko) Chrome/41.0.2272.96 Mobile Safari/537.36 (compatible; Googlebot/2.1; +http://www.google.com/bot.html)"
47.187.0.240 - - [25/Oct/2016:19:02:46 +0000] "POST /ords/wwv_flow.accept HTTP/1.1" 302 - "http://ruepprich.com/ords/f?p=139:LOGIN_DESKTOP:15869427335178:::::" "Mozilla/5.0 (Macintosh; Intel Mac OS X 10_11_6) AppleWebKit/537.36 (KHTML, like Gecko) Chrome/54.0.2840.71 Safari/537.36"
66.249.64.159 - - [25/Oct/2016:19:02:46 +0000] "GET /i/app_ui/css/Theme-Standard.min.css?v=5.0.4.00.12 HTTP/1.1" 200 9697 "http://ruepprich.com/ords/f?p=139:LOGIN_DESKTOP:15968292378231:::::" "Mozilla/5.0 (Linux; Android 6.0.1; Nexus 5X Build/MMB29P) AppleWebKit/537.36 (KHTML, like Gecko) Chrome/41.0.2272.96 Mobile Safari/537.36 (compatible; Googlebot/2.1; +http://www.google.com/bot.html)"
47.187.0.240 - - [25/Oct/2016:19:02:46 +0000] "GET /ords/f?p=139::15869427335178:139:2:15869427335178:: HTTP/1.1" 302 - "http://ruepprich.com/ords/f?p=139:LOGIN_DESKTOP:15869427335178:::::" "Mozilla/5.0 (Macintosh; Intel Mac OS X 10_11_6) AppleWebKit/537.36 (KHTML, like Gecko) Chrome/54.0.2840.71 Safari/537.36"
47.187.0.240 - - [25/Oct/2016:19:02:46 +0000] "GET /ords/f?p=139:2:15869427335178::::: HTTP/1.1" 200 - "http://ruepprich.com/ords/f?p=139:LOGIN_DESKTOP:15869427335178:::::" "Mozilla/5.0 (Macintosh; Intel Mac OS X 10_11_6) AppleWebKit/537.36 (KHTML, like Gecko) Chrome/54.0.2840.71 Safari/537.36"
47.187.0.240 - - [25/Oct/2016:19:02:46 +0000] "GET /i/app_ui/css/Core.min.css?v=5.0.4.00.12 HTTP/1.1" 304 - "http://ruepprich.com/ords/f?p=139:2:15869427335178:::::" "Mozilla/5.0 (Macintosh; Intel Mac OS X 10_11_6) AppleWebKit/537.36 (KHTML, like Gecko) Chrome/54.0.2840.71 Safari/537.36"
47.187.0.240 - - [25/Oct/2016:19:02:46 +0000] "GET /i/app_ui/css/Theme-Standard.min.css?v=5.0.4.00.12 HTTP/1.1" 304 - "http://ruepprich.com/ords/f?p=139:2:15869427335178:::::" "Mozilla/5.0 (Macintosh; Intel Mac OS X 10_11_6) AppleWebKit/537.36 (KHTML, like Gecko) Chrome/54.0.2840.71 Safari/537.36"
47.187.0.240 - - [25/Oct/2016:19:02:46 +0000] "GET /i/libraries/jquery-ui/1.10.4/themes/base/jquery-ui.min.css?v=5.0.4.00.12 HTTP/1.1" 304 - "http://ruepprich.com/ords/f?p=139:2:15869427335178:::::" "Mozilla/5.0 (Macintosh; Intel Mac OS X 10_11_6) AppleWebKit/537.36 (KHTML, like Gecko) Chrome/54.0.2840.71 Safari/537.36"
47.187.0.240 - - [25/Oct/2016:19:02:46 +0000] "GET /i/libraries/jquery/2.1.3/jquery-2.1.3.min.js?v=5.0.4.00.12 HTTP/1.1" 304 - "http://ruepprich.com/ords/f?p=139:2:15869427335178:::::" "Mozilla/5.0 (Macintosh; Intel Mac OS X 10_11_6) AppleWebKit/537.36 (KHTML, like Gecko) Chrome/54.0.2840.71 Safari/537.36"
47.187.0.240 - - [25/Oct/2016:19:02:46 +0000] "GET /i/libraries/font-awesome/4.2.0/css/font-awesome.min.css?v=5.0.4.00.12 HTTP/1.1" 304 - "http://ruepprich.com/ords/f?p=139:2:15869427335178:::::" "Mozilla/5.0 (Macintosh; Intel Mac OS X 10_11_6) AppleWebKit/537.36 (KHTML, like Gecko) Chrome/54.0.2840.71 Safari/537.36"
47.187.0.240 - - [25/Oct/2016:19:02:46 +0000] "GET /i/themes/theme_42/1.0/css/Core.min.css?v=5.0.4.00.12 HTTP/1.1" 304 - "http://ruepprich.com/ords/f?p=139:2:15869427335178:::::" "Mozilla/5.0 (Macintosh; Intel Mac OS X 10_11_6) AppleWebKit/537.36 (KHTML, like Gecko) Chrome/54.0.2840.71 Safari/537.36"
47.187.0.240 - - [25/Oct/2016:19:02:46 +0000] "GET /i/themes/theme_42/1.0/css/Vita.min.css?v=5.0.4.00.12 HTTP/1.1" 304 - "http://ruepprich.com/ords/f?p=139:2:15869427335178:::::" "Mozilla/5.0 (Macintosh; Intel Mac OS X 10_11_6) AppleWebKit/537.36 (KHTML, like Gecko) Chrome/54.0.2840.71 Safari/537.36"
47.187.0.240 - - [25/Oct/2016:19:02:46 +0000] "GET /i/libraries/apex/minified/desktop.min.js?v=5.0.4.00.12 HTTP/1.1" 304 - "http://ruepprich.com/ords/f?p=139:2:15869427335178:::::" "Mozilla/5.0 (Macintosh; Intel Mac OS X 10_11_6) AppleWebKit/537.36 (KHTML, like Gecko) Chrome/54.0.2840.71 Safari/537.36"
47.187.0.240 - - [25/Oct/2016:19:02:46 +0000] "GET /i/libraries/apex/minified/widget.regionDisplaySelector.min.js?v=5.0.4.00.12 HTTP/1.1" 304 - "http://ruepprich.com/ords/f?p=139:2:15869427335178:::::" "Mozilla/5.0 (Macintosh; Intel Mac OS X 10_11_6) AppleWebKit/537.36 (KHTML, like Gecko) Chrome/54.0.2840.71 Safari/537.36"
47.187.0.240 - - [25/Oct/2016:19:02:46 +0000] "GET /i/libraries/apex/minified/widget.stickyWidget.min.js?v=5.0.4.00.12 HTTP/1.1" 304 - "http://ruepprich.com/ords/f?p=139:2:15869427335178:::::" "Mozilla/5.0 (Macintosh; Intel Mac OS X 10_11_6) AppleWebKit/537.36 (KHTML, like Gecko) Chrome/54.0.2840.71 Safari/537.36"
47.187.0.240 - - [25/Oct/2016:19:02:46 +0000] "GET /i/libraries/apex/minified/widget.stickyTableHeader.min.js?v=5.0.4.00.12 HTTP/1.1" 304 - "http://ruepprich.com/ords/f?p=139:2:15869427335178:::::" "Mozilla/5.0 (Macintosh; Intel Mac OS X 10_11_6) AppleWebKit/537.36 (KHTML, like Gecko) Chrome/54.0.2840.71 Safari/537.36"
47.187.0.240 - - [25/Oct/2016:19:02:46 +0000] "GET /i/libraries/apex/minified/tooltipManager.min.js?v=5.0.4.00.12 HTTP/1.1" 304 - "http://ruepprich.com/ords/f?p=139:2:15869427335178:::::" "Mozilla/5.0 (Macintosh; Intel Mac OS X 10_11_6) AppleWebKit/537.36 (KHTML, like Gecko) Chrome/54.0.2840.71 Safari/537.36"
47.187.0.240 - - [25/Oct/2016:19:02:46 +0000] "GET /i/libraries/hammer/2.0.3/hammer.min.js?v=5.0.4.00.12 HTTP/1.1" 304 - "http://ruepprich.com/ords/f?p=139:2:15869427335178:::::" "Mozilla/5.0 (Macintosh; Intel Mac OS X 10_11_6) AppleWebKit/537.36 (KHTML, like Gecko) Chrome/54.0.2840.71 Safari/537.36"
47.187.0.240 - - [25/Oct/2016:19:02:46 +0000] "GET /i/themes/theme_42/1.0/js/modernizr-custom.min.js?v=5.0.4.00.12 HTTP/1.1" 304 - "http://ruepprich.com/ords/f?p=139:2:15869427335178:::::" "Mozilla/5.0 (Macintosh; Intel Mac OS X 10_11_6) AppleWebKit/537.36 (KHTML, like Gecko) Chrome/54.0.2840.71 Safari/537.36"
47.187.0.240 - - [25/Oct/2016:19:02:46 +0000] "GET /i/plugins/com.oracle.apex.carousel/1.0/com.oracle.apex.carousel.min.js?v=5.0.4.00.12 HTTP/1.1" 304 - "http://ruepprich.com/ords/f?p=139:2:15869427335178:::::" "Mozilla/5.0 (Macintosh; Intel Mac OS X 10_11_6) AppleWebKit/537.36 (KHTML, like Gecko) Chrome/54.0.2840.71 Safari/537.36"
47.187.0.240 - - [25/Oct/2016:19:02:46 +0000] "GET /i/themes/theme_42/1.0/js/theme42.min.js?v=5.0.4.00.12 HTTP/1.1" 304 - "http://ruepprich.com/ords/f?p=139:2:15869427335178:::::" "Mozilla/5.0 (Macintosh; Intel Mac OS X 10_11_6) AppleWebKit/537.36 (KHTML, like Gecko) Chrome/54.0.2840.71 Safari/537.36"
47.187.0.240 - - [25/Oct/2016:19:02:46 +0000] "GET /i/socket-io.1.2.0.js?v=5.0.4.00.12 HTTP/1.1" 304 - "http://ruepprich.com/ords/f?p=139:2:15869427335178:::::" "Mozilla/5.0 (Macintosh; Intel Mac OS X 10_11_6) AppleWebKit/537.36 (KHTML, like Gecko) Chrome/54.0.2840.71 Safari/537.36"
47.187.0.240 - - [25/Oct/2016:19:02:46 +0000] "GET /i/libraries/apex/minified/widget.treeView.min.js?v=5.0.4.00.12 HTTP/1.1" 304 - "http://ruepprich.com/ords/f?p=139:2:15869427335178:::::" "Mozilla/5.0 (Macintosh; Intel Mac OS X 10_11_6) AppleWebKit/537.36 (KHTML, like Gecko) Chrome/54.0.2840.71 Safari/537.36"
47.187.0.240 - - [25/Oct/2016:19:02:46 +0000] "GET /i/libraries/font-awesome/4.2.0/fonts/fontawesome-webfont.woff?v=4.2.0 HTTP/1.1" 304 - "http://ruepprich.com/i/libraries/font-awesome/4.2.0/css/font-awesome.min.css?v=5.0.4.00.12" "Mozilla/5.0 (Macintosh; Intel Mac OS X 10_11_6) AppleWebKit/537.36 (KHTML, like Gecko) Chrome/54.0.2840.71 Safari/537.36"
66.249.64.159 - - [25/Oct/2016:19:02:46 +0000] "GET /i/libraries/jquery-ui/1.10.4/themes/base/jquery-ui.min.css?v=5.0.4.00.12 HTTP/1.1" 200 25763 "http://ruepprich.com/ords/f?p=139:LOGIN_DESKTOP:15968292378231:::::" "Mozilla/5.0 (Linux; Android 6.0.1; Nexus 5X Build/MMB29P) AppleWebKit/537.36 (KHTML, like Gecko) Chrome/41.0.2272.96 Mobile Safari/537.36 (compatible; Googlebot/2.1; +http://www.google.com/bot.html)"
47.187.0.240 - - [25/Oct/2016:19:02:47 +0000] "GET /i/app_ui/font/apex-5-icon-font.ttf HTTP/1.1" 304 - "http://ruepprich.com/i/app_ui/css/Core.min.css?v=5.0.4.00.12" "Mozilla/5.0 (Macintosh; Intel Mac OS X 10_11_6) AppleWebKit/537.36 (KHTML, like Gecko) Chrome/54.0.2840.71 Safari/537.36"
66.249.64.159 - - [25/Oct/2016:19:02:47 +0000] "GET /i/app_ui/css/Core.min.css?v=5.0.4.00.12 HTTP/1.1" 200 82555 "http://ruepprich.com/ords/f?p=139:LOGIN_DESKTOP:15968292378231:::::" "Mozilla/5.0 (Linux; Android 6.0.1; Nexus 5X Build/MMB29P) AppleWebKit/537.36 (KHTML, like Gecko) Chrome/41.0.2272.96 Mobile Safari/537.36 (compatible; Googlebot/2.1; +http://www.google.com/bot.html)"
66.249.64.159 - - [25/Oct/2016:19:02:47 +0000] "GET /i/libraries/font-awesome/4.2.0/css/font-awesome.min.css?v=5.0.4.00.12 HTTP/1.1" 200 21984 "http://ruepprich.com/ords/f?p=139:LOGIN_DESKTOP:15968292378231:::::" "Mozilla/5.0 (Linux; Android 6.0.1; Nexus 5X Build/MMB29P) AppleWebKit/537.36 (KHTML, like Gecko) Chrome/41.0.2272.96 Mobile Safari/537.36 (compatible; Googlebot/2.1; +http://www.google.com/bot.html)"
66.249.64.159 - - [25/Oct/2016:19:02:48 +0000] "GET /i/libraries/jquery/2.1.3/jquery-2.1.3.min.js?v=5.0.4.00.12 HTTP/1.1" 200 84320 "http://ruepprich.com/ords/f?p=139:LOGIN_DESKTOP:15968292378231:::::" "Mozilla/5.0 (Linux; Android 6.0.1; Nexus 5X Build/MMB29P) AppleWebKit/537.36 (KHTML, like Gecko) Chrome/41.0.2272.96 Mobile Safari/537.36 (compatible; Googlebot/2.1; +http://www.google.com/bot.html)"
66.249.64.159 - - [25/Oct/2016:19:02:48 +0000] "GET /i/themes/theme_42/1.0/css/Vita.min.css?v=5.0.4.00.12 HTTP/1.1" 200 115270 "http://ruepprich.com/ords/f?p=139:LOGIN_DESKTOP:15968292378231:::::" "Mozilla/5.0 (Linux; Android 6.0.1; Nexus 5X Build/MMB29P) AppleWebKit/537.36 (KHTML, like Gecko) Chrome/41.0.2272.96 Mobile Safari/537.36 (compatible; Googlebot/2.1; +http://www.google.com/bot.html)"
66.249.64.159 - - [25/Oct/2016:19:02:49 +0000] "GET /i/libraries/apex/minified/widget.regionDisplaySelector.min.js?v=5.0.4.00.12 HTTP/1.1" 200 12828 "http://ruepprich.com/ords/f?p=139:LOGIN_DESKTOP:15968292378231:::::" "Mozilla/5.0 (Linux; Android 6.0.1; Nexus 5X Build/MMB29P) AppleWebKit/537.36 (KHTML, like Gecko) Chrome/41.0.2272.96 Mobile Safari/537.36 (compatible; Googlebot/2.1; +http://www.google.com/bot.html)"
66.249.64.159 - - [25/Oct/2016:19:02:50 +0000] "GET /i/libraries/apex/minified/desktop.min.js?v=5.0.4.00.12 HTTP/1.1" 200 302410 "http://ruepprich.com/ords/f?p=139:LOGIN_DESKTOP:15968292378231:::::" "Mozilla/5.0 (Linux; Android 6.0.1; Nexus 5X Build/MMB29P) AppleWebKit/537.36 (KHTML, like Gecko) Chrome/41.0.2272.96 Mobile Safari/537.36 (compatible; Googlebot/2.1; +http://www.google.com/bot.html)"
66.249.64.159 - - [25/Oct/2016:19:02:50 +0000] "GET /i/libraries/apex/minified/tooltipManager.min.js?v=5.0.4.00.12 HTTP/1.1" 200 966 "http://ruepprich.com/ords/f?p=139:LOGIN_DESKTOP:15968292378231:::::" "Mozilla/5.0 (Linux; Android 6.0.1; Nexus 5X Build/MMB29P) AppleWebKit/537.36 (KHTML, like Gecko) Chrome/41.0.2272.96 Mobile Safari/537.36 (compatible; Googlebot/2.1; +http://www.google.com/bot.html)"
66.249.64.159 - - [25/Oct/2016:19:02:51 +0000] "GET /i/libraries/apex/minified/widget.stickyTableHeader.min.js?v=5.0.4.00.12 HTTP/1.1" 200 4722 "http://ruepprich.com/ords/f?p=139:LOGIN_DESKTOP:15968292378231:::::" "Mozilla/5.0 (Linux; Android 6.0.1; Nexus 5X Build/MMB29P) AppleWebKit/537.36 (KHTML, like Gecko) Chrome/41.0.2272.96 Mobile Safari/537.36 (compatible; Googlebot/2.1; +http://www.google.com/bot.html)"
66.249.64.159 - - [25/Oct/2016:19:02:51 +0000] "GET /ords/wwv_flow.js_messages?p_app_id=139&p_lang=en&p_version=5.0.4.00.12-10557778583881 HTTP/1.1" 200 - "http://ruepprich.com/ords/f?p=139:LOGIN_DESKTOP:15968292378231:::::" "Mozilla/5.0 (Linux; Android 6.0.1; Nexus 5X Build/MMB29P) AppleWebKit/537.36 (KHTML, like Gecko) Chrome/41.0.2272.96 Mobile Safari/537.36 (compatible; Googlebot/2.1; +http://www.google.com/bot.html)"
66.249.64.159 - - [25/Oct/2016:19:02:52 +0000] "GET /i/libraries/hammer/2.0.3/hammer.min.js?v=5.0.4.00.12 HTTP/1.1" 200 29352 "http://ruepprich.com/ords/f?p=139:LOGIN_DESKTOP:15968292378231:::::" "Mozilla/5.0 (Linux; Android 6.0.1; Nexus 5X Build/MMB29P) AppleWebKit/537.36 (KHTML, like Gecko) Chrome/41.0.2272.96 Mobile Safari/537.36 (compatible; Googlebot/2.1; +http://www.google.com/bot.html)"
66.249.64.159 - - [25/Oct/2016:19:02:52 +0000] "GET /i/libraries/apex/minified/widget.stickyWidget.min.js?v=5.0.4.00.12 HTTP/1.1" 200 4382 "http://ruepprich.com/ords/f?p=139:LOGIN_DESKTOP:15968292378231:::::" "Mozilla/5.0 (Linux; Android 6.0.1; Nexus 5X Build/MMB29P) AppleWebKit/537.36 (KHTML, like Gecko) Chrome/41.0.2272.96 Mobile Safari/537.36 (compatible; Googlebot/2.1; +http://www.google.com/bot.html)"
66.249.64.159 - - [25/Oct/2016:19:02:53 +0000] "GET /i/themes/theme_42/1.0/js/modernizr-custom.min.js?v=5.0.4.00.12 HTTP/1.1" 200 5470 "http://ruepprich.com/ords/f?p=139:LOGIN_DESKTOP:15968292378231:::::" "Mozilla/5.0 (Linux; Android 6.0.1; Nexus 5X Build/MMB29P) AppleWebKit/537.36 (KHTML, like Gecko) Chrome/41.0.2272.96 Mobile Safari/537.36 (compatible; Googlebot/2.1; +http://www.google.com/bot.html)"
66.249.64.159 - - [25/Oct/2016:19:02:53 +0000] "GET /i/themes/theme_42/1.0/js/theme42.min.js?v=5.0.4.00.12 HTTP/1.1" 200 24157 "http://ruepprich.com/ords/f?p=139:LOGIN_DESKTOP:15968292378231:::::" "Mozilla/5.0 (Linux; Android 6.0.1; Nexus 5X Build/MMB29P) AppleWebKit/537.36 (KHTML, like Gecko) Chrome/41.0.2272.96 Mobile Safari/537.36 (compatible; Googlebot/2.1; +http://www.google.com/bot.html)"
66.249.64.159 - - [25/Oct/2016:19:02:54 +0000] "GET /i/plugins/com.oracle.apex.carousel/1.0/com.oracle.apex.carousel.min.js?v=5.0.4.00.12 HTTP/1.1" 200 3644 "http://ruepprich.com/ords/f?p=139:LOGIN_DESKTOP:15968292378231:::::" "Mozilla/5.0 (Linux; Android 6.0.1; Nexus 5X Build/MMB29P) AppleWebKit/537.36 (KHTML, like Gecko) Chrome/41.0.2272.96 Mobile Safari/537.36 (compatible; Googlebot/2.1; +http://www.google.com/bot.html)"
66.249.64.159 - - [25/Oct/2016:19:02:54 +0000] "GET /i/themes/theme_42/1.0/css/Core.min.css?v=5.0.4.00.12 HTTP/1.1" 200 216027 "http://ruepprich.com/ords/f?p=139:LOGIN_DESKTOP:15968292378231:::::" "Mozilla/5.0 (Linux; Android 6.0.1; Nexus 5X Build/MMB29P) AppleWebKit/537.36 (KHTML, like Gecko) Chrome/41.0.2272.96 Mobile Safari/537.36 (compatible; Googlebot/2.1; +http://www.google.com/bot.html)"
66.249.64.159 - - [25/Oct/2016:19:02:55 +0000] "GET /ords/f?p=139:2:15869427335178::::: HTTP/1.1" 302 - "-" "Mozilla/5.0 (Linux; Android 6.0.1; Nexus 5X Build/MMB29P) AppleWebKit/537.36 (KHTML, like Gecko) Chrome/41.0.2272.96 Mobile Safari/537.36 (compatible; Googlebot/2.1; +http://www.google.com/bot.html)"
66.249.64.159 - - [25/Oct/2016:19:02:55 +0000] "GET /ords/f?p=139:LOGIN_DESKTOP:11272804217344::::: HTTP/1.1" 200 - "-" "Mozilla/5.0 (Linux; Android 6.0.1; Nexus 5X Build/MMB29P) AppleWebKit/537.36 (KHTML, like Gecko) Chrome/41.0.2272.96 Mobile Safari/537.36 (compatible; Googlebot/2.1; +http://www.google.com/bot.html)"
66.249.64.159 - - [25/Oct/2016:19:02:56 +0000] "GET /i/app_ui/css/Theme-Standard.min.css?v=5.0.4.00.12 HTTP/1.1" 200 9697 "http://ruepprich.com/ords/f?p=139:LOGIN_DESKTOP:11272804217344:::::" "Mozilla/5.0 (Linux; Android 6.0.1; Nexus 5X Build/MMB29P) AppleWebKit/537.36 (KHTML, like Gecko) Chrome/41.0.2272.96 Mobile Safari/537.36 (compatible; Googlebot/2.1; +http://www.google.com/bot.html)"
66.249.64.159 - - [25/Oct/2016:19:02:56 +0000] "GET /i/app_ui/css/Core.min.css?v=5.0.4.00.12 HTTP/1.1" 200 82555 "http://ruepprich.com/ords/f?p=139:LOGIN_DESKTOP:11272804217344:::::" "Mozilla/5.0 (Linux; Android 6.0.1; Nexus 5X Build/MMB29P) AppleWebKit/537.36 (KHTML, like Gecko) Chrome/41.0.2272.96 Mobile Safari/537.36 (compatible; Googlebot/2.1; +http://www.google.com/bot.html)"
66.249.64.159 - - [25/Oct/2016:19:02:57 +0000] "GET /i/libraries/jquery-ui/1.10.4/themes/base/jquery-ui.min.css?v=5.0.4.00.12 HTTP/1.1" 200 25763 "http://ruepprich.com/ords/f?p=139:LOGIN_DESKTOP:11272804217344:::::" "Mozilla/5.0 (Linux; Android 6.0.1; Nexus 5X Build/MMB29P) AppleWebKit/537.36 (KHTML, like Gecko) Chrome/41.0.2272.96 Mobile Safari/537.36 (compatible; Googlebot/2.1; +http://www.google.com/bot.html)"
66.249.64.159 - - [25/Oct/2016:19:02:57 +0000] "GET /i/libraries/font-awesome/4.2.0/css/font-awesome.min.css?v=5.0.4.00.12 HTTP/1.1" 200 21984 "http://ruepprich.com/ords/f?p=139:LOGIN_DESKTOP:11272804217344:::::" "Mozilla/5.0 (Linux; Android 6.0.1; Nexus 5X Build/MMB29P) AppleWebKit/537.36 (KHTML, like Gecko) Chrome/41.0.2272.96 Mobile Safari/537.36 (compatible; Googlebot/2.1; +http://www.google.com/bot.html)"
66.249.64.159 - - [25/Oct/2016:19:02:58 +0000] "GET /i/themes/theme_42/1.0/js/modernizr-custom.min.js?v=5.0.4.00.12 HTTP/1.1" 200 5470 "http://ruepprich.com/ords/f?p=139:LOGIN_DESKTOP:11272804217344:::::" "Mozilla/5.0 (Linux; Android 6.0.1; Nexus 5X Build/MMB29P) AppleWebKit/537.36 (KHTML, like Gecko) Chrome/41.0.2272.96 Mobile Safari/537.36 (compatible; Googlebot/2.1; +http://www.google.com/bot.html)"
66.249.64.159 - - [25/Oct/2016:19:02:59 +0000] "GET /i/themes/theme_42/1.0/css/Core.min.css?v=5.0.4.00.12 HTTP/1.1" 200 216027 "http://ruepprich.com/ords/f?p=139:LOGIN_DESKTOP:11272804217344:::::" "Mozilla/5.0 (Linux; Android 6.0.1; Nexus 5X Build/MMB29P) AppleWebKit/537.36 (KHTML, like Gecko) Chrome/41.0.2272.96 Mobile Safari/537.36 (compatible; Googlebot/2.1; +http://www.google.com/bot.html)"
66.249.64.159 - - [25/Oct/2016:19:02:59 +0000] "GET /i/libraries/apex/minified/widget.stickyWidget.min.js?v=5.0.4.00.12 HTTP/1.1" 200 4382 "http://ruepprich.com/ords/f?p=139:LOGIN_DESKTOP:11272804217344:::::" "Mozilla/5.0 (Linux; Android 6.0.1; Nexus 5X Build/MMB29P) AppleWebKit/537.36 (KHTML, like Gecko) Chrome/41.0.2272.96 Mobile Safari/537.36 (compatible; Googlebot/2.1; +http://www.google.com/bot.html)"
47.187.0.240 - - [25/Oct/2016:19:05:10 +0000] "GET /ords/f?p=139:2:15869427335178::::: HTTP/1.1" 200 - "http://ruepprich.com/ords/f?p=139:LOGIN_DESKTOP:15869427335178:::::" "Mozilla/5.0 (Macintosh; Intel Mac OS X 10_11_6) AppleWebKit/537.36 (KHTML, like Gecko) Chrome/54.0.2840.71 Safari/537.36"
47.187.0.240 - - [25/Oct/2016:19:05:10 +0000] "GET /i/app_ui/css/Core.min.css?v=5.0.4.00.12 HTTP/1.1" 304 - "http://ruepprich.com/ords/f?p=139:2:15869427335178:::::" "Mozilla/5.0 (Macintosh; Intel Mac OS X 10_11_6) AppleWebKit/537.36 (KHTML, like Gecko) Chrome/54.0.2840.71 Safari/537.36"
47.187.0.240 - - [25/Oct/2016:19:05:10 +0000] "GET /i/app_ui/css/Theme-Standard.min.css?v=5.0.4.00.12 HTTP/1.1" 304 - "http://ruepprich.com/ords/f?p=139:2:15869427335178:::::" "Mozilla/5.0 (Macintosh; Intel Mac OS X 10_11_6) AppleWebKit/537.36 (KHTML, like Gecko) Chrome/54.0.2840.71 Safari/537.36"
47.187.0.240 - - [25/Oct/2016:19:05:10 +0000] "GET /i/libraries/jquery-ui/1.10.4/themes/base/jquery-ui.min.css?v=5.0.4.00.12 HTTP/1.1" 304 - "http://ruepprich.com/ords/f?p=139:2:15869427335178:::::" "Mozilla/5.0 (Macintosh; Intel Mac OS X 10_11_6) AppleWebKit/537.36 (KHTML, like Gecko) Chrome/54.0.2840.71 Safari/537.36"
47.187.0.240 - - [25/Oct/2016:19:05:10 +0000] "GET /i/libraries/font-awesome/4.2.0/css/font-awesome.min.css?v=5.0.4.00.12 HTTP/1.1" 304 - "http://ruepprich.com/ords/f?p=139:2:15869427335178:::::" "Mozilla/5.0 (Macintosh; Intel Mac OS X 10_11_6) AppleWebKit/537.36 (KHTML, like Gecko) Chrome/54.0.2840.71 Safari/537.36"
47.187.0.240 - - [25/Oct/2016:19:05:10 +0000] "GET /i/themes/theme_42/1.0/css/Core.min.css?v=5.0.4.00.12 HTTP/1.1" 304 - "http://ruepprich.com/ords/f?p=139:2:15869427335178:::::" "Mozilla/5.0 (Macintosh; Intel Mac OS X 10_11_6) AppleWebKit/537.36 (KHTML, like Gecko) Chrome/54.0.2840.71 Safari/537.36"
47.187.0.240 - - [25/Oct/2016:19:05:10 +0000] "GET /i/themes/theme_42/1.0/css/Vita.min.css?v=5.0.4.00.12 HTTP/1.1" 304 - "http://ruepprich.com/ords/f?p=139:2:15869427335178:::::" "Mozilla/5.0 (Macintosh; Intel Mac OS X 10_11_6) AppleWebKit/537.36 (KHTML, like Gecko) Chrome/54.0.2840.71 Safari/537.36"
66.249.64.163 - - [25/Oct/2016:19:05:10 +0000] "GET /robots.txt HTTP/1.1" 404 23 "-" "Mozilla/5.0 (compatible; Googlebot/2.1; +http://www.google.com/bot.html)"
66.249.64.163 - - [25/Oct/2016:19:05:10 +0000] "GET /ords/f?p=139:2:15869427335178::::: HTTP/1.1" 302 - "-" "Mozilla/5.0 (Linux; Android 6.0.1; Nexus 5X Build/MMB29P) AppleWebKit/537.36 (KHTML, like Gecko) Chrome/41.0.2272.96 Mobile Safari/537.36 (compatible; Googlebot/2.1; +http://www.google.com/bot.html)"
47.187.0.240 - - [25/Oct/2016:19:05:10 +0000] "GET /i/libraries/jquery/2.1.3/jquery-2.1.3.min.js?v=5.0.4.00.12 HTTP/1.1" 304 - "http://ruepprich.com/ords/f?p=139:2:15869427335178:::::" "Mozilla/5.0 (Macintosh; Intel Mac OS X 10_11_6) AppleWebKit/537.36 (KHTML, like Gecko) Chrome/54.0.2840.71 Safari/537.36"
47.187.0.240 - - [25/Oct/2016:19:05:10 +0000] "GET /i/libraries/apex/minified/desktop.min.js?v=5.0.4.00.12 HTTP/1.1" 304 - "http://ruepprich.com/ords/f?p=139:2:15869427335178:::::" "Mozilla/5.0 (Macintosh; Intel Mac OS X 10_11_6) AppleWebKit/537.36 (KHTML, like Gecko) Chrome/54.0.2840.71 Safari/537.36"
47.187.0.240 - - [25/Oct/2016:19:05:10 +0000] "GET /i/libraries/apex/minified/widget.regionDisplaySelector.min.js?v=5.0.4.00.12 HTTP/1.1" 304 - "http://ruepprich.com/ords/f?p=139:2:15869427335178:::::" "Mozilla/5.0 (Macintosh; Intel Mac OS X 10_11_6) AppleWebKit/537.36 (KHTML, like Gecko) Chrome/54.0.2840.71 Safari/537.36"
47.187.0.240 - - [25/Oct/2016:19:05:10 +0000] "GET /i/libraries/apex/minified/widget.stickyWidget.min.js?v=5.0.4.00.12 HTTP/1.1" 304 - "http://ruepprich.com/ords/f?p=139:2:15869427335178:::::" "Mozilla/5.0 (Macintosh; Intel Mac OS X 10_11_6) AppleWebKit/537.36 (KHTML, like Gecko) Chrome/54.0.2840.71 Safari/537.36"
47.187.0.240 - - [25/Oct/2016:19:05:10 +0000] "GET /i/libraries/apex/minified/widget.stickyTableHeader.min.js?v=5.0.4.00.12 HTTP/1.1" 304 - "http://ruepprich.com/ords/f?p=139:2:15869427335178:::::" "Mozilla/5.0 (Macintosh; Intel Mac OS X 10_11_6) AppleWebKit/537.36 (KHTML, like Gecko) Chrome/54.0.2840.71 Safari/537.36"
47.187.0.240 - - [25/Oct/2016:19:05:10 +0000] "GET /i/libraries/apex/minified/tooltipManager.min.js?v=5.0.4.00.12 HTTP/1.1" 304 - "http://ruepprich.com/ords/f?p=139:2:15869427335178:::::" "Mozilla/5.0 (Macintosh; Intel Mac OS X 10_11_6) AppleWebKit/537.36 (KHTML, like Gecko) Chrome/54.0.2840.71 Safari/537.36"
47.187.0.240 - - [25/Oct/2016:19:05:10 +0000] "GET /i/libraries/hammer/2.0.3/hammer.min.js?v=5.0.4.00.12 HTTP/1.1" 304 - "http://ruepprich.com/ords/f?p=139:2:15869427335178:::::" "Mozilla/5.0 (Macintosh; Intel Mac OS X 10_11_6) AppleWebKit/537.36 (KHTML, like Gecko) Chrome/54.0.2840.71 Safari/537.36"
47.187.0.240 - - [25/Oct/2016:19:05:10 +0000] "GET /i/themes/theme_42/1.0/js/modernizr-custom.min.js?v=5.0.4.00.12 HTTP/1.1" 304 - "http://ruepprich.com/ords/f?p=139:2:15869427335178:::::" "Mozilla/5.0 (Macintosh; Intel Mac OS X 10_11_6) AppleWebKit/537.36 (KHTML, like Gecko) Chrome/54.0.2840.71 Safari/537.36"
47.187.0.240 - - [25/Oct/2016:19:05:10 +0000] "GET /i/plugins/com.oracle.apex.carousel/1.0/com.oracle.apex.carousel.min.js?v=5.0.4.00.12 HTTP/1.1" 304 - "http://ruepprich.com/ords/f?p=139:2:15869427335178:::::" "Mozilla/5.0 (Macintosh; Intel Mac OS X 10_11_6) AppleWebKit/537.36 (KHTML, like Gecko) Chrome/54.0.2840.71 Safari/537.36"
47.187.0.240 - - [25/Oct/2016:19:05:10 +0000] "GET /i/themes/theme_42/1.0/js/theme42.min.js?v=5.0.4.00.12 HTTP/1.1" 304 - "http://ruepprich.com/ords/f?p=139:2:15869427335178:::::" "Mozilla/5.0 (Macintosh; Intel Mac OS X 10_11_6) AppleWebKit/537.36 (KHTML, like Gecko) Chrome/54.0.2840.71 Safari/537.36"
47.187.0.240 - - [25/Oct/2016:19:05:10 +0000] "GET /i/socket-io.1.2.0.js?v=5.0.4.00.12 HTTP/1.1" 304 - "http://ruepprich.com/ords/f?p=139:2:15869427335178:::::" "Mozilla/5.0 (Macintosh; Intel Mac OS X 10_11_6) AppleWebKit/537.36 (KHTML, like Gecko) Chrome/54.0.2840.71 Safari/537.36"
47.187.0.240 - - [25/Oct/2016:19:05:10 +0000] "GET /i/libraries/apex/minified/widget.treeView.min.js?v=5.0.4.00.12 HTTP/1.1" 304 - "http://ruepprich.com/ords/f?p=139:2:15869427335178:::::" "Mozilla/5.0 (Macintosh; Intel Mac OS X 10_11_6) AppleWebKit/537.36 (KHTML, like Gecko) Chrome/54.0.2840.71 Safari/537.36"
47.187.0.240 - - [25/Oct/2016:19:05:11 +0000] "GET /i/app_ui/font/apex-5-icon-font.ttf HTTP/1.1" 304 - "http://ruepprich.com/i/app_ui/css/Core.min.css?v=5.0.4.00.12" "Mozilla/5.0 (Macintosh; Intel Mac OS X 10_11_6) AppleWebKit/537.36 (KHTML, like Gecko) Chrome/54.0.2840.71 Safari/537.36"
66.249.64.167 - - [25/Oct/2016:19:05:11 +0000] "GET /ords/f?p=139:LOGIN_DESKTOP:5797025259204::::: HTTP/1.1" 200 - "-" "Mozilla/5.0 (Linux; Android 6.0.1; Nexus 5X Build/MMB29P) AppleWebKit/537.36 (KHTML, like Gecko) Chrome/41.0.2272.96 Mobile Safari/537.36 (compatible; Googlebot/2.1; +http://www.google.com/bot.html)"
47.187.0.240 - - [25/Oct/2016:19:05:11 +0000] "GET /i/favicon.ico HTTP/1.1" 200 18094 "http://ruepprich.com/ords/f?p=139:2:15869427335178:::::" "Mozilla/5.0 (Macintosh; Intel Mac OS X 10_11_6) AppleWebKit/537.36 (KHTML, like Gecko) Chrome/54.0.2840.71 Safari/537.36"
66.249.64.159 - - [25/Oct/2016:19:05:11 +0000] "GET /i/app_ui/css/Core.min.css?v=5.0.4.00.12 HTTP/1.1" 200 82555 "http://ruepprich.com/ords/f?p=139:LOGIN_DESKTOP:5797025259204:::::" "Mozilla/5.0 (Linux; Android 6.0.1; Nexus 5X Build/MMB29P) AppleWebKit/537.36 (KHTML, like Gecko) Chrome/41.0.2272.96 Mobile Safari/537.36 (compatible; Googlebot/2.1; +http://www.google.com/bot.html)"
66.249.64.163 - - [25/Oct/2016:19:05:12 +0000] "GET /i/libraries/jquery-ui/1.10.4/themes/base/jquery-ui.min.css?v=5.0.4.00.12 HTTP/1.1" 200 25763 "http://ruepprich.com/ords/f?p=139:LOGIN_DESKTOP:5797025259204:::::" "Mozilla/5.0 (Linux; Android 6.0.1; Nexus 5X Build/MMB29P) AppleWebKit/537.36 (KHTML, like Gecko) Chrome/41.0.2272.96 Mobile Safari/537.36 (compatible; Googlebot/2.1; +http://www.google.com/bot.html)"
66.249.64.167 - - [25/Oct/2016:19:05:12 +0000] "GET /i/libraries/font-awesome/4.2.0/css/font-awesome.min.css?v=5.0.4.00.12 HTTP/1.1" 200 21984 "http://ruepprich.com/ords/f?p=139:LOGIN_DESKTOP:5797025259204:::::" "Mozilla/5.0 (Linux; Android 6.0.1; Nexus 5X Build/MMB29P) AppleWebKit/537.36 (KHTML, like Gecko) Chrome/41.0.2272.96 Mobile Safari/537.36 (compatible; Googlebot/2.1; +http://www.google.com/bot.html)"
66.249.64.159 - - [25/Oct/2016:19:05:13 +0000] "GET /i/app_ui/css/Theme-Standard.min.css?v=5.0.4.00.12 HTTP/1.1" 200 9697 "http://ruepprich.com/ords/f?p=139:LOGIN_DESKTOP:5797025259204:::::" "Mozilla/5.0 (Linux; Android 6.0.1; Nexus 5X Build/MMB29P) AppleWebKit/537.36 (KHTML, like Gecko) Chrome/41.0.2272.96 Mobile Safari/537.36 (compatible; Googlebot/2.1; +http://www.google.com/bot.html)"
66.249.64.167 - - [25/Oct/2016:19:05:14 +0000] "GET /ords/wwv_flow.js_messages?p_app_id=139&p_lang=en&p_version=5.0.4.00.12-10557778583881 HTTP/1.1" 200 - "http://ruepprich.com/ords/f?p=139:LOGIN_DESKTOP:5797025259204:::::" "Mozilla/5.0 (Linux; Android 6.0.1; Nexus 5X Build/MMB29P) AppleWebKit/537.36 (KHTML, like Gecko) Chrome/41.0.2272.96 Mobile Safari/537.36 (compatible; Googlebot/2.1; +http://www.google.com/bot.html)"
66.249.64.159 - - [25/Oct/2016:19:05:14 +0000] "GET /i/libraries/jquery/2.1.3/jquery-2.1.3.min.js?v=5.0.4.00.12 HTTP/1.1" 200 84320 "http://ruepprich.com/ords/f?p=139:LOGIN_DESKTOP:5797025259204:::::" "Mozilla/5.0 (Linux; Android 6.0.1; Nexus 5X Build/MMB29P) AppleWebKit/537.36 (KHTML, like Gecko) Chrome/41.0.2272.96 Mobile Safari/537.36 (compatible; Googlebot/2.1; +http://www.google.com/bot.html)"
66.249.64.159 - - [25/Oct/2016:19:05:15 +0000] "GET /i/themes/theme_42/1.0/css/Vita.min.css?v=5.0.4.00.12 HTTP/1.1" 200 115270 "http://ruepprich.com/ords/f?p=139:LOGIN_DESKTOP:5797025259204:::::" "Mozilla/5.0 (Linux; Android 6.0.1; Nexus 5X Build/MMB29P) AppleWebKit/537.36 (KHTML, like Gecko) Chrome/41.0.2272.96 Mobile Safari/537.36 (compatible; Googlebot/2.1; +http://www.google.com/bot.html)"
