47.187.0.240 - - [25/Oct/2016:15:39:23 +0000] "GET /ords/f?p=139:2:14194505434823::::: HTTP/1.1" 200 - "-" "Mozilla/5.0 (Macintosh; Intel Mac OS X 10_11_6) AppleWebKit/537.36 (KHTML, like Gecko) Chrome/54.0.2840.71 Safari/537.36"
47.187.0.240 - - [25/Oct/2016:15:39:23 +0000] "GET /i/app_ui/css/Core.min.css?v=5.0.4.00.12 HTTP/1.1" 304 - "http://ruepprich.com/ords/f?p=139:2:14194505434823:::::" "Mozilla/5.0 (Macintosh; Intel Mac OS X 10_11_6) AppleWebKit/537.36 (KHTML, like Gecko) Chrome/54.0.2840.71 Safari/537.36"
47.187.0.240 - - [25/Oct/2016:15:39:23 +0000] "GET /i/app_ui/css/Theme-Standard.min.css?v=5.0.4.00.12 HTTP/1.1" 304 - "http://ruepprich.com/ords/f?p=139:2:14194505434823:::::" "Mozilla/5.0 (Macintosh; Intel Mac OS X 10_11_6) AppleWebKit/537.36 (KHTML, like Gecko) Chrome/54.0.2840.71 Safari/537.36"
47.187.0.240 - - [25/Oct/2016:15:39:23 +0000] "GET /i/libraries/jquery-ui/1.10.4/themes/base/jquery-ui.min.css?v=5.0.4.00.12 HTTP/1.1" 304 - "http://ruepprich.com/ords/f?p=139:2:14194505434823:::::" "Mozilla/5.0 (Macintosh; Intel Mac OS X 10_11_6) AppleWebKit/537.36 (KHTML, like Gecko) Chrome/54.0.2840.71 Safari/537.36"
47.187.0.240 - - [25/Oct/2016:15:39:23 +0000] "GET /i/libraries/font-awesome/4.2.0/css/font-awesome.min.css?v=5.0.4.00.12 HTTP/1.1" 304 - "http://ruepprich.com/ords/f?p=139:2:14194505434823:::::" "Mozilla/5.0 (Macintosh; Intel Mac OS X 10_11_6) AppleWebKit/537.36 (KHTML, like Gecko) Chrome/54.0.2840.71 Safari/537.36"
47.187.0.240 - - [25/Oct/2016:15:39:23 +0000] "GET /i/themes/theme_42/1.0/css/Core.min.css?v=5.0.4.00.12 HTTP/1.1" 304 - "http://ruepprich.com/ords/f?p=139:2:14194505434823:::::" "Mozilla/5.0 (Macintosh; Intel Mac OS X 10_11_6) AppleWebKit/537.36 (KHTML, like Gecko) Chrome/54.0.2840.71 Safari/537.36"
47.187.0.240 - - [25/Oct/2016:15:39:23 +0000] "GET /i/themes/theme_42/1.0/css/Vita.min.css?v=5.0.4.00.12 HTTP/1.1" 304 - "http://ruepprich.com/ords/f?p=139:2:14194505434823:::::" "Mozilla/5.0 (Macintosh; Intel Mac OS X 10_11_6) AppleWebKit/537.36 (KHTML, like Gecko) Chrome/54.0.2840.71 Safari/537.36"
47.187.0.240 - - [25/Oct/2016:15:39:23 +0000] "GET /i/libraries/jquery/2.1.3/jquery-2.1.3.min.js?v=5.0.4.00.12 HTTP/1.1" 304 - "http://ruepprich.com/ords/f?p=139:2:14194505434823:::::" "Mozilla/5.0 (Macintosh; Intel Mac OS X 10_11_6) AppleWebKit/537.36 (KHTML, like Gecko) Chrome/54.0.2840.71 Safari/537.36"
47.187.0.240 - - [25/Oct/2016:15:39:23 +0000] "GET /i/libraries/apex/minified/desktop.min.js?v=5.0.4.00.12 HTTP/1.1" 304 - "http://ruepprich.com/ords/f?p=139:2:14194505434823:::::" "Mozilla/5.0 (Macintosh; Intel Mac OS X 10_11_6) AppleWebKit/537.36 (KHTML, like Gecko) Chrome/54.0.2840.71 Safari/537.36"
47.187.0.240 - - [25/Oct/2016:15:39:23 +0000] "GET /i/libraries/apex/minified/widget.regionDisplaySelector.min.js?v=5.0.4.00.12 HTTP/1.1" 304 - "http://ruepprich.com/ords/f?p=139:2:14194505434823:::::" "Mozilla/5.0 (Macintosh; Intel Mac OS X 10_11_6) AppleWebKit/537.36 (KHTML, like Gecko) Chrome/54.0.2840.71 Safari/537.36"
47.187.0.240 - - [25/Oct/2016:15:39:23 +0000] "GET /i/libraries/apex/minified/widget.stickyWidget.min.js?v=5.0.4.00.12 HTTP/1.1" 304 - "http://ruepprich.com/ords/f?p=139:2:14194505434823:::::" "Mozilla/5.0 (Macintosh; Intel Mac OS X 10_11_6) AppleWebKit/537.36 (KHTML, like Gecko) Chrome/54.0.2840.71 Safari/537.36"
47.187.0.240 - - [25/Oct/2016:15:39:23 +0000] "GET /i/libraries/apex/minified/widget.stickyTableHeader.min.js?v=5.0.4.00.12 HTTP/1.1" 304 - "http://ruepprich.com/ords/f?p=139:2:14194505434823:::::" "Mozilla/5.0 (Macintosh; Intel Mac OS X 10_11_6) AppleWebKit/537.36 (KHTML, like Gecko) Chrome/54.0.2840.71 Safari/537.36"
47.187.0.240 - - [25/Oct/2016:15:39:23 +0000] "GET /i/libraries/apex/minified/tooltipManager.min.js?v=5.0.4.00.12 HTTP/1.1" 304 - "http://ruepprich.com/ords/f?p=139:2:14194505434823:::::" "Mozilla/5.0 (Macintosh; Intel Mac OS X 10_11_6) AppleWebKit/537.36 (KHTML, like Gecko) Chrome/54.0.2840.71 Safari/537.36"
47.187.0.240 - - [25/Oct/2016:15:39:23 +0000] "GET /i/libraries/hammer/2.0.3/hammer.min.js?v=5.0.4.00.12 HTTP/1.1" 304 - "http://ruepprich.com/ords/f?p=139:2:14194505434823:::::" "Mozilla/5.0 (Macintosh; Intel Mac OS X 10_11_6) AppleWebKit/537.36 (KHTML, like Gecko) Chrome/54.0.2840.71 Safari/537.36"
47.187.0.240 - - [25/Oct/2016:15:39:23 +0000] "GET /i/themes/theme_42/1.0/js/modernizr-custom.min.js?v=5.0.4.00.12 HTTP/1.1" 304 - "http://ruepprich.com/ords/f?p=139:2:14194505434823:::::" "Mozilla/5.0 (Macintosh; Intel Mac OS X 10_11_6) AppleWebKit/537.36 (KHTML, like Gecko) Chrome/54.0.2840.71 Safari/537.36"
47.187.0.240 - - [25/Oct/2016:15:39:23 +0000] "GET /i/plugins/com.oracle.apex.carousel/1.0/com.oracle.apex.carousel.min.js?v=5.0.4.00.12 HTTP/1.1" 304 - "http://ruepprich.com/ords/f?p=139:2:14194505434823:::::" "Mozilla/5.0 (Macintosh; Intel Mac OS X 10_11_6) AppleWebKit/537.36 (KHTML, like Gecko) Chrome/54.0.2840.71 Safari/537.36"
66.249.64.159 - - [25/Oct/2016:15:39:23 +0000] "GET /robots.txt HTTP/1.1" 404 23 "-" "Mozilla/5.0 (compatible; Googlebot/2.1; +http://www.google.com/bot.html)"
47.187.0.240 - - [25/Oct/2016:15:39:23 +0000] "GET /i/themes/theme_42/1.0/js/theme42.min.js?v=5.0.4.00.12 HTTP/1.1" 304 - "http://ruepprich.com/ords/f?p=139:2:14194505434823:::::" "Mozilla/5.0 (Macintosh; Intel Mac OS X 10_11_6) AppleWebKit/537.36 (KHTML, like Gecko) Chrome/54.0.2840.71 Safari/537.36"
47.187.0.240 - - [25/Oct/2016:15:39:23 +0000] "GET /i/socket-io.1.2.0.js?v=5.0.4.00.12 HTTP/1.1" 304 - "http://ruepprich.com/ords/f?p=139:2:14194505434823:::::" "Mozilla/5.0 (Macintosh; Intel Mac OS X 10_11_6) AppleWebKit/537.36 (KHTML, like Gecko) Chrome/54.0.2840.71 Safari/537.36"
47.187.0.240 - - [25/Oct/2016:15:39:23 +0000] "GET /ords/wwv_flow.js_messages?p_app_id=139&p_lang=en&p_version=5.0.4.00.12-10557778583881 HTTP/1.1" 200 - "http://ruepprich.com/ords/f?p=139:2:14194505434823:::::" "Mozilla/5.0 (Macintosh; Intel Mac OS X 10_11_6) AppleWebKit/537.36 (KHTML, like Gecko) Chrome/54.0.2840.71 Safari/537.36"
47.187.0.240 - - [25/Oct/2016:15:39:23 +0000] "GET /i/libraries/apex/minified/widget.treeView.min.js?v=5.0.4.00.12 HTTP/1.1" 304 - "http://ruepprich.com/ords/f?p=139:2:14194505434823:::::" "Mozilla/5.0 (Macintosh; Intel Mac OS X 10_11_6) AppleWebKit/537.36 (KHTML, like Gecko) Chrome/54.0.2840.71 Safari/537.36"
66.249.64.167 - - [25/Oct/2016:15:39:23 +0000] "GET /ords/f?p=139:2:14194505434823::::: HTTP/1.1" 302 - "-" "Mozilla/5.0 (Linux; Android 6.0.1; Nexus 5X Build/MMB29P) AppleWebKit/537.36 (KHTML, like Gecko) Chrome/41.0.2272.96 Mobile Safari/537.36 (compatible; Googlebot/2.1; +http://www.google.com/bot.html)"
47.187.0.240 - - [25/Oct/2016:15:39:24 +0000] "GET /i/libraries/font-awesome/4.2.0/fonts/fontawesome-webfont.woff?v=4.2.0 HTTP/1.1" 304 - "http://ruepprich.com/i/libraries/font-awesome/4.2.0/css/font-awesome.min.css?v=5.0.4.00.12" "Mozilla/5.0 (Macintosh; Intel Mac OS X 10_11_6) AppleWebKit/537.36 (KHTML, like Gecko) Chrome/54.0.2840.71 Safari/537.36"
47.187.0.240 - - [25/Oct/2016:15:39:24 +0000] "GET /i/app_ui/font/apex-5-icon-font.ttf HTTP/1.1" 304 - "http://ruepprich.com/i/app_ui/css/Core.min.css?v=5.0.4.00.12" "Mozilla/5.0 (Macintosh; Intel Mac OS X 10_11_6) AppleWebKit/537.36 (KHTML, like Gecko) Chrome/54.0.2840.71 Safari/537.36"
66.249.64.167 - - [25/Oct/2016:15:39:24 +0000] "GET /ords/f?p=139:LOGIN_DESKTOP:11214084930239::::: HTTP/1.1" 200 - "-" "Mozilla/5.0 (Linux; Android 6.0.1; Nexus 5X Build/MMB29P) AppleWebKit/537.36 (KHTML, like Gecko) Chrome/41.0.2272.96 Mobile Safari/537.36 (compatible; Googlebot/2.1; +http://www.google.com/bot.html)"
47.187.0.240 - - [25/Oct/2016:15:39:24 +0000] "GET /i/favicon-32x32.png HTTP/1.1" 304 - "http://ruepprich.com/ords/f?p=139:2:14194505434823:::::" "Mozilla/5.0 (Macintosh; Intel Mac OS X 10_11_6) AppleWebKit/537.36 (KHTML, like Gecko) Chrome/54.0.2840.71 Safari/537.36"
47.187.0.240 - - [25/Oct/2016:15:39:24 +0000] "GET /i/favicon-16x16.png HTTP/1.1" 304 - "http://ruepprich.com/ords/f?p=139:2:14194505434823:::::" "Mozilla/5.0 (Macintosh; Intel Mac OS X 10_11_6) AppleWebKit/537.36 (KHTML, like Gecko) Chrome/54.0.2840.71 Safari/537.36"
66.249.64.163 - - [25/Oct/2016:15:39:25 +0000] "GET /i/themes/theme_42/1.0/css/Vita.min.css?v=5.0.4.00.12 HTTP/1.1" 200 115270 "http://ruepprich.com/ords/f?p=139:LOGIN_DESKTOP:11214084930239:::::" "Mozilla/5.0 (Linux; Android 6.0.1; Nexus 5X Build/MMB29P) AppleWebKit/537.36 (KHTML, like Gecko) Chrome/41.0.2272.96 Mobile Safari/537.36 (compatible; Googlebot/2.1; +http://www.google.com/bot.html)"
66.249.64.159 - - [25/Oct/2016:15:39:25 +0000] "GET /i/app_ui/css/Theme-Standard.min.css?v=5.0.4.00.12 HTTP/1.1" 200 9697 "http://ruepprich.com/ords/f?p=139:LOGIN_DESKTOP:11214084930239:::::" "Mozilla/5.0 (Linux; Android 6.0.1; Nexus 5X Build/MMB29P) AppleWebKit/537.36 (KHTML, like Gecko) Chrome/41.0.2272.96 Mobile Safari/537.36 (compatible; Googlebot/2.1; +http://www.google.com/bot.html)"
66.249.64.159 - - [25/Oct/2016:15:39:25 +0000] "GET /i/libraries/font-awesome/4.2.0/css/font-awesome.min.css?v=5.0.4.00.12 HTTP/1.1" 200 21984 "http://ruepprich.com/ords/f?p=139:LOGIN_DESKTOP:11214084930239:::::" "Mozilla/5.0 (Linux; Android 6.0.1; Nexus 5X Build/MMB29P) AppleWebKit/537.36 (KHTML, like Gecko) Chrome/41.0.2272.96 Mobile Safari/537.36 (compatible; Googlebot/2.1; +http://www.google.com/bot.html)"
66.249.64.167 - - [25/Oct/2016:15:39:26 +0000] "GET /i/libraries/apex/minified/desktop.min.js?v=5.0.4.00.12 HTTP/1.1" 200 302410 "http://ruepprich.com/ords/f?p=139:LOGIN_DESKTOP:11214084930239:::::" "Mozilla/5.0 (Linux; Android 6.0.1; Nexus 5X Build/MMB29P) AppleWebKit/537.36 (KHTML, like Gecko) Chrome/41.0.2272.96 Mobile Safari/537.36 (compatible; Googlebot/2.1; +http://www.google.com/bot.html)"
66.249.64.167 - - [25/Oct/2016:15:39:26 +0000] "GET /i/themes/theme_42/1.0/css/Core.min.css?v=5.0.4.00.12 HTTP/1.1" 200 216027 "http://ruepprich.com/ords/f?p=139:LOGIN_DESKTOP:11214084930239:::::" "Mozilla/5.0 (Linux; Android 6.0.1; Nexus 5X Build/MMB29P) AppleWebKit/537.36 (KHTML, like Gecko) Chrome/41.0.2272.96 Mobile Safari/537.36 (compatible; Googlebot/2.1; +http://www.google.com/bot.html)"
66.249.64.159 - - [25/Oct/2016:15:39:27 +0000] "GET /i/libraries/apex/minified/widget.regionDisplaySelector.min.js?v=5.0.4.00.12 HTTP/1.1" 200 12828 "http://ruepprich.com/ords/f?p=139:LOGIN_DESKTOP:11214084930239:::::" "Mozilla/5.0 (Linux; Android 6.0.1; Nexus 5X Build/MMB29P) AppleWebKit/537.36 (KHTML, like Gecko) Chrome/41.0.2272.96 Mobile Safari/537.36 (compatible; Googlebot/2.1; +http://www.google.com/bot.html)"
66.249.64.163 - - [25/Oct/2016:15:39:27 +0000] "GET /i/themes/theme_42/1.0/js/theme42.min.js?v=5.0.4.00.12 HTTP/1.1" 200 24157 "http://ruepprich.com/ords/f?p=139:LOGIN_DESKTOP:11214084930239:::::" "Mozilla/5.0 (Linux; Android 6.0.1; Nexus 5X Build/MMB29P) AppleWebKit/537.36 (KHTML, like Gecko) Chrome/41.0.2272.96 Mobile Safari/537.36 (compatible; Googlebot/2.1; +http://www.google.com/bot.html)"
66.249.64.159 - - [25/Oct/2016:15:39:28 +0000] "GET /i/app_ui/css/Core.min.css?v=5.0.4.00.12 HTTP/1.1" 200 82555 "http://ruepprich.com/ords/f?p=139:LOGIN_DESKTOP:11214084930239:::::" "Mozilla/5.0 (Linux; Android 6.0.1; Nexus 5X Build/MMB29P) AppleWebKit/537.36 (KHTML, like Gecko) Chrome/41.0.2272.96 Mobile Safari/537.36 (compatible; Googlebot/2.1; +http://www.google.com/bot.html)"
66.249.64.163 - - [25/Oct/2016:15:39:29 +0000] "GET /ords/wwv_flow.js_messages?p_app_id=139&p_lang=en&p_version=5.0.4.00.12-10557778583881 HTTP/1.1" 200 - "http://ruepprich.com/ords/f?p=139:LOGIN_DESKTOP:11214084930239:::::" "Mozilla/5.0 (Linux; Android 6.0.1; Nexus 5X Build/MMB29P) AppleWebKit/537.36 (KHTML, like Gecko) Chrome/41.0.2272.96 Mobile Safari/537.36 (compatible; Googlebot/2.1; +http://www.google.com/bot.html)"
66.249.64.159 - - [25/Oct/2016:15:39:29 +0000] "GET /i/plugins/com.oracle.apex.carousel/1.0/com.oracle.apex.carousel.min.js?v=5.0.4.00.12 HTTP/1.1" 200 3644 "http://ruepprich.com/ords/f?p=139:LOGIN_DESKTOP:11214084930239:::::" "Mozilla/5.0 (Linux; Android 6.0.1; Nexus 5X Build/MMB29P) AppleWebKit/537.36 (KHTML, like Gecko) Chrome/41.0.2272.96 Mobile Safari/537.36 (compatible; Googlebot/2.1; +http://www.google.com/bot.html)"
66.249.64.163 - - [25/Oct/2016:15:39:30 +0000] "GET /i/libraries/jquery-ui/1.10.4/themes/base/jquery-ui.min.css?v=5.0.4.00.12 HTTP/1.1" 200 25763 "http://ruepprich.com/ords/f?p=139:LOGIN_DESKTOP:11214084930239:::::" "Mozilla/5.0 (Linux; Android 6.0.1; Nexus 5X Build/MMB29P) AppleWebKit/537.36 (KHTML, like Gecko) Chrome/41.0.2272.96 Mobile Safari/537.36 (compatible; Googlebot/2.1; +http://www.google.com/bot.html)"
66.249.64.159 - - [25/Oct/2016:15:39:30 +0000] "GET /i/libraries/apex/minified/widget.stickyWidget.min.js?v=5.0.4.00.12 HTTP/1.1" 200 4382 "http://ruepprich.com/ords/f?p=139:LOGIN_DESKTOP:11214084930239:::::" "Mozilla/5.0 (Linux; Android 6.0.1; Nexus 5X Build/MMB29P) AppleWebKit/537.36 (KHTML, like Gecko) Chrome/41.0.2272.96 Mobile Safari/537.36 (compatible; Googlebot/2.1; +http://www.google.com/bot.html)"
66.249.64.159 - - [25/Oct/2016:15:39:31 +0000] "GET /i/libraries/apex/minified/tooltipManager.min.js?v=5.0.4.00.12 HTTP/1.1" 200 966 "http://ruepprich.com/ords/f?p=139:LOGIN_DESKTOP:11214084930239:::::" "Mozilla/5.0 (Linux; Android 6.0.1; Nexus 5X Build/MMB29P) AppleWebKit/537.36 (KHTML, like Gecko) Chrome/41.0.2272.96 Mobile Safari/537.36 (compatible; Googlebot/2.1; +http://www.google.com/bot.html)"
66.249.64.163 - - [25/Oct/2016:15:39:31 +0000] "GET /i/libraries/jquery/2.1.3/jquery-2.1.3.min.js?v=5.0.4.00.12 HTTP/1.1" 200 84320 "http://ruepprich.com/ords/f?p=139:LOGIN_DESKTOP:11214084930239:::::" "Mozilla/5.0 (Linux; Android 6.0.1; Nexus 5X Build/MMB29P) AppleWebKit/537.36 (KHTML, like Gecko) Chrome/41.0.2272.96 Mobile Safari/537.36 (compatible; Googlebot/2.1; +http://www.google.com/bot.html)"
66.249.64.159 - - [25/Oct/2016:15:39:32 +0000] "GET /i/themes/theme_42/1.0/js/modernizr-custom.min.js?v=5.0.4.00.12 HTTP/1.1" 200 5470 "http://ruepprich.com/ords/f?p=139:LOGIN_DESKTOP:11214084930239:::::" "Mozilla/5.0 (Linux; Android 6.0.1; Nexus 5X Build/MMB29P) AppleWebKit/537.36 (KHTML, like Gecko) Chrome/41.0.2272.96 Mobile Safari/537.36 (compatible; Googlebot/2.1; +http://www.google.com/bot.html)"
66.249.64.159 - - [25/Oct/2016:15:39:32 +0000] "GET /i/libraries/apex/minified/widget.stickyTableHeader.min.js?v=5.0.4.00.12 HTTP/1.1" 200 4722 "http://ruepprich.com/ords/f?p=139:LOGIN_DESKTOP:11214084930239:::::" "Mozilla/5.0 (Linux; Android 6.0.1; Nexus 5X Build/MMB29P) AppleWebKit/537.36 (KHTML, like Gecko) Chrome/41.0.2272.96 Mobile Safari/537.36 (compatible; Googlebot/2.1; +http://www.google.com/bot.html)"
66.249.64.159 - - [25/Oct/2016:15:39:33 +0000] "GET /i/libraries/hammer/2.0.3/hammer.min.js?v=5.0.4.00.12 HTTP/1.1" 200 29352 "http://ruepprich.com/ords/f?p=139:LOGIN_DESKTOP:11214084930239:::::" "Mozilla/5.0 (Linux; Android 6.0.1; Nexus 5X Build/MMB29P) AppleWebKit/537.36 (KHTML, like Gecko) Chrome/41.0.2272.96 Mobile Safari/537.36 (compatible; Googlebot/2.1; +http://www.google.com/bot.html)"
47.187.0.240 - - [25/Oct/2016:18:58:38 +0000] "GET / HTTP/1.1" 302 66 "-" "Mozilla/5.0 (Macintosh; Intel Mac OS X 10_11_6) AppleWebKit/537.36 (KHTML, like Gecko) Chrome/54.0.2840.71 Safari/537.36"
47.187.0.240 - - [25/Oct/2016:18:58:38 +0000] "GET /ords HTTP/1.1" 301 - "-" "Mozilla/5.0 (Macintosh; Intel Mac OS X 10_11_6) AppleWebKit/537.36 (KHTML, like Gecko) Chrome/54.0.2840.71 Safari/537.36"
47.187.0.240 - - [25/Oct/2016:18:58:38 +0000] "GET /ords/ HTTP/1.1" 302 - "-" "Mozilla/5.0 (Macintosh; Intel Mac OS X 10_11_6) AppleWebKit/537.36 (KHTML, like Gecko) Chrome/54.0.2840.71 Safari/537.36"
47.187.0.240 - - [25/Oct/2016:18:58:38 +0000] "GET /ords/f?p=4550:1:10729285668646::::: HTTP/1.1" 200 - "-" "Mozilla/5.0 (Macintosh; Intel Mac OS X 10_11_6) AppleWebKit/537.36 (KHTML, like Gecko) Chrome/54.0.2840.71 Safari/537.36"
47.187.0.240 - - [25/Oct/2016:18:58:38 +0000] "GET /i/app_ui/css/Core.min.css?v=5.0.4.00.12 HTTP/1.1" 404 52 "http://ruepprich.com/ords/f?p=4550:1:10729285668646:::::" "Mozilla/5.0 (Macintosh; Intel Mac OS X 10_11_6) AppleWebKit/537.36 (KHTML, like Gecko) Chrome/54.0.2840.71 Safari/537.36"
47.187.0.240 - - [25/Oct/2016:18:58:38 +0000] "GET /i/app_ui/css/Theme-Standard.min.css?v=5.0.4.00.12 HTTP/1.1" 404 62 "http://ruepprich.com/ords/f?p=4550:1:10729285668646:::::" "Mozilla/5.0 (Macintosh; Intel Mac OS X 10_11_6) AppleWebKit/537.36 (KHTML, like Gecko) Chrome/54.0.2840.71 Safari/537.36"
47.187.0.240 - - [25/Oct/2016:18:58:38 +0000] "GET /i/css/apex_builder.min.css?v=5.0.4.00.12 HTTP/1.1" 404 53 "http://ruepprich.com/ords/f?p=4550:1:10729285668646:::::" "Mozilla/5.0 (Macintosh; Intel Mac OS X 10_11_6) AppleWebKit/537.36 (KHTML, like Gecko) Chrome/54.0.2840.71 Safari/537.36"
47.187.0.240 - - [25/Oct/2016:18:58:38 +0000] "GET /i/css/apex_ui.min.css?v=5.0.4.00.12 HTTP/1.1" 404 48 "http://ruepprich.com/ords/f?p=4550:1:10729285668646:::::" "Mozilla/5.0 (Macintosh; Intel Mac OS X 10_11_6) AppleWebKit/537.36 (KHTML, like Gecko) Chrome/54.0.2840.71 Safari/537.36"
47.187.0.240 - - [25/Oct/2016:18:58:38 +0000] "GET /i/apex_ui/css/Core.min.css?v=5.0.4.00.12 HTTP/1.1" 404 53 "http://ruepprich.com/ords/f?p=4550:1:10729285668646:::::" "Mozilla/5.0 (Macintosh; Intel Mac OS X 10_11_6) AppleWebKit/537.36 (KHTML, like Gecko) Chrome/54.0.2840.71 Safari/537.36"
47.187.0.240 - - [25/Oct/2016:18:58:38 +0000] "GET /i/apex_ui/css/Theme-Standard.min.css?v=5.0.4.00.12 HTTP/1.1" 404 63 "http://ruepprich.com/ords/f?p=4550:1:10729285668646:::::" "Mozilla/5.0 (Macintosh; Intel Mac OS X 10_11_6) AppleWebKit/537.36 (KHTML, like Gecko) Chrome/54.0.2840.71 Safari/537.36"
47.187.0.240 - - [25/Oct/2016:18:58:38 +0000] "GET /i/apex_version.js?v=5.0.4.00.12 HTTP/1.1" 404 44 "http://ruepprich.com/ords/f?p=4550:1:10729285668646:::::" "Mozilla/5.0 (Macintosh; Intel Mac OS X 10_11_6) AppleWebKit/537.36 (KHTML, like Gecko) Chrome/54.0.2840.71 Safari/537.36"
47.187.0.240 - - [25/Oct/2016:18:58:41 +0000] "GET /public/ HTTP/1.1" 404 20 "-" "Mozilla/5.0 (Macintosh; Intel Mac OS X 10_11_6) AppleWebKit/537.36 (KHTML, like Gecko) Chrome/54.0.2840.71 Safari/537.36"
47.187.0.240 - - [25/Oct/2016:18:58:42 +0000] "GET /favicon.ico HTTP/1.1" 404 24 "https://ruepprich.com/public/" "Mozilla/5.0 (Macintosh; Intel Mac OS X 10_11_6) AppleWebKit/537.36 (KHTML, like Gecko) Chrome/54.0.2840.71 Safari/537.36"
66.249.64.156 - - [25/Oct/2016:18:58:42 +0000] "GET /robots.txt HTTP/1.1" 404 23 "-" "Mozilla/5.0 (compatible; Googlebot/2.1; +http://www.google.com/bot.html)"
66.249.64.152 - - [25/Oct/2016:18:58:42 +0000] "GET /public/ HTTP/1.1" 404 20 "-" "Mozilla/5.0 (Linux; Android 6.0.1; Nexus 5X Build/MMB29P) AppleWebKit/537.36 (KHTML, like Gecko) Chrome/41.0.2272.96 Mobile Safari/537.36 (compatible; Googlebot/2.1; +http://www.google.com/bot.html)"
47.187.0.240 - - [25/Oct/2016:18:58:47 +0000] "GET /public/ HTTP/1.1" 404 20 "-" "Mozilla/5.0 (Macintosh; Intel Mac OS X 10_11_6) AppleWebKit/537.36 (KHTML, like Gecko) Chrome/54.0.2840.71 Safari/537.36"
66.249.64.156 - - [25/Oct/2016:18:58:47 +0000] "GET /public/ HTTP/1.1" 404 20 "-" "Mozilla/5.0 (Linux; Android 6.0.1; Nexus 5X Build/MMB29P) AppleWebKit/537.36 (KHTML, like Gecko) Chrome/41.0.2272.96 Mobile Safari/537.36 (compatible; Googlebot/2.1; +http://www.google.com/bot.html)"
66.249.64.152 - - [25/Oct/2016:18:58:48 +0000] "GET /public/ HTTP/1.1" 404 20 "-" "Mozilla/5.0 (Linux; Android 6.0.1; Nexus 5X Build/MMB29P) AppleWebKit/537.36 (KHTML, like Gecko) Chrome/41.0.2272.96 Mobile Safari/537.36 (compatible; Googlebot/2.1; +http://www.google.com/bot.html)"
47.187.0.240 - - [25/Oct/2016:18:59:00 +0000] "GET /ords/f?p=139:2:14194505434823::::: HTTP/1.1" 302 - "-" "Mozilla/5.0 (Macintosh; Intel Mac OS X 10_11_6) AppleWebKit/537.36 (KHTML, like Gecko) Chrome/54.0.2840.71 Safari/537.36"
47.187.0.240 - - [25/Oct/2016:18:59:00 +0000] "GET /ords/f?p=139:LOGIN_DESKTOP:14360555235950::::: HTTP/1.1" 200 - "-" "Mozilla/5.0 (Macintosh; Intel Mac OS X 10_11_6) AppleWebKit/537.36 (KHTML, like Gecko) Chrome/54.0.2840.71 Safari/537.36"
47.187.0.240 - - [25/Oct/2016:18:59:00 +0000] "GET /i/app_ui/css/Core.min.css?v=5.0.4.00.12 HTTP/1.1" 404 52 "http://ruepprich.com/ords/f?p=139:LOGIN_DESKTOP:14360555235950:::::" "Mozilla/5.0 (Macintosh; Intel Mac OS X 10_11_6) AppleWebKit/537.36 (KHTML, like Gecko) Chrome/54.0.2840.71 Safari/537.36"
47.187.0.240 - - [25/Oct/2016:18:59:00 +0000] "GET /i/app_ui/css/Theme-Standard.min.css?v=5.0.4.00.12 HTTP/1.1" 404 62 "http://ruepprich.com/ords/f?p=139:LOGIN_DESKTOP:14360555235950:::::" "Mozilla/5.0 (Macintosh; Intel Mac OS X 10_11_6) AppleWebKit/537.36 (KHTML, like Gecko) Chrome/54.0.2840.71 Safari/537.36"
47.187.0.240 - - [25/Oct/2016:18:59:00 +0000] "GET /i/libraries/jquery-ui/1.10.4/themes/base/jquery-ui.min.css?v=5.0.4.00.12 HTTP/1.1" 404 85 "http://ruepprich.com/ords/f?p=139:LOGIN_DESKTOP:14360555235950:::::" "Mozilla/5.0 (Macintosh; Intel Mac OS X 10_11_6) AppleWebKit/537.36 (KHTML, like Gecko) Chrome/54.0.2840.71 Safari/537.36"
47.187.0.240 - - [25/Oct/2016:18:59:00 +0000] "GET /i/libraries/font-awesome/4.2.0/css/font-awesome.min.css?v=5.0.4.00.12 HTTP/1.1" 404 82 "http://ruepprich.com/ords/f?p=139:LOGIN_DESKTOP:14360555235950:::::" "Mozilla/5.0 (Macintosh; Intel Mac OS X 10_11_6) AppleWebKit/537.36 (KHTML, like Gecko) Chrome/54.0.2840.71 Safari/537.36"
47.187.0.240 - - [25/Oct/2016:18:59:00 +0000] "GET /i/themes/theme_42/1.0/css/Core.min.css?v=5.0.4.00.12 HTTP/1.1" 404 65 "http://ruepprich.com/ords/f?p=139:LOGIN_DESKTOP:14360555235950:::::" "Mozilla/5.0 (Macintosh; Intel Mac OS X 10_11_6) AppleWebKit/537.36 (KHTML, like Gecko) Chrome/54.0.2840.71 Safari/537.36"
47.187.0.240 - - [25/Oct/2016:18:59:00 +0000] "GET /i/themes/theme_42/1.0/css/Vita.min.css?v=5.0.4.00.12 HTTP/1.1" 404 65 "http://ruepprich.com/ords/f?p=139:LOGIN_DESKTOP:14360555235950:::::" "Mozilla/5.0 (Macintosh; Intel Mac OS X 10_11_6) AppleWebKit/537.36 (KHTML, like Gecko) Chrome/54.0.2840.71 Safari/537.36"
66.249.64.167 - - [25/Oct/2016:18:59:00 +0000] "GET /robots.txt HTTP/1.1" 404 23 "-" "Mozilla/5.0 (compatible; Googlebot/2.1; +http://www.google.com/bot.html)"
66.249.64.159 - - [25/Oct/2016:18:59:00 +0000] "GET /ords/f?p=139:LOGIN_DESKTOP:14360555235950::::: HTTP/1.1" 302 - "-" "Mozilla/5.0 (Linux; Android 6.0.1; Nexus 5X Build/MMB29P) AppleWebKit/537.36 (KHTML, like Gecko) Chrome/41.0.2272.96 Mobile Safari/537.36 (compatible; Googlebot/2.1; +http://www.google.com/bot.html)"
47.187.0.240 - - [25/Oct/2016:18:59:00 +0000] "GET /i/libraries/jquery/2.1.3/jquery-2.1.3.min.js?v=5.0.4.00.12 HTTP/1.1" 404 71 "http://ruepprich.com/ords/f?p=139:LOGIN_DESKTOP:14360555235950:::::" "Mozilla/5.0 (Macintosh; Intel Mac OS X 10_11_6) AppleWebKit/537.36 (KHTML, like Gecko) Chrome/54.0.2840.71 Safari/537.36"
47.187.0.240 - - [25/Oct/2016:18:59:00 +0000] "GET /i/libraries/apex/minified/desktop.min.js?v=5.0.4.00.12 HTTP/1.1" 404 67 "http://ruepprich.com/ords/f?p=139:LOGIN_DESKTOP:14360555235950:::::" "Mozilla/5.0 (Macintosh; Intel Mac OS X 10_11_6) AppleWebKit/537.36 (KHTML, like Gecko) Chrome/54.0.2840.71 Safari/537.36"
47.187.0.240 - - [25/Oct/2016:18:59:00 +0000] "GET /i/libraries/apex/minified/widget.regionDisplaySelector.min.js?v=5.0.4.00.12 HTTP/1.1" 404 88 "http://ruepprich.com/ords/f?p=139:LOGIN_DESKTOP:14360555235950:::::" "Mozilla/5.0 (Macintosh; Intel Mac OS X 10_11_6) AppleWebKit/537.36 (KHTML, like Gecko) Chrome/54.0.2840.71 Safari/537.36"
47.187.0.240 - - [25/Oct/2016:18:59:00 +0000] "GET /i/libraries/apex/minified/widget.stickyWidget.min.js?v=5.0.4.00.12 HTTP/1.1" 404 79 "http://ruepprich.com/ords/f?p=139:LOGIN_DESKTOP:14360555235950:::::" "Mozilla/5.0 (Macintosh; Intel Mac OS X 10_11_6) AppleWebKit/537.36 (KHTML, like Gecko) Chrome/54.0.2840.71 Safari/537.36"
47.187.0.240 - - [25/Oct/2016:18:59:00 +0000] "GET /i/libraries/apex/minified/tooltipManager.min.js?v=5.0.4.00.12 HTTP/1.1" 404 74 "http://ruepprich.com/ords/f?p=139:LOGIN_DESKTOP:14360555235950:::::" "Mozilla/5.0 (Macintosh; Intel Mac OS X 10_11_6) AppleWebKit/537.36 (KHTML, like Gecko) Chrome/54.0.2840.71 Safari/537.36"
47.187.0.240 - - [25/Oct/2016:18:59:00 +0000] "GET /i/plugins/com.oracle.apex.carousel/1.0/com.oracle.apex.carousel.min.js?v=5.0.4.00.12 HTTP/1.1" 404 97 "http://ruepprich.com/ords/f?p=139:LOGIN_DESKTOP:14360555235950:::::" "Mozilla/5.0 (Macintosh; Intel Mac OS X 10_11_6) AppleWebKit/537.36 (KHTML, like Gecko) Chrome/54.0.2840.71 Safari/537.36"
47.187.0.240 - - [25/Oct/2016:18:59:00 +0000] "GET /i/libraries/hammer/2.0.3/hammer.min.js?v=5.0.4.00.12 HTTP/1.1" 404 65 "http://ruepprich.com/ords/f?p=139:LOGIN_DESKTOP:14360555235950:::::" "Mozilla/5.0 (Macintosh; Intel Mac OS X 10_11_6) AppleWebKit/537.36 (KHTML, like Gecko) Chrome/54.0.2840.71 Safari/537.36"
47.187.0.240 - - [25/Oct/2016:18:59:00 +0000] "GET /i/themes/theme_42/1.0/js/modernizr-custom.min.js?v=5.0.4.00.12 HTTP/1.1" 404 75 "http://ruepprich.com/ords/f?p=139:LOGIN_DESKTOP:14360555235950:::::" "Mozilla/5.0 (Macintosh; Intel Mac OS X 10_11_6) AppleWebKit/537.36 (KHTML, like Gecko) Chrome/54.0.2840.71 Safari/537.36"
47.187.0.240 - - [25/Oct/2016:18:59:00 +0000] "GET /i/libraries/apex/minified/widget.stickyTableHeader.min.js?v=5.0.4.00.12 HTTP/1.1" 404 84 "http://ruepprich.com/ords/f?p=139:LOGIN_DESKTOP:14360555235950:::::" "Mozilla/5.0 (Macintosh; Intel Mac OS X 10_11_6) AppleWebKit/537.36 (KHTML, like Gecko) Chrome/54.0.2840.71 Safari/537.36"
47.187.0.240 - - [25/Oct/2016:18:59:00 +0000] "GET /i/themes/theme_42/1.0/js/theme42.min.js?v=5.0.4.00.12 HTTP/1.1" 404 66 "http://ruepprich.com/ords/f?p=139:LOGIN_DESKTOP:14360555235950:::::" "Mozilla/5.0 (Macintosh; Intel Mac OS X 10_11_6) AppleWebKit/537.36 (KHTML, like Gecko) Chrome/54.0.2840.71 Safari/537.36"
47.187.0.240 - - [25/Oct/2016:18:59:00 +0000] "GET /i/libraries/apex/minified/tooltipManager.min.js?v=5.0.4.00.12 HTTP/1.1" 404 74 "http://ruepprich.com/ords/f?p=139:LOGIN_DESKTOP:14360555235950:::::" "Mozilla/5.0 (Macintosh; Intel Mac OS X 10_11_6) AppleWebKit/537.36 (KHTML, like Gecko) Chrome/54.0.2840.71 Safari/537.36"
47.187.0.240 - - [25/Oct/2016:18:59:00 +0000] "GET /i/libraries/hammer/2.0.3/hammer.min.js?v=5.0.4.00.12 HTTP/1.1" 404 65 "http://ruepprich.com/ords/f?p=139:LOGIN_DESKTOP:14360555235950:::::" "Mozilla/5.0 (Macintosh; Intel Mac OS X 10_11_6) AppleWebKit/537.36 (KHTML, like Gecko) Chrome/54.0.2840.71 Safari/537.36"
47.187.0.240 - - [25/Oct/2016:18:59:00 +0000] "GET /i/themes/theme_42/1.0/js/modernizr-custom.min.js?v=5.0.4.00.12 HTTP/1.1" 404 75 "http://ruepprich.com/ords/f?p=139:LOGIN_DESKTOP:14360555235950:::::" "Mozilla/5.0 (Macintosh; Intel Mac OS X 10_11_6) AppleWebKit/537.36 (KHTML, like Gecko) Chrome/54.0.2840.71 Safari/537.36"
47.187.0.240 - - [25/Oct/2016:18:59:00 +0000] "GET /i/plugins/com.oracle.apex.carousel/1.0/com.oracle.apex.carousel.min.js?v=5.0.4.00.12 HTTP/1.1" 404 97 "http://ruepprich.com/ords/f?p=139:LOGIN_DESKTOP:14360555235950:::::" "Mozilla/5.0 (Macintosh; Intel Mac OS X 10_11_6) AppleWebKit/537.36 (KHTML, like Gecko) Chrome/54.0.2840.71 Safari/537.36"
47.187.0.240 - - [25/Oct/2016:18:59:00 +0000] "GET /i/themes/theme_42/1.0/js/theme42.min.js?v=5.0.4.00.12 HTTP/1.1" 404 66 "http://ruepprich.com/ords/f?p=139:LOGIN_DESKTOP:14360555235950:::::" "Mozilla/5.0 (Macintosh; Intel Mac OS X 10_11_6) AppleWebKit/537.36 (KHTML, like Gecko) Chrome/54.0.2840.71 Safari/537.36"
66.249.64.159 - - [25/Oct/2016:18:59:01 +0000] "GET /ords/f?p=139:2:4666551420030::::: HTTP/1.1" 302 - "-" "Mozilla/5.0 (Linux; Android 6.0.1; Nexus 5X Build/MMB29P) AppleWebKit/537.36 (KHTML, like Gecko) Chrome/41.0.2272.96 Mobile Safari/537.36 (compatible; Googlebot/2.1; +http://www.google.com/bot.html)"
47.187.0.240 - - [25/Oct/2016:18:59:01 +0000] "GET /i/favicon-32x32.png HTTP/1.1" 404 32 "http://ruepprich.com/ords/f?p=139:LOGIN_DESKTOP:14360555235950:::::" "Mozilla/5.0 (Macintosh; Intel Mac OS X 10_11_6) AppleWebKit/537.36 (KHTML, like Gecko) Chrome/54.0.2840.71 Safari/537.36"
47.187.0.240 - - [25/Oct/2016:18:59:01 +0000] "GET /i/favicon-16x16.png HTTP/1.1" 404 32 "http://ruepprich.com/ords/f?p=139:LOGIN_DESKTOP:14360555235950:::::" "Mozilla/5.0 (Macintosh; Intel Mac OS X 10_11_6) AppleWebKit/537.36 (KHTML, like Gecko) Chrome/54.0.2840.71 Safari/537.36"
66.249.64.163 - - [25/Oct/2016:18:59:01 +0000] "GET /ords/f?p=139:LOGIN_DESKTOP:4666551420030::::: HTTP/1.1" 200 - "-" "Mozilla/5.0 (Linux; Android 6.0.1; Nexus 5X Build/MMB29P) AppleWebKit/537.36 (KHTML, like Gecko) Chrome/41.0.2272.96 Mobile Safari/537.36 (compatible; Googlebot/2.1; +http://www.google.com/bot.html)"
66.249.64.163 - - [25/Oct/2016:18:59:01 +0000] "GET /i/libraries/apex/minified/desktop.min.js?v=5.0.4.00.12 HTTP/1.1" 404 67 "http://ruepprich.com/ords/f?p=139:LOGIN_DESKTOP:4666551420030:::::" "Mozilla/5.0 (Linux; Android 6.0.1; Nexus 5X Build/MMB29P) AppleWebKit/537.36 (KHTML, like Gecko) Chrome/41.0.2272.96 Mobile Safari/537.36 (compatible; Googlebot/2.1; +http://www.google.com/bot.html)"
66.249.64.167 - - [25/Oct/2016:18:59:02 +0000] "GET /i/libraries/jquery-ui/1.10.4/themes/base/jquery-ui.min.css?v=5.0.4.00.12 HTTP/1.1" 404 85 "http://ruepprich.com/ords/f?p=139:LOGIN_DESKTOP:4666551420030:::::" "Mozilla/5.0 (Linux; Android 6.0.1; Nexus 5X Build/MMB29P) AppleWebKit/537.36 (KHTML, like Gecko) Chrome/41.0.2272.96 Mobile Safari/537.36 (compatible; Googlebot/2.1; +http://www.google.com/bot.html)"
66.249.64.163 - - [25/Oct/2016:18:59:02 +0000] "GET /i/themes/theme_42/1.0/css/Vita.min.css?v=5.0.4.00.12 HTTP/1.1" 404 65 "http://ruepprich.com/ords/f?p=139:LOGIN_DESKTOP:4666551420030:::::" "Mozilla/5.0 (Linux; Android 6.0.1; Nexus 5X Build/MMB29P) AppleWebKit/537.36 (KHTML, like Gecko) Chrome/41.0.2272.96 Mobile Safari/537.36 (compatible; Googlebot/2.1; +http://www.google.com/bot.html)"
66.249.64.167 - - [25/Oct/2016:18:59:03 +0000] "GET /i/libraries/apex/minified/widget.stickyWidget.min.js?v=5.0.4.00.12 HTTP/1.1" 404 79 "http://ruepprich.com/ords/f?p=139:LOGIN_DESKTOP:4666551420030:::::" "Mozilla/5.0 (Linux; Android 6.0.1; Nexus 5X Build/MMB29P) AppleWebKit/537.36 (KHTML, like Gecko) Chrome/41.0.2272.96 Mobile Safari/537.36 (compatible; Googlebot/2.1; +http://www.google.com/bot.html)"
66.249.64.159 - - [25/Oct/2016:18:59:03 +0000] "GET /i/plugins/com.oracle.apex.carousel/1.0/com.oracle.apex.carousel.min.js?v=5.0.4.00.12 HTTP/1.1" 404 97 "http://ruepprich.com/ords/f?p=139:LOGIN_DESKTOP:4666551420030:::::" "Mozilla/5.0 (Linux; Android 6.0.1; Nexus 5X Build/MMB29P) AppleWebKit/537.36 (KHTML, like Gecko) Chrome/41.0.2272.96 Mobile Safari/537.36 (compatible; Googlebot/2.1; +http://www.google.com/bot.html)"
66.249.64.163 - - [25/Oct/2016:18:59:04 +0000] "GET /i/themes/theme_42/1.0/css/Core.min.css?v=5.0.4.00.12 HTTP/1.1" 404 65 "http://ruepprich.com/ords/f?p=139:LOGIN_DESKTOP:4666551420030:::::" "Mozilla/5.0 (Linux; Android 6.0.1; Nexus 5X Build/MMB29P) AppleWebKit/537.36 (KHTML, like Gecko) Chrome/41.0.2272.96 Mobile Safari/537.36 (compatible; Googlebot/2.1; +http://www.google.com/bot.html)"
66.249.64.163 - - [25/Oct/2016:18:59:04 +0000] "GET /i/app_ui/css/Theme-Standard.min.css?v=5.0.4.00.12 HTTP/1.1" 404 62 "http://ruepprich.com/ords/f?p=139:LOGIN_DESKTOP:4666551420030:::::" "Mozilla/5.0 (Linux; Android 6.0.1; Nexus 5X Build/MMB29P) AppleWebKit/537.36 (KHTML, like Gecko) Chrome/41.0.2272.96 Mobile Safari/537.36 (compatible; Googlebot/2.1; +http://www.google.com/bot.html)"
66.249.64.159 - - [25/Oct/2016:18:59:05 +0000] "GET /i/libraries/apex/minified/widget.regionDisplaySelector.min.js?v=5.0.4.00.12 HTTP/1.1" 404 88 "http://ruepprich.com/ords/f?p=139:LOGIN_DESKTOP:4666551420030:::::" "Mozilla/5.0 (Linux; Android 6.0.1; Nexus 5X Build/MMB29P) AppleWebKit/537.36 (KHTML, like Gecko) Chrome/41.0.2272.96 Mobile Safari/537.36 (compatible; Googlebot/2.1; +http://www.google.com/bot.html)"
66.249.64.159 - - [25/Oct/2016:18:59:05 +0000] "GET /i/libraries/apex/minified/widget.stickyTableHeader.min.js?v=5.0.4.00.12 HTTP/1.1" 404 84 "http://ruepprich.com/ords/f?p=139:LOGIN_DESKTOP:4666551420030:::::" "Mozilla/5.0 (Linux; Android 6.0.1; Nexus 5X Build/MMB29P) AppleWebKit/537.36 (KHTML, like Gecko) Chrome/41.0.2272.96 Mobile Safari/537.36 (compatible; Googlebot/2.1; +http://www.google.com/bot.html)"
66.249.64.159 - - [25/Oct/2016:18:59:06 +0000] "GET /i/themes/theme_42/1.0/js/modernizr-custom.min.js?v=5.0.4.00.12 HTTP/1.1" 404 75 "http://ruepprich.com/ords/f?p=139:LOGIN_DESKTOP:4666551420030:::::" "Mozilla/5.0 (Linux; Android 6.0.1; Nexus 5X Build/MMB29P) AppleWebKit/537.36 (KHTML, like Gecko) Chrome/41.0.2272.96 Mobile Safari/537.36 (compatible; Googlebot/2.1; +http://www.google.com/bot.html)"
66.249.64.159 - - [25/Oct/2016:18:59:06 +0000] "GET /i/libraries/font-awesome/4.2.0/css/font-awesome.min.css?v=5.0.4.00.12 HTTP/1.1" 404 82 "http://ruepprich.com/ords/f?p=139:LOGIN_DESKTOP:4666551420030:::::" "Mozilla/5.0 (Linux; Android 6.0.1; Nexus 5X Build/MMB29P) AppleWebKit/537.36 (KHTML, like Gecko) Chrome/41.0.2272.96 Mobile Safari/537.36 (compatible; Googlebot/2.1; +http://www.google.com/bot.html)"
66.249.64.163 - - [25/Oct/2016:18:59:07 +0000] "GET /i/libraries/jquery/2.1.3/jquery-2.1.3.min.js?v=5.0.4.00.12 HTTP/1.1" 404 71 "http://ruepprich.com/ords/f?p=139:LOGIN_DESKTOP:4666551420030:::::" "Mozilla/5.0 (Linux; Android 6.0.1; Nexus 5X Build/MMB29P) AppleWebKit/537.36 (KHTML, like Gecko) Chrome/41.0.2272.96 Mobile Safari/537.36 (compatible; Googlebot/2.1; +http://www.google.com/bot.html)"
66.249.64.163 - - [25/Oct/2016:18:59:07 +0000] "GET /i/app_ui/css/Core.min.css?v=5.0.4.00.12 HTTP/1.1" 404 52 "http://ruepprich.com/ords/f?p=139:LOGIN_DESKTOP:4666551420030:::::" "Mozilla/5.0 (Linux; Android 6.0.1; Nexus 5X Build/MMB29P) AppleWebKit/537.36 (KHTML, like Gecko) Chrome/41.0.2272.96 Mobile Safari/537.36 (compatible; Googlebot/2.1; +http://www.google.com/bot.html)"
66.249.64.163 - - [25/Oct/2016:18:59:08 +0000] "GET /ords/wwv_flow.js_messages?p_app_id=139&p_lang=en&p_version=5.0.4.00.12-10557778583881 HTTP/1.1" 200 - "http://ruepprich.com/ords/f?p=139:LOGIN_DESKTOP:4666551420030:::::" "Mozilla/5.0 (Linux; Android 6.0.1; Nexus 5X Build/MMB29P) AppleWebKit/537.36 (KHTML, like Gecko) Chrome/41.0.2272.96 Mobile Safari/537.36 (compatible; Googlebot/2.1; +http://www.google.com/bot.html)"
66.249.64.159 - - [25/Oct/2016:18:59:08 +0000] "GET /i/libraries/apex/minified/tooltipManager.min.js?v=5.0.4.00.12 HTTP/1.1" 404 74 "http://ruepprich.com/ords/f?p=139:LOGIN_DESKTOP:4666551420030:::::" "Mozilla/5.0 (Linux; Android 6.0.1; Nexus 5X Build/MMB29P) AppleWebKit/537.36 (KHTML, like Gecko) Chrome/41.0.2272.96 Mobile Safari/537.36 (compatible; Googlebot/2.1; +http://www.google.com/bot.html)"
66.249.64.159 - - [25/Oct/2016:18:59:09 +0000] "GET /i/libraries/hammer/2.0.3/hammer.min.js?v=5.0.4.00.12 HTTP/1.1" 404 65 "http://ruepprich.com/ords/f?p=139:LOGIN_DESKTOP:4666551420030:::::" "Mozilla/5.0 (Linux; Android 6.0.1; Nexus 5X Build/MMB29P) AppleWebKit/537.36 (KHTML, like Gecko) Chrome/41.0.2272.96 Mobile Safari/537.36 (compatible; Googlebot/2.1; +http://www.google.com/bot.html)"
66.249.64.159 - - [25/Oct/2016:18:59:09 +0000] "GET /i/themes/theme_42/1.0/js/theme42.min.js?v=5.0.4.00.12 HTTP/1.1" 404 66 "http://ruepprich.com/ords/f?p=139:LOGIN_DESKTOP:4666551420030:::::" "Mozilla/5.0 (Linux; Android 6.0.1; Nexus 5X Build/MMB29P) AppleWebKit/537.36 (KHTML, like Gecko) Chrome/41.0.2272.96 Mobile Safari/537.36 (compatible; Googlebot/2.1; +http://www.google.com/bot.html)"
47.187.0.240 - - [25/Oct/2016:18:59:40 +0000] "GET /ords/f?p=139:LOGIN_DESKTOP:14360555235950::::: HTTP/1.1" 200 - "-" "Mozilla/5.0 (Macintosh; Intel Mac OS X 10_11_6) AppleWebKit/537.36 (KHTML, like Gecko) Chrome/54.0.2840.71 Safari/537.36"
47.187.0.240 - - [25/Oct/2016:18:59:41 +0000] "GET /i/app_ui/css/Theme-Standard.min.css?v=5.0.4.00.12 HTTP/1.1" 200 9697 "http://ruepprich.com/ords/f?p=139:LOGIN_DESKTOP:14360555235950:::::" "Mozilla/5.0 (Macintosh; Intel Mac OS X 10_11_6) AppleWebKit/537.36 (KHTML, like Gecko) Chrome/54.0.2840.71 Safari/537.36"
47.187.0.240 - - [25/Oct/2016:18:59:41 +0000] "GET /i/libraries/jquery-ui/1.10.4/themes/base/jquery-ui.min.css?v=5.0.4.00.12 HTTP/1.1" 200 25763 "http://ruepprich.com/ords/f?p=139:LOGIN_DESKTOP:14360555235950:::::" "Mozilla/5.0 (Macintosh; Intel Mac OS X 10_11_6) AppleWebKit/537.36 (KHTML, like Gecko) Chrome/54.0.2840.71 Safari/537.36"
47.187.0.240 - - [25/Oct/2016:18:59:41 +0000] "GET /i/libraries/font-awesome/4.2.0/css/font-awesome.min.css?v=5.0.4.00.12 HTTP/1.1" 200 21984 "http://ruepprich.com/ords/f?p=139:LOGIN_DESKTOP:14360555235950:::::" "Mozilla/5.0 (Macintosh; Intel Mac OS X 10_11_6) AppleWebKit/537.36 (KHTML, like Gecko) Chrome/54.0.2840.71 Safari/537.36"
47.187.0.240 - - [25/Oct/2016:18:59:41 +0000] "GET /i/app_ui/css/Core.min.css?v=5.0.4.00.12 HTTP/1.1" 200 82555 "http://ruepprich.com/ords/f?p=139:LOGIN_DESKTOP:14360555235950:::::" "Mozilla/5.0 (Macintosh; Intel Mac OS X 10_11_6) AppleWebKit/537.36 (KHTML, like Gecko) Chrome/54.0.2840.71 Safari/537.36"
47.187.0.240 - - [25/Oct/2016:18:59:41 +0000] "GET /i/libraries/apex/minified/widget.stickyTableHeader.min.js?v=5.0.4.00.12 HTTP/1.1" 200 4722 "http://ruepprich.com/ords/f?p=139:LOGIN_DESKTOP:14360555235950:::::" "Mozilla/5.0 (Macintosh; Intel Mac OS X 10_11_6) AppleWebKit/537.36 (KHTML, like Gecko) Chrome/54.0.2840.71 Safari/537.36"
47.187.0.240 - - [25/Oct/2016:18:59:41 +0000] "GET /i/themes/theme_42/1.0/css/Vita.min.css?v=5.0.4.00.12 HTTP/1.1" 200 115270 "http://ruepprich.com/ords/f?p=139:LOGIN_DESKTOP:14360555235950:::::" "Mozilla/5.0 (Macintosh; Intel Mac OS X 10_11_6) AppleWebKit/537.36 (KHTML, like Gecko) Chrome/54.0.2840.71 Safari/537.36"
47.187.0.240 - - [25/Oct/2016:18:59:41 +0000] "GET /i/libraries/jquery/2.1.3/jquery-2.1.3.min.js?v=5.0.4.00.12 HTTP/1.1" 200 84320 "http://ruepprich.com/ords/f?p=139:LOGIN_DESKTOP:14360555235950:::::" "Mozilla/5.0 (Macintosh; Intel Mac OS X 10_11_6) AppleWebKit/537.36 (KHTML, like Gecko) Chrome/54.0.2840.71 Safari/537.36"
47.187.0.240 - - [25/Oct/2016:18:59:41 +0000] "GET /i/libraries/apex/minified/widget.regionDisplaySelector.min.js?v=5.0.4.00.12 HTTP/1.1" 200 12828 "http://ruepprich.com/ords/f?p=139:LOGIN_DESKTOP:14360555235950:::::" "Mozilla/5.0 (Macintosh; Intel Mac OS X 10_11_6) AppleWebKit/537.36 (KHTML, like Gecko) Chrome/54.0.2840.71 Safari/537.36"
47.187.0.240 - - [25/Oct/2016:18:59:41 +0000] "GET /i/libraries/apex/minified/widget.stickyWidget.min.js?v=5.0.4.00.12 HTTP/1.1" 200 4382 "http://ruepprich.com/ords/f?p=139:LOGIN_DESKTOP:14360555235950:::::" "Mozilla/5.0 (Macintosh; Intel Mac OS X 10_11_6) AppleWebKit/537.36 (KHTML, like Gecko) Chrome/54.0.2840.71 Safari/537.36"
47.187.0.240 - - [25/Oct/2016:18:59:41 +0000] "GET /i/themes/theme_42/1.0/css/Core.min.css?v=5.0.4.00.12 HTTP/1.1" 200 216027 "http://ruepprich.com/ords/f?p=139:LOGIN_DESKTOP:14360555235950:::::" "Mozilla/5.0 (Macintosh; Intel Mac OS X 10_11_6) AppleWebKit/537.36 (KHTML, like Gecko) Chrome/54.0.2840.71 Safari/537.36"
47.187.0.240 - - [25/Oct/2016:18:59:41 +0000] "GET /i/libraries/apex/minified/tooltipManager.min.js?v=5.0.4.00.12 HTTP/1.1" 200 966 "http://ruepprich.com/ords/f?p=139:LOGIN_DESKTOP:14360555235950:::::" "Mozilla/5.0 (Macintosh; Intel Mac OS X 10_11_6) AppleWebKit/537.36 (KHTML, like Gecko) Chrome/54.0.2840.71 Safari/537.36"
47.187.0.240 - - [25/Oct/2016:18:59:41 +0000] "GET /i/libraries/hammer/2.0.3/hammer.min.js?v=5.0.4.00.12 HTTP/1.1" 200 29352 "http://ruepprich.com/ords/f?p=139:LOGIN_DESKTOP:14360555235950:::::" "Mozilla/5.0 (Macintosh; Intel Mac OS X 10_11_6) AppleWebKit/537.36 (KHTML, like Gecko) Chrome/54.0.2840.71 Safari/537.36"
66.249.64.159 - - [25/Oct/2016:18:59:41 +0000] "GET /ords/f?p=139:LOGIN_DESKTOP:14360555235950::::: HTTP/1.1" 302 - "-" "Mozilla/5.0 (Linux; Android 6.0.1; Nexus 5X Build/MMB29P) AppleWebKit/537.36 (KHTML, like Gecko) Chrome/41.0.2272.96 Mobile Safari/537.36 (compatible; Googlebot/2.1; +http://www.google.com/bot.html)"
47.187.0.240 - - [25/Oct/2016:18:59:41 +0000] "GET /i/themes/theme_42/1.0/js/modernizr-custom.min.js?v=5.0.4.00.12 HTTP/1.1" 200 5470 "http://ruepprich.com/ords/f?p=139:LOGIN_DESKTOP:14360555235950:::::" "Mozilla/5.0 (Macintosh; Intel Mac OS X 10_11_6) AppleWebKit/537.36 (KHTML, like Gecko) Chrome/54.0.2840.71 Safari/537.36"
47.187.0.240 - - [25/Oct/2016:18:59:41 +0000] "GET /i/plugins/com.oracle.apex.carousel/1.0/com.oracle.apex.carousel.min.js?v=5.0.4.00.12 HTTP/1.1" 200 3644 "http://ruepprich.com/ords/f?p=139:LOGIN_DESKTOP:14360555235950:::::" "Mozilla/5.0 (Macintosh; Intel Mac OS X 10_11_6) AppleWebKit/537.36 (KHTML, like Gecko) Chrome/54.0.2840.71 Safari/537.36"
47.187.0.240 - - [25/Oct/2016:18:59:41 +0000] "GET /i/libraries/apex/minified/desktop.min.js?v=5.0.4.00.12 HTTP/1.1" 200 302410 "http://ruepprich.com/ords/f?p=139:LOGIN_DESKTOP:14360555235950:::::" "Mozilla/5.0 (Macintosh; Intel Mac OS X 10_11_6) AppleWebKit/537.36 (KHTML, like Gecko) Chrome/54.0.2840.71 Safari/537.36"
47.187.0.240 - - [25/Oct/2016:18:59:41 +0000] "GET /i/themes/theme_42/1.0/js/theme42.min.js?v=5.0.4.00.12 HTTP/1.1" 200 24157 "http://ruepprich.com/ords/f?p=139:LOGIN_DESKTOP:14360555235950:::::" "Mozilla/5.0 (Macintosh; Intel Mac OS X 10_11_6) AppleWebKit/537.36 (KHTML, like Gecko) Chrome/54.0.2840.71 Safari/537.36"
66.249.64.159 - - [25/Oct/2016:18:59:41 +0000] "GET /ords/f?p=139:2:21171617206867::::: HTTP/1.1" 302 - "-" "Mozilla/5.0 (Linux; Android 6.0.1; Nexus 5X Build/MMB29P) AppleWebKit/537.36 (KHTML, like Gecko) Chrome/41.0.2272.96 Mobile Safari/537.36 (compatible; Googlebot/2.1; +http://www.google.com/bot.html)"
47.187.0.240 - - [25/Oct/2016:18:59:41 +0000] "GET /i/favicon.ico HTTP/1.1" 200 18094 "http://ruepprich.com/ords/f?p=139:LOGIN_DESKTOP:14360555235950:::::" "Mozilla/5.0 (Macintosh; Intel Mac OS X 10_11_6) AppleWebKit/537.36 (KHTML, like Gecko) Chrome/54.0.2840.71 Safari/537.36"
66.249.64.159 - - [25/Oct/2016:18:59:42 +0000] "GET /ords/f?p=139:LOGIN_DESKTOP:21171617206867::::: HTTP/1.1" 200 - "-" "Mozilla/5.0 (Linux; Android 6.0.1; Nexus 5X Build/MMB29P) AppleWebKit/537.36 (KHTML, like Gecko) Chrome/41.0.2272.96 Mobile Safari/537.36 (compatible; Googlebot/2.1; +http://www.google.com/bot.html)"
66.249.64.159 - - [25/Oct/2016:18:59:42 +0000] "GET /i/libraries/font-awesome/4.2.0/css/font-awesome.min.css?v=5.0.4.00.12 HTTP/1.1" 200 21984 "http://ruepprich.com/ords/f?p=139:LOGIN_DESKTOP:21171617206867:::::" "Mozilla/5.0 (Linux; Android 6.0.1; Nexus 5X Build/MMB29P) AppleWebKit/537.36 (KHTML, like Gecko) Chrome/41.0.2272.96 Mobile Safari/537.36 (compatible; Googlebot/2.1; +http://www.google.com/bot.html)"
66.249.64.159 - - [25/Oct/2016:18:59:43 +0000] "GET /i/app_ui/css/Core.min.css?v=5.0.4.00.12 HTTP/1.1" 200 82555 "http://ruepprich.com/ords/f?p=139:LOGIN_DESKTOP:21171617206867:::::" "Mozilla/5.0 (Linux; Android 6.0.1; Nexus 5X Build/MMB29P) AppleWebKit/537.36 (KHTML, like Gecko) Chrome/41.0.2272.96 Mobile Safari/537.36 (compatible; Googlebot/2.1; +http://www.google.com/bot.html)"
66.249.64.159 - - [25/Oct/2016:18:59:43 +0000] "GET /i/libraries/apex/minified/tooltipManager.min.js?v=5.0.4.00.12 HTTP/1.1" 200 966 "http://ruepprich.com/ords/f?p=139:LOGIN_DESKTOP:21171617206867:::::" "Mozilla/5.0 (Linux; Android 6.0.1; Nexus 5X Build/MMB29P) AppleWebKit/537.36 (KHTML, like Gecko) Chrome/41.0.2272.96 Mobile Safari/537.36 (compatible; Googlebot/2.1; +http://www.google.com/bot.html)"
66.249.64.159 - - [25/Oct/2016:18:59:44 +0000] "GET /i/libraries/jquery-ui/1.10.4/themes/base/jquery-ui.min.css?v=5.0.4.00.12 HTTP/1.1" 200 25763 "http://ruepprich.com/ords/f?p=139:LOGIN_DESKTOP:21171617206867:::::" "Mozilla/5.0 (Linux; Android 6.0.1; Nexus 5X Build/MMB29P) AppleWebKit/537.36 (KHTML, like Gecko) Chrome/41.0.2272.96 Mobile Safari/537.36 (compatible; Googlebot/2.1; +http://www.google.com/bot.html)"
66.249.64.159 - - [25/Oct/2016:18:59:44 +0000] "GET /i/themes/theme_42/1.0/css/Core.min.css?v=5.0.4.00.12 HTTP/1.1" 200 216027 "http://ruepprich.com/ords/f?p=139:LOGIN_DESKTOP:21171617206867:::::" "Mozilla/5.0 (Linux; Android 6.0.1; Nexus 5X Build/MMB29P) AppleWebKit/537.36 (KHTML, like Gecko) Chrome/41.0.2272.96 Mobile Safari/537.36 (compatible; Googlebot/2.1; +http://www.google.com/bot.html)"
66.249.64.159 - - [25/Oct/2016:18:59:45 +0000] "GET /i/app_ui/css/Theme-Standard.min.css?v=5.0.4.00.12 HTTP/1.1" 200 9697 "http://ruepprich.com/ords/f?p=139:LOGIN_DESKTOP:21171617206867:::::" "Mozilla/5.0 (Linux; Android 6.0.1; Nexus 5X Build/MMB29P) AppleWebKit/537.36 (KHTML, like Gecko) Chrome/41.0.2272.96 Mobile Safari/537.36 (compatible; Googlebot/2.1; +http://www.google.com/bot.html)"
66.249.64.159 - - [25/Oct/2016:18:59:45 +0000] "GET /i/libraries/jquery/2.1.3/jquery-2.1.3.min.js?v=5.0.4.00.12 HTTP/1.1" 200 84320 "http://ruepprich.com/ords/f?p=139:LOGIN_DESKTOP:21171617206867:::::" "Mozilla/5.0 (Linux; Android 6.0.1; Nexus 5X Build/MMB29P) AppleWebKit/537.36 (KHTML, like Gecko) Chrome/41.0.2272.96 Mobile Safari/537.36 (compatible; Googlebot/2.1; +http://www.google.com/bot.html)"
66.249.64.159 - - [25/Oct/2016:18:59:46 +0000] "GET /i/themes/theme_42/1.0/js/theme42.min.js?v=5.0.4.00.12 HTTP/1.1" 200 24157 "http://ruepprich.com/ords/f?p=139:LOGIN_DESKTOP:21171617206867:::::" "Mozilla/5.0 (Linux; Android 6.0.1; Nexus 5X Build/MMB29P) AppleWebKit/537.36 (KHTML, like Gecko) Chrome/41.0.2272.96 Mobile Safari/537.36 (compatible; Googlebot/2.1; +http://www.google.com/bot.html)"
66.249.64.159 - - [25/Oct/2016:18:59:46 +0000] "GET /ords/wwv_flow.js_messages?p_app_id=139&p_lang=en&p_version=5.0.4.00.12-10557778583881 HTTP/1.1" 200 - "http://ruepprich.com/ords/f?p=139:LOGIN_DESKTOP:21171617206867:::::" "Mozilla/5.0 (Linux; Android 6.0.1; Nexus 5X Build/MMB29P) AppleWebKit/537.36 (KHTML, like Gecko) Chrome/41.0.2272.96 Mobile Safari/537.36 (compatible; Googlebot/2.1; +http://www.google.com/bot.html)"
66.249.64.159 - - [25/Oct/2016:18:59:47 +0000] "GET /i/themes/theme_42/1.0/css/Vita.min.css?v=5.0.4.00.12 HTTP/1.1" 200 115270 "http://ruepprich.com/ords/f?p=139:LOGIN_DESKTOP:21171617206867:::::" "Mozilla/5.0 (Linux; Android 6.0.1; Nexus 5X Build/MMB29P) AppleWebKit/537.36 (KHTML, like Gecko) Chrome/41.0.2272.96 Mobile Safari/537.36 (compatible; Googlebot/2.1; +http://www.google.com/bot.html)"
66.249.64.159 - - [25/Oct/2016:18:59:47 +0000] "GET /i/libraries/apex/minified/desktop.min.js?v=5.0.4.00.12 HTTP/1.1" 200 302410 "http://ruepprich.com/ords/f?p=139:LOGIN_DESKTOP:21171617206867:::::" "Mozilla/5.0 (Linux; Android 6.0.1; Nexus 5X Build/MMB29P) AppleWebKit/537.36 (KHTML, like Gecko) Chrome/41.0.2272.96 Mobile Safari/537.36 (compatible; Googlebot/2.1; +http://www.google.com/bot.html)"
66.249.64.159 - - [25/Oct/2016:18:59:48 +0000] "GET /i/libraries/apex/minified/widget.stickyWidget.min.js?v=5.0.4.00.12 HTTP/1.1" 200 4382 "http://ruepprich.com/ords/f?p=139:LOGIN_DESKTOP:21171617206867:::::" "Mozilla/5.0 (Linux; Android 6.0.1; Nexus 5X Build/MMB29P) AppleWebKit/537.36 (KHTML, like Gecko) Chrome/41.0.2272.96 Mobile Safari/537.36 (compatible; Googlebot/2.1; +http://www.google.com/bot.html)"
66.249.64.159 - - [25/Oct/2016:18:59:48 +0000] "GET /i/libraries/apex/minified/widget.regionDisplaySelector.min.js?v=5.0.4.00.12 HTTP/1.1" 200 12828 "http://ruepprich.com/ords/f?p=139:LOGIN_DESKTOP:21171617206867:::::" "Mozilla/5.0 (Linux; Android 6.0.1; Nexus 5X Build/MMB29P) AppleWebKit/537.36 (KHTML, like Gecko) Chrome/41.0.2272.96 Mobile Safari/537.36 (compatible; Googlebot/2.1; +http://www.google.com/bot.html)"
66.249.64.159 - - [25/Oct/2016:18:59:49 +0000] "GET /i/libraries/hammer/2.0.3/hammer.min.js?v=5.0.4.00.12 HTTP/1.1" 200 29352 "http://ruepprich.com/ords/f?p=139:LOGIN_DESKTOP:21171617206867:::::" "Mozilla/5.0 (Linux; Android 6.0.1; Nexus 5X Build/MMB29P) AppleWebKit/537.36 (KHTML, like Gecko) Chrome/41.0.2272.96 Mobile Safari/537.36 (compatible; Googlebot/2.1; +http://www.google.com/bot.html)"
66.249.64.159 - - [25/Oct/2016:18:59:49 +0000] "GET /i/themes/theme_42/1.0/js/modernizr-custom.min.js?v=5.0.4.00.12 HTTP/1.1" 200 5470 "http://ruepprich.com/ords/f?p=139:LOGIN_DESKTOP:21171617206867:::::" "Mozilla/5.0 (Linux; Android 6.0.1; Nexus 5X Build/MMB29P) AppleWebKit/537.36 (KHTML, like Gecko) Chrome/41.0.2272.96 Mobile Safari/537.36 (compatible; Googlebot/2.1; +http://www.google.com/bot.html)"
66.249.64.159 - - [25/Oct/2016:18:59:50 +0000] "GET /i/libraries/apex/minified/widget.stickyTableHeader.min.js?v=5.0.4.00.12 HTTP/1.1" 200 4722 "http://ruepprich.com/ords/f?p=139:LOGIN_DESKTOP:21171617206867:::::" "Mozilla/5.0 (Linux; Android 6.0.1; Nexus 5X Build/MMB29P) AppleWebKit/537.36 (KHTML, like Gecko) Chrome/41.0.2272.96 Mobile Safari/537.36 (compatible; Googlebot/2.1; +http://www.google.com/bot.html)"
66.249.64.159 - - [25/Oct/2016:18:59:51 +0000] "GET /i/plugins/com.oracle.apex.carousel/1.0/com.oracle.apex.carousel.min.js?v=5.0.4.00.12 HTTP/1.1" 200 3644 "http://ruepprich.com/ords/f?p=139:LOGIN_DESKTOP:21171617206867:::::" "Mozilla/5.0 (Linux; Android 6.0.1; Nexus 5X Build/MMB29P) AppleWebKit/537.36 (KHTML, like Gecko) Chrome/41.0.2272.96 Mobile Safari/537.36 (compatible; Googlebot/2.1; +http://www.google.com/bot.html)"
47.187.0.240 - - [25/Oct/2016:18:59:52 +0000] "GET /public/index.html HTTP/1.1" 200 18 "-" "Mozilla/5.0 (Macintosh; Intel Mac OS X 10_11_6) AppleWebKit/537.36 (KHTML, like Gecko) Chrome/54.0.2840.71 Safari/537.36"
66.249.64.152 - - [25/Oct/2016:18:59:52 +0000] "GET /robots.txt HTTP/1.1" 404 23 "-" "Mozilla/5.0 (compatible; Googlebot/2.1; +http://www.google.com/bot.html)"
66.249.64.152 - - [25/Oct/2016:18:59:52 +0000] "GET /public/index.html HTTP/1.1" 200 18 "-" "Mozilla/5.0 (Linux; Android 6.0.1; Nexus 5X Build/MMB29P) AppleWebKit/537.36 (KHTML, like Gecko) Chrome/41.0.2272.96 Mobile Safari/537.36 (compatible; Googlebot/2.1; +http://www.google.com/bot.html)"
47.187.0.240 - - [25/Oct/2016:19:00:13 +0000] "GET /index.html HTTP/1.1" 404 23 "-" "Mozilla/5.0 (Macintosh; Intel Mac OS X 10_11_6) AppleWebKit/537.36 (KHTML, like Gecko) Chrome/54.0.2840.71 Safari/537.36"
