66.249.64.159 - - [25/Oct/2016:19:12:16 +0000] "GET /node_modules/materialize-css/fonts/roboto/Roboto-Light.woff HTTP/1.1" 200 62316 "http://ruepprich.com/node_modules/materialize-css/getting-started.html" "Mozilla/5.0 (Linux; Android 6.0.1; Nexus 5X Build/MMB29P) AppleWebKit/537.36 (KHTML, like Gecko) Chrome/41.0.2272.96 Mobile Safari/537.36 (compatible; Googlebot/2.1; +http://www.google.com/bot.html)"
66.249.64.159 - - [25/Oct/2016:19:12:17 +0000] "GET /node_modules/materialize-css/fonts/roboto/Roboto-Regular.woff HTTP/1.1" 200 61736 "http://ruepprich.com/node_modules/materialize-css/getting-started.html" "Mozilla/5.0 (Linux; Android 6.0.1; Nexus 5X Build/MMB29P) AppleWebKit/537.36 (KHTML, like Gecko) Chrome/41.0.2272.96 Mobile Safari/537.36 (compatible; Googlebot/2.1; +http://www.google.com/bot.html)"
66.249.64.159 - - [25/Oct/2016:19:12:17 +0000] "GET /node_modules/materialize-css/fonts/roboto/Roboto-Bold.woff HTTP/1.1" 200 62876 "http://ruepprich.com/node_modules/materialize-css/getting-started.html" "Mozilla/5.0 (Linux; Android 6.0.1; Nexus 5X Build/MMB29P) AppleWebKit/537.36 (KHTML, like Gecko) Chrome/41.0.2272.96 Mobile Safari/537.36 (compatible; Googlebot/2.1; +http://www.google.com/bot.html)"
66.249.64.159 - - [25/Oct/2016:19:12:18 +0000] "GET /node_modules/materialize-css/images/donate.png HTTP/1.1" 404 59 "http://ruepprich.com/node_modules/materialize-css/getting-started.html" "Mozilla/5.0 (Linux; Android 6.0.1; Nexus 5X Build/MMB29P) AppleWebKit/537.36 (KHTML, like Gecko) Chrome/41.0.2272.96 Mobile Safari/537.36 (compatible; Googlebot/2.1; +http://www.google.com/bot.html)"
47.187.0.240 - - [25/Oct/2016:19:16:10 +0000] "GET / HTTP/1.1" 200 714 "-" "Mozilla/5.0 (Macintosh; Intel Mac OS X 10_11_6) AppleWebKit/537.36 (KHTML, like Gecko) Chrome/54.0.2840.71 Safari/537.36"
47.187.0.240 - - [25/Oct/2016:19:16:10 +0000] "GET /css/materialize.min.css HTTP/1.1" 200 115111 "http://ruepprich.com/" "Mozilla/5.0 (Macintosh; Intel Mac OS X 10_11_6) AppleWebKit/537.36 (KHTML, like Gecko) Chrome/54.0.2840.71 Safari/537.36"
47.187.0.240 - - [25/Oct/2016:19:16:10 +0000] "GET /js/materialize.min.js HTTP/1.1" 200 138417 "http://ruepprich.com/" "Mozilla/5.0 (Macintosh; Intel Mac OS X 10_11_6) AppleWebKit/537.36 (KHTML, like Gecko) Chrome/54.0.2840.71 Safari/537.36"
66.249.64.159 - - [25/Oct/2016:19:16:10 +0000] "GET /robots.txt HTTP/1.1" 404 23 "-" "Mozilla/5.0 (compatible; Googlebot/2.1; +http://www.google.com/bot.html)"
47.187.0.240 - - [25/Oct/2016:19:16:10 +0000] "GET /fonts/roboto/Roboto-Regular.woff2 HTTP/1.1" 200 49236 "http://ruepprich.com/css/materialize.min.css" "Mozilla/5.0 (Macintosh; Intel Mac OS X 10_11_6) AppleWebKit/537.36 (KHTML, like Gecko) Chrome/54.0.2840.71 Safari/537.36"
66.249.64.163 - - [25/Oct/2016:19:16:10 +0000] "GET / HTTP/1.1" 200 714 "-" "Mozilla/5.0 (Linux; Android 6.0.1; Nexus 5X Build/MMB29P) AppleWebKit/537.36 (KHTML, like Gecko) Chrome/41.0.2272.96 Mobile Safari/537.36 (compatible; Googlebot/2.1; +http://www.google.com/bot.html)"
47.187.0.240 - - [25/Oct/2016:19:16:14 +0000] "GET /css/materialize.min.css HTTP/1.1" 304 - "http://ruepprich.com/" "Mozilla/5.0 (Macintosh; Intel Mac OS X 10_11_6) AppleWebKit/537.36 (KHTML, like Gecko) Chrome/54.0.2840.71 Safari/537.36"
47.187.0.240 - - [25/Oct/2016:19:16:35 +0000] "GET /node_modules/materialize-css/collections.html HTTP/1.1" 304 - "http://ruepprich.com/node_modules/materialize-css/getting-started.html" "Mozilla/5.0 (Macintosh; Intel Mac OS X 10_11_6) AppleWebKit/537.36 (KHTML, like Gecko) Chrome/54.0.2840.71 Safari/537.36"
47.187.0.240 - - [25/Oct/2016:19:16:35 +0000] "GET /node_modules/materialize-css/css/prism.css HTTP/1.1" 304 - "http://ruepprich.com/node_modules/materialize-css/collections.html" "Mozilla/5.0 (Macintosh; Intel Mac OS X 10_11_6) AppleWebKit/537.36 (KHTML, like Gecko) Chrome/54.0.2840.71 Safari/537.36"
47.187.0.240 - - [25/Oct/2016:19:16:35 +0000] "GET /node_modules/materialize-css/css/ghpages-materialize.css HTTP/1.1" 304 - "http://ruepprich.com/node_modules/materialize-css/collections.html" "Mozilla/5.0 (Macintosh; Intel Mac OS X 10_11_6) AppleWebKit/537.36 (KHTML, like Gecko) Chrome/54.0.2840.71 Safari/537.36"
47.187.0.240 - - [25/Oct/2016:19:16:35 +0000] "GET /node_modules/materialize-css/js/jquery.timeago.min.js HTTP/1.1" 304 - "http://ruepprich.com/node_modules/materialize-css/collections.html" "Mozilla/5.0 (Macintosh; Intel Mac OS X 10_11_6) AppleWebKit/537.36 (KHTML, like Gecko) Chrome/54.0.2840.71 Safari/537.36"
47.187.0.240 - - [25/Oct/2016:19:16:35 +0000] "GET /node_modules/materialize-css/js/prism.js HTTP/1.1" 304 - "http://ruepprich.com/node_modules/materialize-css/collections.html" "Mozilla/5.0 (Macintosh; Intel Mac OS X 10_11_6) AppleWebKit/537.36 (KHTML, like Gecko) Chrome/54.0.2840.71 Safari/537.36"
47.187.0.240 - - [25/Oct/2016:19:16:35 +0000] "GET /node_modules/materialize-css/jade/lunr.min.js HTTP/1.1" 304 - "http://ruepprich.com/node_modules/materialize-css/collections.html" "Mozilla/5.0 (Macintosh; Intel Mac OS X 10_11_6) AppleWebKit/537.36 (KHTML, like Gecko) Chrome/54.0.2840.71 Safari/537.36"
47.187.0.240 - - [25/Oct/2016:19:16:35 +0000] "GET /node_modules/materialize-css/jade/search.js HTTP/1.1" 304 - "http://ruepprich.com/node_modules/materialize-css/collections.html" "Mozilla/5.0 (Macintosh; Intel Mac OS X 10_11_6) AppleWebKit/537.36 (KHTML, like Gecko) Chrome/54.0.2840.71 Safari/537.36"
47.187.0.240 - - [25/Oct/2016:19:16:35 +0000] "GET /node_modules/materialize-css/bin/materialize.js HTTP/1.1" 304 - "http://ruepprich.com/node_modules/materialize-css/collections.html" "Mozilla/5.0 (Macintosh; Intel Mac OS X 10_11_6) AppleWebKit/537.36 (KHTML, like Gecko) Chrome/54.0.2840.71 Safari/537.36"
47.187.0.240 - - [25/Oct/2016:19:16:35 +0000] "GET /node_modules/materialize-css/js/init.js HTTP/1.1" 304 - "http://ruepprich.com/node_modules/materialize-css/collections.html" "Mozilla/5.0 (Macintosh; Intel Mac OS X 10_11_6) AppleWebKit/537.36 (KHTML, like Gecko) Chrome/54.0.2840.71 Safari/537.36"
47.187.0.240 - - [25/Oct/2016:19:16:35 +0000] "GET /node_modules/materialize-css/images/yuna.jpg HTTP/1.1" 404 57 "http://ruepprich.com/node_modules/materialize-css/collections.html" "Mozilla/5.0 (Macintosh; Intel Mac OS X 10_11_6) AppleWebKit/537.36 (KHTML, like Gecko) Chrome/54.0.2840.71 Safari/537.36"
66.249.64.159 - - [25/Oct/2016:19:16:35 +0000] "GET /node_modules/materialize-css/collections.html HTTP/1.1" 200 22517 "-" "Mozilla/5.0 (Linux; Android 6.0.1; Nexus 5X Build/MMB29P) AppleWebKit/537.36 (KHTML, like Gecko) Chrome/41.0.2272.96 Mobile Safari/537.36 (compatible; Googlebot/2.1; +http://www.google.com/bot.html)"
47.187.0.240 - - [25/Oct/2016:19:16:36 +0000] "GET /node_modules/materialize-css/images/yuna.jpg HTTP/1.1" 404 57 "http://ruepprich.com/node_modules/materialize-css/collections.html" "Mozilla/5.0 (Macintosh; Intel Mac OS X 10_11_6) AppleWebKit/537.36 (KHTML, like Gecko) Chrome/54.0.2840.71 Safari/537.36"
47.187.0.240 - - [25/Oct/2016:19:16:36 +0000] "GET /node_modules/materialize-css/fonts/roboto/Roboto-Regular.woff2 HTTP/1.1" 304 - "http://ruepprich.com/node_modules/materialize-css/css/ghpages-materialize.css" "Mozilla/5.0 (Macintosh; Intel Mac OS X 10_11_6) AppleWebKit/537.36 (KHTML, like Gecko) Chrome/54.0.2840.71 Safari/537.36"
47.187.0.240 - - [25/Oct/2016:19:16:36 +0000] "GET /node_modules/materialize-css/fonts/roboto/Roboto-Light.woff2 HTTP/1.1" 304 - "http://ruepprich.com/node_modules/materialize-css/css/ghpages-materialize.css" "Mozilla/5.0 (Macintosh; Intel Mac OS X 10_11_6) AppleWebKit/537.36 (KHTML, like Gecko) Chrome/54.0.2840.71 Safari/537.36"
47.187.0.240 - - [25/Oct/2016:19:16:36 +0000] "GET /node_modules/materialize-css/fonts/roboto/Roboto-Bold.woff2 HTTP/1.1" 304 - "http://ruepprich.com/node_modules/materialize-css/css/ghpages-materialize.css" "Mozilla/5.0 (Macintosh; Intel Mac OS X 10_11_6) AppleWebKit/537.36 (KHTML, like Gecko) Chrome/54.0.2840.71 Safari/537.36"
47.187.0.240 - - [25/Oct/2016:19:16:36 +0000] "GET /node_modules/materialize-css/fonts/roboto/Roboto-Medium.woff2 HTTP/1.1" 304 - "http://ruepprich.com/node_modules/materialize-css/css/ghpages-materialize.css" "Mozilla/5.0 (Macintosh; Intel Mac OS X 10_11_6) AppleWebKit/537.36 (KHTML, like Gecko) Chrome/54.0.2840.71 Safari/537.36"
47.187.0.240 - - [25/Oct/2016:19:16:36 +0000] "GET /node_modules/materialize-css/res/materialize.svg HTTP/1.1" 304 - "http://ruepprich.com/node_modules/materialize-css/collections.html" "Mozilla/5.0 (Macintosh; Intel Mac OS X 10_11_6) AppleWebKit/537.36 (KHTML, like Gecko) Chrome/54.0.2840.71 Safari/537.36"
66.249.64.163 - - [25/Oct/2016:19:16:36 +0000] "GET /node_modules/materialize-css/css/prism.css HTTP/1.1" 200 2231 "http://ruepprich.com/node_modules/materialize-css/collections.html" "Mozilla/5.0 (Linux; Android 6.0.1; Nexus 5X Build/MMB29P) AppleWebKit/537.36 (KHTML, like Gecko) Chrome/41.0.2272.96 Mobile Safari/537.36 (compatible; Googlebot/2.1; +http://www.google.com/bot.html)"
66.249.64.159 - - [25/Oct/2016:19:16:36 +0000] "GET /node_modules/materialize-css/jade/search.js HTTP/1.1" 200 13265 "http://ruepprich.com/node_modules/materialize-css/collections.html" "Mozilla/5.0 (Linux; Android 6.0.1; Nexus 5X Build/MMB29P) AppleWebKit/537.36 (KHTML, like Gecko) Chrome/41.0.2272.96 Mobile Safari/537.36 (compatible; Googlebot/2.1; +http://www.google.com/bot.html)"
66.249.64.159 - - [25/Oct/2016:19:16:37 +0000] "GET /node_modules/materialize-css/js/prism.js HTTP/1.1" 200 9279 "http://ruepprich.com/node_modules/materialize-css/collections.html" "Mozilla/5.0 (Linux; Android 6.0.1; Nexus 5X Build/MMB29P) AppleWebKit/537.36 (KHTML, like Gecko) Chrome/41.0.2272.96 Mobile Safari/537.36 (compatible; Googlebot/2.1; +http://www.google.com/bot.html)"
66.249.64.159 - - [25/Oct/2016:19:16:37 +0000] "GET /node_modules/materialize-css/jade/lunr.min.js HTTP/1.1" 200 15005 "http://ruepprich.com/node_modules/materialize-css/collections.html" "Mozilla/5.0 (Linux; Android 6.0.1; Nexus 5X Build/MMB29P) AppleWebKit/537.36 (KHTML, like Gecko) Chrome/41.0.2272.96 Mobile Safari/537.36 (compatible; Googlebot/2.1; +http://www.google.com/bot.html)"
66.249.64.163 - - [25/Oct/2016:19:16:37 +0000] "GET /node_modules/materialize-css/js/jquery.timeago.min.js HTTP/1.1" 200 3292 "http://ruepprich.com/node_modules/materialize-css/collections.html" "Mozilla/5.0 (Linux; Android 6.0.1; Nexus 5X Build/MMB29P) AppleWebKit/537.36 (KHTML, like Gecko) Chrome/41.0.2272.96 Mobile Safari/537.36 (compatible; Googlebot/2.1; +http://www.google.com/bot.html)"
66.249.64.159 - - [25/Oct/2016:19:16:38 +0000] "GET /node_modules/materialize-css/js/init.js HTTP/1.1" 200 5507 "http://ruepprich.com/node_modules/materialize-css/collections.html" "Mozilla/5.0 (Linux; Android 6.0.1; Nexus 5X Build/MMB29P) AppleWebKit/537.36 (KHTML, like Gecko) Chrome/41.0.2272.96 Mobile Safari/537.36 (compatible; Googlebot/2.1; +http://www.google.com/bot.html)"
66.249.64.163 - - [25/Oct/2016:19:16:38 +0000] "GET /node_modules/materialize-css/bin/materialize.js HTTP/1.1" 200 138237 "http://ruepprich.com/node_modules/materialize-css/collections.html" "Mozilla/5.0 (Linux; Android 6.0.1; Nexus 5X Build/MMB29P) AppleWebKit/537.36 (KHTML, like Gecko) Chrome/41.0.2272.96 Mobile Safari/537.36 (compatible; Googlebot/2.1; +http://www.google.com/bot.html)"
66.249.64.159 - - [25/Oct/2016:19:16:39 +0000] "GET /node_modules/materialize-css/css/ghpages-materialize.css HTTP/1.1" 200 126349 "http://ruepprich.com/node_modules/materialize-css/collections.html" "Mozilla/5.0 (Linux; Android 6.0.1; Nexus 5X Build/MMB29P) AppleWebKit/537.36 (KHTML, like Gecko) Chrome/41.0.2272.96 Mobile Safari/537.36 (compatible; Googlebot/2.1; +http://www.google.com/bot.html)"
66.249.64.159 - - [25/Oct/2016:19:16:39 +0000] "GET /node_modules/materialize-css/images/yuna.jpg HTTP/1.1" 404 57 "http://ruepprich.com/node_modules/materialize-css/collections.html" "Mozilla/5.0 (Linux; Android 6.0.1; Nexus 5X Build/MMB29P) AppleWebKit/537.36 (KHTML, like Gecko) Chrome/41.0.2272.96 Mobile Safari/537.36 (compatible; Googlebot/2.1; +http://www.google.com/bot.html)"
66.249.64.159 - - [25/Oct/2016:19:16:40 +0000] "GET /node_modules/materialize-css/res/materialize.svg HTTP/1.1" 200 7453 "http://ruepprich.com/node_modules/materialize-css/collections.html" "Mozilla/5.0 (Linux; Android 6.0.1; Nexus 5X Build/MMB29P) AppleWebKit/537.36 (KHTML, like Gecko) Chrome/41.0.2272.96 Mobile Safari/537.36 (compatible; Googlebot/2.1; +http://www.google.com/bot.html)"
66.249.64.159 - - [25/Oct/2016:19:16:40 +0000] "GET /node_modules/materialize-css/fonts/roboto/Roboto-Regular.woff HTTP/1.1" 200 61736 "http://ruepprich.com/node_modules/materialize-css/collections.html" "Mozilla/5.0 (Linux; Android 6.0.1; Nexus 5X Build/MMB29P) AppleWebKit/537.36 (KHTML, like Gecko) Chrome/41.0.2272.96 Mobile Safari/537.36 (compatible; Googlebot/2.1; +http://www.google.com/bot.html)"
66.249.64.159 - - [25/Oct/2016:19:16:41 +0000] "GET /node_modules/materialize-css/fonts/roboto/Roboto-Medium.woff HTTP/1.1" 200 62980 "http://ruepprich.com/node_modules/materialize-css/collections.html" "Mozilla/5.0 (Linux; Android 6.0.1; Nexus 5X Build/MMB29P) AppleWebKit/537.36 (KHTML, like Gecko) Chrome/41.0.2272.96 Mobile Safari/537.36 (compatible; Googlebot/2.1; +http://www.google.com/bot.html)"
66.249.64.159 - - [25/Oct/2016:19:16:41 +0000] "GET /node_modules/materialize-css/fonts/roboto/Roboto-Light.woff HTTP/1.1" 200 62316 "http://ruepprich.com/node_modules/materialize-css/collections.html" "Mozilla/5.0 (Linux; Android 6.0.1; Nexus 5X Build/MMB29P) AppleWebKit/537.36 (KHTML, like Gecko) Chrome/41.0.2272.96 Mobile Safari/537.36 (compatible; Googlebot/2.1; +http://www.google.com/bot.html)"
66.249.64.159 - - [25/Oct/2016:19:16:42 +0000] "GET /node_modules/materialize-css/fonts/roboto/Roboto-Bold.woff HTTP/1.1" 200 62876 "http://ruepprich.com/node_modules/materialize-css/collections.html" "Mozilla/5.0 (Linux; Android 6.0.1; Nexus 5X Build/MMB29P) AppleWebKit/537.36 (KHTML, like Gecko) Chrome/41.0.2272.96 Mobile Safari/537.36 (compatible; Googlebot/2.1; +http://www.google.com/bot.html)"
66.249.64.159 - - [25/Oct/2016:19:16:42 +0000] "GET /node_modules/materialize-css/fonts/roboto/Roboto-Thin.woff HTTP/1.1" 200 61628 "http://ruepprich.com/node_modules/materialize-css/collections.html" "Mozilla/5.0 (Linux; Android 6.0.1; Nexus 5X Build/MMB29P) AppleWebKit/537.36 (KHTML, like Gecko) Chrome/41.0.2272.96 Mobile Safari/537.36 (compatible; Googlebot/2.1; +http://www.google.com/bot.html)"
66.249.64.159 - - [25/Oct/2016:19:16:43 +0000] "GET /node_modules/materialize-css/images/donate.png HTTP/1.1" 404 59 "http://ruepprich.com/node_modules/materialize-css/collections.html" "Mozilla/5.0 (Linux; Android 6.0.1; Nexus 5X Build/MMB29P) AppleWebKit/537.36 (KHTML, like Gecko) Chrome/41.0.2272.96 Mobile Safari/537.36 (compatible; Googlebot/2.1; +http://www.google.com/bot.html)"
47.187.0.240 - - [25/Oct/2016:19:17:10 +0000] "GET / HTTP/1.1" 200 1896 "-" "Mozilla/5.0 (Macintosh; Intel Mac OS X 10_11_6) AppleWebKit/537.36 (KHTML, like Gecko) Chrome/54.0.2840.71 Safari/537.36"
47.187.0.240 - - [25/Oct/2016:19:17:10 +0000] "GET /css/materialize.min.css HTTP/1.1" 304 - "http://ruepprich.com/" "Mozilla/5.0 (Macintosh; Intel Mac OS X 10_11_6) AppleWebKit/537.36 (KHTML, like Gecko) Chrome/54.0.2840.71 Safari/537.36"
47.187.0.240 - - [25/Oct/2016:19:17:10 +0000] "GET /js/materialize.min.js HTTP/1.1" 304 - "http://ruepprich.com/" "Mozilla/5.0 (Macintosh; Intel Mac OS X 10_11_6) AppleWebKit/537.36 (KHTML, like Gecko) Chrome/54.0.2840.71 Safari/537.36"
47.187.0.240 - - [25/Oct/2016:19:17:10 +0000] "GET /images/yuna.jpg HTTP/1.1" 404 28 "http://ruepprich.com/" "Mozilla/5.0 (Macintosh; Intel Mac OS X 10_11_6) AppleWebKit/537.36 (KHTML, like Gecko) Chrome/54.0.2840.71 Safari/537.36"
66.249.64.159 - - [25/Oct/2016:19:17:10 +0000] "GET / HTTP/1.1" 200 1896 "-" "Mozilla/5.0 (Linux; Android 6.0.1; Nexus 5X Build/MMB29P) AppleWebKit/537.36 (KHTML, like Gecko) Chrome/41.0.2272.96 Mobile Safari/537.36 (compatible; Googlebot/2.1; +http://www.google.com/bot.html)"
47.187.0.240 - - [25/Oct/2016:19:17:10 +0000] "GET /images/yuna.jpg HTTP/1.1" 404 28 "http://ruepprich.com/" "Mozilla/5.0 (Macintosh; Intel Mac OS X 10_11_6) AppleWebKit/537.36 (KHTML, like Gecko) Chrome/54.0.2840.71 Safari/537.36"
47.187.0.240 - - [25/Oct/2016:19:17:10 +0000] "GET /fonts/roboto/Roboto-Regular.woff2 HTTP/1.1" 304 - "http://ruepprich.com/css/materialize.min.css" "Mozilla/5.0 (Macintosh; Intel Mac OS X 10_11_6) AppleWebKit/537.36 (KHTML, like Gecko) Chrome/54.0.2840.71 Safari/537.36"
66.249.64.159 - - [25/Oct/2016:19:17:10 +0000] "GET /css/materialize.min.css HTTP/1.1" 200 115111 "http://ruepprich.com/" "Mozilla/5.0 (Linux; Android 6.0.1; Nexus 5X Build/MMB29P) AppleWebKit/537.36 (KHTML, like Gecko) Chrome/41.0.2272.96 Mobile Safari/537.36 (compatible; Googlebot/2.1; +http://www.google.com/bot.html)"
66.249.64.159 - - [25/Oct/2016:19:17:11 +0000] "GET /js/materialize.min.js HTTP/1.1" 200 138417 "http://ruepprich.com/" "Mozilla/5.0 (Linux; Android 6.0.1; Nexus 5X Build/MMB29P) AppleWebKit/537.36 (KHTML, like Gecko) Chrome/41.0.2272.96 Mobile Safari/537.36 (compatible; Googlebot/2.1; +http://www.google.com/bot.html)"
66.249.64.159 - - [25/Oct/2016:19:17:11 +0000] "GET /images/yuna.jpg HTTP/1.1" 404 28 "http://ruepprich.com/" "Mozilla/5.0 (Linux; Android 6.0.1; Nexus 5X Build/MMB29P) AppleWebKit/537.36 (KHTML, like Gecko) Chrome/41.0.2272.96 Mobile Safari/537.36 (compatible; Googlebot/2.1; +http://www.google.com/bot.html)"
66.249.64.159 - - [25/Oct/2016:19:17:11 +0000] "GET /robots.txt HTTP/1.1" 404 23 "-" "Mozilla/5.0 (compatible; Googlebot/2.1; +http://www.google.com/bot.html)"
66.249.64.159 - - [25/Oct/2016:19:17:11 +0000] "GET /fonts/roboto/Roboto-Regular.woff HTTP/1.1" 200 61736 "http://ruepprich.com/" "Mozilla/5.0 (Linux; Android 6.0.1; Nexus 5X Build/MMB29P) AppleWebKit/537.36 (KHTML, like Gecko) Chrome/41.0.2272.96 Mobile Safari/537.36 (compatible; Googlebot/2.1; +http://www.google.com/bot.html)"
66.249.64.159 - - [25/Oct/2016:19:17:12 +0000] "GET /fonts/roboto/Roboto-Bold.woff HTTP/1.1" 200 62876 "http://ruepprich.com/" "Mozilla/5.0 (Linux; Android 6.0.1; Nexus 5X Build/MMB29P) AppleWebKit/537.36 (KHTML, like Gecko) Chrome/41.0.2272.96 Mobile Safari/537.36 (compatible; Googlebot/2.1; +http://www.google.com/bot.html)"
66.249.64.159 - - [25/Oct/2016:19:17:12 +0000] "GET /fonts/roboto/Roboto-Light.woff HTTP/1.1" 200 62316 "http://ruepprich.com/" "Mozilla/5.0 (Linux; Android 6.0.1; Nexus 5X Build/MMB29P) AppleWebKit/537.36 (KHTML, like Gecko) Chrome/41.0.2272.96 Mobile Safari/537.36 (compatible; Googlebot/2.1; +http://www.google.com/bot.html)"
66.249.64.159 - - [25/Oct/2016:19:17:13 +0000] "GET /fonts/roboto/Roboto-Medium.woff HTTP/1.1" 200 62980 "http://ruepprich.com/" "Mozilla/5.0 (Linux; Android 6.0.1; Nexus 5X Build/MMB29P) AppleWebKit/537.36 (KHTML, like Gecko) Chrome/41.0.2272.96 Mobile Safari/537.36 (compatible; Googlebot/2.1; +http://www.google.com/bot.html)"
66.249.64.159 - - [25/Oct/2016:19:17:13 +0000] "GET /fonts/roboto/Roboto-Thin.woff HTTP/1.1" 200 61628 "http://ruepprich.com/" "Mozilla/5.0 (Linux; Android 6.0.1; Nexus 5X Build/MMB29P) AppleWebKit/537.36 (KHTML, like Gecko) Chrome/41.0.2272.96 Mobile Safari/537.36 (compatible; Googlebot/2.1; +http://www.google.com/bot.html)"
66.249.64.159 - - [25/Oct/2016:19:17:19 +0000] "GET / HTTP/1.1" 200 1896 "-" "Mozilla/5.0 (Linux; Android 6.0.1; Nexus 5X Build/MMB29P) AppleWebKit/537.36 (KHTML, like Gecko) Chrome/41.0.2272.96 Mobile Safari/537.36 (compatible; Googlebot/2.1; +http://www.google.com/bot.html)"
66.249.64.159 - - [25/Oct/2016:19:17:20 +0000] "GET /js/materialize.min.js HTTP/1.1" 200 138417 "http://ruepprich.com/" "Mozilla/5.0 (Linux; Android 6.0.1; Nexus 5X Build/MMB29P) AppleWebKit/537.36 (KHTML, like Gecko) Chrome/41.0.2272.96 Mobile Safari/537.36 (compatible; Googlebot/2.1; +http://www.google.com/bot.html)"
66.249.64.159 - - [25/Oct/2016:19:17:20 +0000] "GET /css/materialize.min.css HTTP/1.1" 200 115111 "http://ruepprich.com/" "Mozilla/5.0 (Linux; Android 6.0.1; Nexus 5X Build/MMB29P) AppleWebKit/537.36 (KHTML, like Gecko) Chrome/41.0.2272.96 Mobile Safari/537.36 (compatible; Googlebot/2.1; +http://www.google.com/bot.html)"
66.249.64.159 - - [25/Oct/2016:19:17:20 +0000] "GET /images/yuna.jpg HTTP/1.1" 404 28 "http://ruepprich.com/" "Mozilla/5.0 (Linux; Android 6.0.1; Nexus 5X Build/MMB29P) AppleWebKit/537.36 (KHTML, like Gecko) Chrome/41.0.2272.96 Mobile Safari/537.36 (compatible; Googlebot/2.1; +http://www.google.com/bot.html)"
66.249.64.159 - - [25/Oct/2016:19:17:21 +0000] "GET /fonts/roboto/Roboto-Regular.woff HTTP/1.1" 200 61736 "http://ruepprich.com/" "Mozilla/5.0 (Linux; Android 6.0.1; Nexus 5X Build/MMB29P) AppleWebKit/537.36 (KHTML, like Gecko) Chrome/41.0.2272.96 Mobile Safari/537.36 (compatible; Googlebot/2.1; +http://www.google.com/bot.html)"
66.249.64.159 - - [25/Oct/2016:19:17:21 +0000] "GET /fonts/roboto/Roboto-Bold.woff HTTP/1.1" 200 62876 "http://ruepprich.com/" "Mozilla/5.0 (Linux; Android 6.0.1; Nexus 5X Build/MMB29P) AppleWebKit/537.36 (KHTML, like Gecko) Chrome/41.0.2272.96 Mobile Safari/537.36 (compatible; Googlebot/2.1; +http://www.google.com/bot.html)"
66.249.64.159 - - [25/Oct/2016:19:17:22 +0000] "GET /fonts/roboto/Roboto-Light.woff HTTP/1.1" 200 62316 "http://ruepprich.com/" "Mozilla/5.0 (Linux; Android 6.0.1; Nexus 5X Build/MMB29P) AppleWebKit/537.36 (KHTML, like Gecko) Chrome/41.0.2272.96 Mobile Safari/537.36 (compatible; Googlebot/2.1; +http://www.google.com/bot.html)"
66.249.64.159 - - [25/Oct/2016:19:17:22 +0000] "GET /fonts/roboto/Roboto-Thin.woff HTTP/1.1" 200 61628 "http://ruepprich.com/" "Mozilla/5.0 (Linux; Android 6.0.1; Nexus 5X Build/MMB29P) AppleWebKit/537.36 (KHTML, like Gecko) Chrome/41.0.2272.96 Mobile Safari/537.36 (compatible; Googlebot/2.1; +http://www.google.com/bot.html)"
66.249.64.159 - - [25/Oct/2016:19:17:23 +0000] "GET /fonts/roboto/Roboto-Medium.woff HTTP/1.1" 200 62980 "http://ruepprich.com/" "Mozilla/5.0 (Linux; Android 6.0.1; Nexus 5X Build/MMB29P) AppleWebKit/537.36 (KHTML, like Gecko) Chrome/41.0.2272.96 Mobile Safari/537.36 (compatible; Googlebot/2.1; +http://www.google.com/bot.html)"
47.187.0.240 - - [25/Oct/2016:19:18:13 +0000] "GET / HTTP/1.1" 200 985 "-" "Mozilla/5.0 (Macintosh; Intel Mac OS X 10_11_6) AppleWebKit/537.36 (KHTML, like Gecko) Chrome/54.0.2840.71 Safari/537.36"
47.187.0.240 - - [25/Oct/2016:19:18:14 +0000] "GET /css/materialize.min.css HTTP/1.1" 304 - "http://ruepprich.com/" "Mozilla/5.0 (Macintosh; Intel Mac OS X 10_11_6) AppleWebKit/537.36 (KHTML, like Gecko) Chrome/54.0.2840.71 Safari/537.36"
47.187.0.240 - - [25/Oct/2016:19:18:14 +0000] "GET /js/materialize.min.js HTTP/1.1" 304 - "http://ruepprich.com/" "Mozilla/5.0 (Macintosh; Intel Mac OS X 10_11_6) AppleWebKit/537.36 (KHTML, like Gecko) Chrome/54.0.2840.71 Safari/537.36"
66.249.64.159 - - [25/Oct/2016:19:18:14 +0000] "GET /robots.txt HTTP/1.1" 404 23 "-" "Mozilla/5.0 (compatible; Googlebot/2.1; +http://www.google.com/bot.html)"
66.249.64.159 - - [25/Oct/2016:19:18:14 +0000] "GET / HTTP/1.1" 200 985 "-" "Mozilla/5.0 (Linux; Android 6.0.1; Nexus 5X Build/MMB29P) AppleWebKit/537.36 (KHTML, like Gecko) Chrome/41.0.2272.96 Mobile Safari/537.36 (compatible; Googlebot/2.1; +http://www.google.com/bot.html)"
47.187.0.240 - - [25/Oct/2016:19:18:14 +0000] "GET /fonts/roboto/Roboto-Regular.woff2 HTTP/1.1" 304 - "http://ruepprich.com/css/materialize.min.css" "Mozilla/5.0 (Macintosh; Intel Mac OS X 10_11_6) AppleWebKit/537.36 (KHTML, like Gecko) Chrome/54.0.2840.71 Safari/537.36"
66.249.64.163 - - [25/Oct/2016:19:18:14 +0000] "GET /js/materialize.min.js HTTP/1.1" 200 138417 "http://ruepprich.com/" "Mozilla/5.0 (Linux; Android 6.0.1; Nexus 5X Build/MMB29P) AppleWebKit/537.36 (KHTML, like Gecko) Chrome/41.0.2272.96 Mobile Safari/537.36 (compatible; Googlebot/2.1; +http://www.google.com/bot.html)"
66.249.64.163 - - [25/Oct/2016:19:18:15 +0000] "GET /css/materialize.min.css HTTP/1.1" 200 115111 "http://ruepprich.com/" "Mozilla/5.0 (Linux; Android 6.0.1; Nexus 5X Build/MMB29P) AppleWebKit/537.36 (KHTML, like Gecko) Chrome/41.0.2272.96 Mobile Safari/537.36 (compatible; Googlebot/2.1; +http://www.google.com/bot.html)"
66.249.64.167 - - [25/Oct/2016:19:18:15 +0000] "GET /fonts/roboto/Roboto-Bold.woff HTTP/1.1" 200 62876 "http://ruepprich.com/" "Mozilla/5.0 (Linux; Android 6.0.1; Nexus 5X Build/MMB29P) AppleWebKit/537.36 (KHTML, like Gecko) Chrome/41.0.2272.96 Mobile Safari/537.36 (compatible; Googlebot/2.1; +http://www.google.com/bot.html)"
66.249.64.159 - - [25/Oct/2016:19:18:15 +0000] "GET /fonts/roboto/Roboto-Light.woff HTTP/1.1" 200 62316 "http://ruepprich.com/" "Mozilla/5.0 (Linux; Android 6.0.1; Nexus 5X Build/MMB29P) AppleWebKit/537.36 (KHTML, like Gecko) Chrome/41.0.2272.96 Mobile Safari/537.36 (compatible; Googlebot/2.1; +http://www.google.com/bot.html)"
66.249.64.159 - - [25/Oct/2016:19:18:16 +0000] "GET /fonts/roboto/Roboto-Regular.woff HTTP/1.1" 200 61736 "http://ruepprich.com/" "Mozilla/5.0 (Linux; Android 6.0.1; Nexus 5X Build/MMB29P) AppleWebKit/537.36 (KHTML, like Gecko) Chrome/41.0.2272.96 Mobile Safari/537.36 (compatible; Googlebot/2.1; +http://www.google.com/bot.html)"
66.249.64.167 - - [25/Oct/2016:19:18:16 +0000] "GET /fonts/roboto/Roboto-Thin.woff HTTP/1.1" 200 61628 "http://ruepprich.com/" "Mozilla/5.0 (Linux; Android 6.0.1; Nexus 5X Build/MMB29P) AppleWebKit/537.36 (KHTML, like Gecko) Chrome/41.0.2272.96 Mobile Safari/537.36 (compatible; Googlebot/2.1; +http://www.google.com/bot.html)"
66.249.64.167 - - [25/Oct/2016:19:18:17 +0000] "GET /fonts/roboto/Roboto-Medium.woff HTTP/1.1" 200 62980 "http://ruepprich.com/" "Mozilla/5.0 (Linux; Android 6.0.1; Nexus 5X Build/MMB29P) AppleWebKit/537.36 (KHTML, like Gecko) Chrome/41.0.2272.96 Mobile Safari/537.36 (compatible; Googlebot/2.1; +http://www.google.com/bot.html)"
47.187.0.240 - - [25/Oct/2016:19:19:31 +0000] "GET / HTTP/1.1" 200 1032 "-" "Mozilla/5.0 (Macintosh; Intel Mac OS X 10_11_6) AppleWebKit/537.36 (KHTML, like Gecko) Chrome/54.0.2840.71 Safari/537.36"
47.187.0.240 - - [25/Oct/2016:19:19:31 +0000] "GET /css/materialize.min.css HTTP/1.1" 304 - "http://ruepprich.com/" "Mozilla/5.0 (Macintosh; Intel Mac OS X 10_11_6) AppleWebKit/537.36 (KHTML, like Gecko) Chrome/54.0.2840.71 Safari/537.36"
47.187.0.240 - - [25/Oct/2016:19:19:31 +0000] "GET /js/materialize.min.js HTTP/1.1" 304 - "http://ruepprich.com/" "Mozilla/5.0 (Macintosh; Intel Mac OS X 10_11_6) AppleWebKit/537.36 (KHTML, like Gecko) Chrome/54.0.2840.71 Safari/537.36"
66.249.64.167 - - [25/Oct/2016:19:19:31 +0000] "GET /robots.txt HTTP/1.1" 404 23 "-" "Mozilla/5.0 (compatible; Googlebot/2.1; +http://www.google.com/bot.html)"
66.249.64.163 - - [25/Oct/2016:19:19:31 +0000] "GET / HTTP/1.1" 200 1032 "-" "Mozilla/5.0 (Linux; Android 6.0.1; Nexus 5X Build/MMB29P) AppleWebKit/537.36 (KHTML, like Gecko) Chrome/41.0.2272.96 Mobile Safari/537.36 (compatible; Googlebot/2.1; +http://www.google.com/bot.html)"
47.187.0.240 - - [25/Oct/2016:19:19:32 +0000] "GET /fonts/roboto/Roboto-Regular.woff2 HTTP/1.1" 304 - "http://ruepprich.com/css/materialize.min.css" "Mozilla/5.0 (Macintosh; Intel Mac OS X 10_11_6) AppleWebKit/537.36 (KHTML, like Gecko) Chrome/54.0.2840.71 Safari/537.36"
66.249.64.167 - - [25/Oct/2016:19:19:32 +0000] "GET /css/materialize.min.css HTTP/1.1" 200 115111 "http://ruepprich.com/" "Mozilla/5.0 (Linux; Android 6.0.1; Nexus 5X Build/MMB29P) AppleWebKit/537.36 (KHTML, like Gecko) Chrome/41.0.2272.96 Mobile Safari/537.36 (compatible; Googlebot/2.1; +http://www.google.com/bot.html)"
66.249.64.159 - - [25/Oct/2016:19:19:32 +0000] "GET /js/materialize.min.js HTTP/1.1" 200 138417 "http://ruepprich.com/" "Mozilla/5.0 (Linux; Android 6.0.1; Nexus 5X Build/MMB29P) AppleWebKit/537.36 (KHTML, like Gecko) Chrome/41.0.2272.96 Mobile Safari/537.36 (compatible; Googlebot/2.1; +http://www.google.com/bot.html)"
66.249.64.163 - - [25/Oct/2016:19:19:33 +0000] "GET /fonts/roboto/Roboto-Bold.woff HTTP/1.1" 200 62876 "http://ruepprich.com/" "Mozilla/5.0 (Linux; Android 6.0.1; Nexus 5X Build/MMB29P) AppleWebKit/537.36 (KHTML, like Gecko) Chrome/41.0.2272.96 Mobile Safari/537.36 (compatible; Googlebot/2.1; +http://www.google.com/bot.html)"
66.249.64.159 - - [25/Oct/2016:19:19:33 +0000] "GET /fonts/roboto/Roboto-Thin.woff HTTP/1.1" 200 61628 "http://ruepprich.com/" "Mozilla/5.0 (Linux; Android 6.0.1; Nexus 5X Build/MMB29P) AppleWebKit/537.36 (KHTML, like Gecko) Chrome/41.0.2272.96 Mobile Safari/537.36 (compatible; Googlebot/2.1; +http://www.google.com/bot.html)"
66.249.64.159 - - [25/Oct/2016:19:19:34 +0000] "GET /fonts/roboto/Roboto-Medium.woff HTTP/1.1" 200 62980 "http://ruepprich.com/" "Mozilla/5.0 (Linux; Android 6.0.1; Nexus 5X Build/MMB29P) AppleWebKit/537.36 (KHTML, like Gecko) Chrome/41.0.2272.96 Mobile Safari/537.36 (compatible; Googlebot/2.1; +http://www.google.com/bot.html)"
66.249.64.159 - - [25/Oct/2016:19:19:34 +0000] "GET /fonts/roboto/Roboto-Light.woff HTTP/1.1" 200 62316 "http://ruepprich.com/" "Mozilla/5.0 (Linux; Android 6.0.1; Nexus 5X Build/MMB29P) AppleWebKit/537.36 (KHTML, like Gecko) Chrome/41.0.2272.96 Mobile Safari/537.36 (compatible; Googlebot/2.1; +http://www.google.com/bot.html)"
66.249.64.159 - - [25/Oct/2016:19:19:34 +0000] "GET /fonts/roboto/Roboto-Regular.woff HTTP/1.1" 200 61736 "http://ruepprich.com/" "Mozilla/5.0 (Linux; Android 6.0.1; Nexus 5X Build/MMB29P) AppleWebKit/537.36 (KHTML, like Gecko) Chrome/41.0.2272.96 Mobile Safari/537.36 (compatible; Googlebot/2.1; +http://www.google.com/bot.html)"
47.187.0.240 - - [25/Oct/2016:19:20:16 +0000] "GET / HTTP/1.1" 200 947 "-" "Mozilla/5.0 (Macintosh; Intel Mac OS X 10_11_6) AppleWebKit/537.36 (KHTML, like Gecko) Chrome/54.0.2840.71 Safari/537.36"
47.187.0.240 - - [25/Oct/2016:19:20:16 +0000] "GET /css/materialize.min.css HTTP/1.1" 304 - "http://ruepprich.com/" "Mozilla/5.0 (Macintosh; Intel Mac OS X 10_11_6) AppleWebKit/537.36 (KHTML, like Gecko) Chrome/54.0.2840.71 Safari/537.36"
47.187.0.240 - - [25/Oct/2016:19:20:16 +0000] "GET /js/materialize.min.js HTTP/1.1" 304 - "http://ruepprich.com/" "Mozilla/5.0 (Macintosh; Intel Mac OS X 10_11_6) AppleWebKit/537.36 (KHTML, like Gecko) Chrome/54.0.2840.71 Safari/537.36"
66.249.64.159 - - [25/Oct/2016:19:20:16 +0000] "GET / HTTP/1.1" 200 947 "-" "Mozilla/5.0 (Linux; Android 6.0.1; Nexus 5X Build/MMB29P) AppleWebKit/537.36 (KHTML, like Gecko) Chrome/41.0.2272.96 Mobile Safari/537.36 (compatible; Googlebot/2.1; +http://www.google.com/bot.html)"
47.187.0.240 - - [25/Oct/2016:19:20:16 +0000] "GET /fonts/roboto/Roboto-Regular.woff2 HTTP/1.1" 304 - "http://ruepprich.com/css/materialize.min.css" "Mozilla/5.0 (Macintosh; Intel Mac OS X 10_11_6) AppleWebKit/537.36 (KHTML, like Gecko) Chrome/54.0.2840.71 Safari/537.36"
66.249.64.159 - - [25/Oct/2016:19:20:16 +0000] "GET /js/materialize.min.js HTTP/1.1" 200 138417 "http://ruepprich.com/" "Mozilla/5.0 (Linux; Android 6.0.1; Nexus 5X Build/MMB29P) AppleWebKit/537.36 (KHTML, like Gecko) Chrome/41.0.2272.96 Mobile Safari/537.36 (compatible; Googlebot/2.1; +http://www.google.com/bot.html)"
66.249.64.163 - - [25/Oct/2016:19:20:17 +0000] "GET /css/materialize.min.css HTTP/1.1" 200 115111 "http://ruepprich.com/" "Mozilla/5.0 (Linux; Android 6.0.1; Nexus 5X Build/MMB29P) AppleWebKit/537.36 (KHTML, like Gecko) Chrome/41.0.2272.96 Mobile Safari/537.36 (compatible; Googlebot/2.1; +http://www.google.com/bot.html)"
66.249.64.159 - - [25/Oct/2016:19:20:17 +0000] "GET /fonts/roboto/Roboto-Light.woff HTTP/1.1" 200 62316 "http://ruepprich.com/" "Mozilla/5.0 (Linux; Android 6.0.1; Nexus 5X Build/MMB29P) AppleWebKit/537.36 (KHTML, like Gecko) Chrome/41.0.2272.96 Mobile Safari/537.36 (compatible; Googlebot/2.1; +http://www.google.com/bot.html)"
66.249.64.163 - - [25/Oct/2016:19:20:18 +0000] "GET /fonts/roboto/Roboto-Regular.woff HTTP/1.1" 200 61736 "http://ruepprich.com/" "Mozilla/5.0 (Linux; Android 6.0.1; Nexus 5X Build/MMB29P) AppleWebKit/537.36 (KHTML, like Gecko) Chrome/41.0.2272.96 Mobile Safari/537.36 (compatible; Googlebot/2.1; +http://www.google.com/bot.html)"
66.249.64.159 - - [25/Oct/2016:19:20:18 +0000] "GET /fonts/roboto/Roboto-Thin.woff HTTP/1.1" 200 61628 "http://ruepprich.com/" "Mozilla/5.0 (Linux; Android 6.0.1; Nexus 5X Build/MMB29P) AppleWebKit/537.36 (KHTML, like Gecko) Chrome/41.0.2272.96 Mobile Safari/537.36 (compatible; Googlebot/2.1; +http://www.google.com/bot.html)"
66.249.64.163 - - [25/Oct/2016:19:20:18 +0000] "GET /fonts/roboto/Roboto-Medium.woff HTTP/1.1" 200 62980 "http://ruepprich.com/" "Mozilla/5.0 (Linux; Android 6.0.1; Nexus 5X Build/MMB29P) AppleWebKit/537.36 (KHTML, like Gecko) Chrome/41.0.2272.96 Mobile Safari/537.36 (compatible; Googlebot/2.1; +http://www.google.com/bot.html)"
47.187.0.240 - - [25/Oct/2016:19:20:19 +0000] "GET /ords/f?p=139 HTTP/1.1" 302 - "http://ruepprich.com/" "Mozilla/5.0 (Macintosh; Intel Mac OS X 10_11_6) AppleWebKit/537.36 (KHTML, like Gecko) Chrome/54.0.2840.71 Safari/537.36"
47.187.0.240 - - [25/Oct/2016:19:20:19 +0000] "GET /ords/f?p=139:2:::::: HTTP/1.1" 302 - "http://ruepprich.com/" "Mozilla/5.0 (Macintosh; Intel Mac OS X 10_11_6) AppleWebKit/537.36 (KHTML, like Gecko) Chrome/54.0.2840.71 Safari/537.36"
66.249.64.159 - - [25/Oct/2016:19:20:19 +0000] "GET /fonts/roboto/Roboto-Bold.woff HTTP/1.1" 200 62876 "http://ruepprich.com/" "Mozilla/5.0 (Linux; Android 6.0.1; Nexus 5X Build/MMB29P) AppleWebKit/537.36 (KHTML, like Gecko) Chrome/41.0.2272.96 Mobile Safari/537.36 (compatible; Googlebot/2.1; +http://www.google.com/bot.html)"
47.187.0.240 - - [25/Oct/2016:19:20:19 +0000] "GET /ords/f?p=139:LOGIN_DESKTOP:7966121174416::::: HTTP/1.1" 200 - "http://ruepprich.com/" "Mozilla/5.0 (Macintosh; Intel Mac OS X 10_11_6) AppleWebKit/537.36 (KHTML, like Gecko) Chrome/54.0.2840.71 Safari/537.36"
47.187.0.240 - - [25/Oct/2016:19:20:19 +0000] "GET /i/app_ui/css/Core.min.css?v=5.0.4.00.12 HTTP/1.1" 304 - "http://ruepprich.com/ords/f?p=139:LOGIN_DESKTOP:7966121174416:::::" "Mozilla/5.0 (Macintosh; Intel Mac OS X 10_11_6) AppleWebKit/537.36 (KHTML, like Gecko) Chrome/54.0.2840.71 Safari/537.36"
47.187.0.240 - - [25/Oct/2016:19:20:19 +0000] "GET /i/app_ui/css/Theme-Standard.min.css?v=5.0.4.00.12 HTTP/1.1" 304 - "http://ruepprich.com/ords/f?p=139:LOGIN_DESKTOP:7966121174416:::::" "Mozilla/5.0 (Macintosh; Intel Mac OS X 10_11_6) AppleWebKit/537.36 (KHTML, like Gecko) Chrome/54.0.2840.71 Safari/537.36"
47.187.0.240 - - [25/Oct/2016:19:20:19 +0000] "GET /i/libraries/jquery-ui/1.10.4/themes/base/jquery-ui.min.css?v=5.0.4.00.12 HTTP/1.1" 304 - "http://ruepprich.com/ords/f?p=139:LOGIN_DESKTOP:7966121174416:::::" "Mozilla/5.0 (Macintosh; Intel Mac OS X 10_11_6) AppleWebKit/537.36 (KHTML, like Gecko) Chrome/54.0.2840.71 Safari/537.36"
47.187.0.240 - - [25/Oct/2016:19:20:19 +0000] "GET /i/libraries/font-awesome/4.2.0/css/font-awesome.min.css?v=5.0.4.00.12 HTTP/1.1" 304 - "http://ruepprich.com/ords/f?p=139:LOGIN_DESKTOP:7966121174416:::::" "Mozilla/5.0 (Macintosh; Intel Mac OS X 10_11_6) AppleWebKit/537.36 (KHTML, like Gecko) Chrome/54.0.2840.71 Safari/537.36"
47.187.0.240 - - [25/Oct/2016:19:20:19 +0000] "GET /i/themes/theme_42/1.0/css/Core.min.css?v=5.0.4.00.12 HTTP/1.1" 304 - "http://ruepprich.com/ords/f?p=139:LOGIN_DESKTOP:7966121174416:::::" "Mozilla/5.0 (Macintosh; Intel Mac OS X 10_11_6) AppleWebKit/537.36 (KHTML, like Gecko) Chrome/54.0.2840.71 Safari/537.36"
47.187.0.240 - - [25/Oct/2016:19:20:19 +0000] "GET /i/themes/theme_42/1.0/css/Vita.min.css?v=5.0.4.00.12 HTTP/1.1" 304 - "http://ruepprich.com/ords/f?p=139:LOGIN_DESKTOP:7966121174416:::::" "Mozilla/5.0 (Macintosh; Intel Mac OS X 10_11_6) AppleWebKit/537.36 (KHTML, like Gecko) Chrome/54.0.2840.71 Safari/537.36"
47.187.0.240 - - [25/Oct/2016:19:20:19 +0000] "GET /i/libraries/jquery/2.1.3/jquery-2.1.3.min.js?v=5.0.4.00.12 HTTP/1.1" 304 - "http://ruepprich.com/ords/f?p=139:LOGIN_DESKTOP:7966121174416:::::" "Mozilla/5.0 (Macintosh; Intel Mac OS X 10_11_6) AppleWebKit/537.36 (KHTML, like Gecko) Chrome/54.0.2840.71 Safari/537.36"
47.187.0.240 - - [25/Oct/2016:19:20:19 +0000] "GET /i/libraries/apex/minified/desktop.min.js?v=5.0.4.00.12 HTTP/1.1" 304 - "http://ruepprich.com/ords/f?p=139:LOGIN_DESKTOP:7966121174416:::::" "Mozilla/5.0 (Macintosh; Intel Mac OS X 10_11_6) AppleWebKit/537.36 (KHTML, like Gecko) Chrome/54.0.2840.71 Safari/537.36"
47.187.0.240 - - [25/Oct/2016:19:20:19 +0000] "GET /i/libraries/apex/minified/widget.regionDisplaySelector.min.js?v=5.0.4.00.12 HTTP/1.1" 304 - "http://ruepprich.com/ords/f?p=139:LOGIN_DESKTOP:7966121174416:::::" "Mozilla/5.0 (Macintosh; Intel Mac OS X 10_11_6) AppleWebKit/537.36 (KHTML, like Gecko) Chrome/54.0.2840.71 Safari/537.36"
47.187.0.240 - - [25/Oct/2016:19:20:19 +0000] "GET /i/libraries/apex/minified/widget.stickyWidget.min.js?v=5.0.4.00.12 HTTP/1.1" 304 - "http://ruepprich.com/ords/f?p=139:LOGIN_DESKTOP:7966121174416:::::" "Mozilla/5.0 (Macintosh; Intel Mac OS X 10_11_6) AppleWebKit/537.36 (KHTML, like Gecko) Chrome/54.0.2840.71 Safari/537.36"
47.187.0.240 - - [25/Oct/2016:19:20:19 +0000] "GET /i/libraries/apex/minified/widget.stickyTableHeader.min.js?v=5.0.4.00.12 HTTP/1.1" 304 - "http://ruepprich.com/ords/f?p=139:LOGIN_DESKTOP:7966121174416:::::" "Mozilla/5.0 (Macintosh; Intel Mac OS X 10_11_6) AppleWebKit/537.36 (KHTML, like Gecko) Chrome/54.0.2840.71 Safari/537.36"
47.187.0.240 - - [25/Oct/2016:19:20:19 +0000] "GET /i/libraries/apex/minified/tooltipManager.min.js?v=5.0.4.00.12 HTTP/1.1" 304 - "http://ruepprich.com/ords/f?p=139:LOGIN_DESKTOP:7966121174416:::::" "Mozilla/5.0 (Macintosh; Intel Mac OS X 10_11_6) AppleWebKit/537.36 (KHTML, like Gecko) Chrome/54.0.2840.71 Safari/537.36"
47.187.0.240 - - [25/Oct/2016:19:20:19 +0000] "GET /i/libraries/hammer/2.0.3/hammer.min.js?v=5.0.4.00.12 HTTP/1.1" 304 - "http://ruepprich.com/ords/f?p=139:LOGIN_DESKTOP:7966121174416:::::" "Mozilla/5.0 (Macintosh; Intel Mac OS X 10_11_6) AppleWebKit/537.36 (KHTML, like Gecko) Chrome/54.0.2840.71 Safari/537.36"
47.187.0.240 - - [25/Oct/2016:19:20:19 +0000] "GET /i/themes/theme_42/1.0/js/modernizr-custom.min.js?v=5.0.4.00.12 HTTP/1.1" 304 - "http://ruepprich.com/ords/f?p=139:LOGIN_DESKTOP:7966121174416:::::" "Mozilla/5.0 (Macintosh; Intel Mac OS X 10_11_6) AppleWebKit/537.36 (KHTML, like Gecko) Chrome/54.0.2840.71 Safari/537.36"
47.187.0.240 - - [25/Oct/2016:19:20:19 +0000] "GET /i/plugins/com.oracle.apex.carousel/1.0/com.oracle.apex.carousel.min.js?v=5.0.4.00.12 HTTP/1.1" 304 - "http://ruepprich.com/ords/f?p=139:LOGIN_DESKTOP:7966121174416:::::" "Mozilla/5.0 (Macintosh; Intel Mac OS X 10_11_6) AppleWebKit/537.36 (KHTML, like Gecko) Chrome/54.0.2840.71 Safari/537.36"
47.187.0.240 - - [25/Oct/2016:19:20:19 +0000] "GET /i/themes/theme_42/1.0/js/theme42.min.js?v=5.0.4.00.12 HTTP/1.1" 304 - "http://ruepprich.com/ords/f?p=139:LOGIN_DESKTOP:7966121174416:::::" "Mozilla/5.0 (Macintosh; Intel Mac OS X 10_11_6) AppleWebKit/537.36 (KHTML, like Gecko) Chrome/54.0.2840.71 Safari/537.36"
66.249.64.163 - - [25/Oct/2016:19:20:20 +0000] "GET /ords/f?p=139:LOGIN_DESKTOP:7966121174416::::: HTTP/1.1" 302 - "-" "Mozilla/5.0 (Linux; Android 6.0.1; Nexus 5X Build/MMB29P) AppleWebKit/537.36 (KHTML, like Gecko) Chrome/41.0.2272.96 Mobile Safari/537.36 (compatible; Googlebot/2.1; +http://www.google.com/bot.html)"
66.249.64.159 - - [25/Oct/2016:19:20:20 +0000] "GET /ords/f?p=139:2:2455093990189::::: HTTP/1.1" 302 - "-" "Mozilla/5.0 (Linux; Android 6.0.1; Nexus 5X Build/MMB29P) AppleWebKit/537.36 (KHTML, like Gecko) Chrome/41.0.2272.96 Mobile Safari/537.36 (compatible; Googlebot/2.1; +http://www.google.com/bot.html)"
66.249.64.159 - - [25/Oct/2016:19:20:21 +0000] "GET /ords/f?p=139:LOGIN_DESKTOP:2455093990189::::: HTTP/1.1" 200 - "-" "Mozilla/5.0 (Linux; Android 6.0.1; Nexus 5X Build/MMB29P) AppleWebKit/537.36 (KHTML, like Gecko) Chrome/41.0.2272.96 Mobile Safari/537.36 (compatible; Googlebot/2.1; +http://www.google.com/bot.html)"
66.249.64.159 - - [25/Oct/2016:19:20:21 +0000] "GET /i/app_ui/css/Core.min.css?v=5.0.4.00.12 HTTP/1.1" 200 82555 "http://ruepprich.com/ords/f?p=139:LOGIN_DESKTOP:2455093990189:::::" "Mozilla/5.0 (Linux; Android 6.0.1; Nexus 5X Build/MMB29P) AppleWebKit/537.36 (KHTML, like Gecko) Chrome/41.0.2272.96 Mobile Safari/537.36 (compatible; Googlebot/2.1; +http://www.google.com/bot.html)"
66.249.64.159 - - [25/Oct/2016:19:20:21 +0000] "GET /i/app_ui/css/Theme-Standard.min.css?v=5.0.4.00.12 HTTP/1.1" 200 9697 "http://ruepprich.com/ords/f?p=139:LOGIN_DESKTOP:2455093990189:::::" "Mozilla/5.0 (Linux; Android 6.0.1; Nexus 5X Build/MMB29P) AppleWebKit/537.36 (KHTML, like Gecko) Chrome/41.0.2272.96 Mobile Safari/537.36 (compatible; Googlebot/2.1; +http://www.google.com/bot.html)"
66.249.64.159 - - [25/Oct/2016:19:20:22 +0000] "GET /i/libraries/hammer/2.0.3/hammer.min.js?v=5.0.4.00.12 HTTP/1.1" 200 29352 "http://ruepprich.com/ords/f?p=139:LOGIN_DESKTOP:2455093990189:::::" "Mozilla/5.0 (Linux; Android 6.0.1; Nexus 5X Build/MMB29P) AppleWebKit/537.36 (KHTML, like Gecko) Chrome/41.0.2272.96 Mobile Safari/537.36 (compatible; Googlebot/2.1; +http://www.google.com/bot.html)"
66.249.64.159 - - [25/Oct/2016:19:20:22 +0000] "GET /i/libraries/apex/minified/widget.stickyWidget.min.js?v=5.0.4.00.12 HTTP/1.1" 200 4382 "http://ruepprich.com/ords/f?p=139:LOGIN_DESKTOP:2455093990189:::::" "Mozilla/5.0 (Linux; Android 6.0.1; Nexus 5X Build/MMB29P) AppleWebKit/537.36 (KHTML, like Gecko) Chrome/41.0.2272.96 Mobile Safari/537.36 (compatible; Googlebot/2.1; +http://www.google.com/bot.html)"
66.249.64.159 - - [25/Oct/2016:19:20:23 +0000] "GET /i/libraries/jquery/2.1.3/jquery-2.1.3.min.js?v=5.0.4.00.12 HTTP/1.1" 200 84320 "http://ruepprich.com/ords/f?p=139:LOGIN_DESKTOP:2455093990189:::::" "Mozilla/5.0 (Linux; Android 6.0.1; Nexus 5X Build/MMB29P) AppleWebKit/537.36 (KHTML, like Gecko) Chrome/41.0.2272.96 Mobile Safari/537.36 (compatible; Googlebot/2.1; +http://www.google.com/bot.html)"
66.249.64.159 - - [25/Oct/2016:19:20:23 +0000] "GET /i/libraries/jquery-ui/1.10.4/themes/base/jquery-ui.min.css?v=5.0.4.00.12 HTTP/1.1" 200 25763 "http://ruepprich.com/ords/f?p=139:LOGIN_DESKTOP:2455093990189:::::" "Mozilla/5.0 (Linux; Android 6.0.1; Nexus 5X Build/MMB29P) AppleWebKit/537.36 (KHTML, like Gecko) Chrome/41.0.2272.96 Mobile Safari/537.36 (compatible; Googlebot/2.1; +http://www.google.com/bot.html)"
66.249.64.159 - - [25/Oct/2016:19:20:24 +0000] "GET /i/themes/theme_42/1.0/js/modernizr-custom.min.js?v=5.0.4.00.12 HTTP/1.1" 200 5470 "http://ruepprich.com/ords/f?p=139:LOGIN_DESKTOP:2455093990189:::::" "Mozilla/5.0 (Linux; Android 6.0.1; Nexus 5X Build/MMB29P) AppleWebKit/537.36 (KHTML, like Gecko) Chrome/41.0.2272.96 Mobile Safari/537.36 (compatible; Googlebot/2.1; +http://www.google.com/bot.html)"
66.249.64.159 - - [25/Oct/2016:19:20:24 +0000] "GET /i/themes/theme_42/1.0/css/Vita.min.css?v=5.0.4.00.12 HTTP/1.1" 200 115270 "http://ruepprich.com/ords/f?p=139:LOGIN_DESKTOP:2455093990189:::::" "Mozilla/5.0 (Linux; Android 6.0.1; Nexus 5X Build/MMB29P) AppleWebKit/537.36 (KHTML, like Gecko) Chrome/41.0.2272.96 Mobile Safari/537.36 (compatible; Googlebot/2.1; +http://www.google.com/bot.html)"
66.249.64.159 - - [25/Oct/2016:19:20:25 +0000] "GET /i/libraries/apex/minified/desktop.min.js?v=5.0.4.00.12 HTTP/1.1" 200 302410 "http://ruepprich.com/ords/f?p=139:LOGIN_DESKTOP:2455093990189:::::" "Mozilla/5.0 (Linux; Android 6.0.1; Nexus 5X Build/MMB29P) AppleWebKit/537.36 (KHTML, like Gecko) Chrome/41.0.2272.96 Mobile Safari/537.36 (compatible; Googlebot/2.1; +http://www.google.com/bot.html)"
66.249.64.159 - - [25/Oct/2016:19:20:25 +0000] "GET /i/libraries/font-awesome/4.2.0/css/font-awesome.min.css?v=5.0.4.00.12 HTTP/1.1" 200 21984 "http://ruepprich.com/ords/f?p=139:LOGIN_DESKTOP:2455093990189:::::" "Mozilla/5.0 (Linux; Android 6.0.1; Nexus 5X Build/MMB29P) AppleWebKit/537.36 (KHTML, like Gecko) Chrome/41.0.2272.96 Mobile Safari/537.36 (compatible; Googlebot/2.1; +http://www.google.com/bot.html)"
66.249.64.159 - - [25/Oct/2016:19:20:26 +0000] "GET /i/themes/theme_42/1.0/css/Core.min.css?v=5.0.4.00.12 HTTP/1.1" 200 216027 "http://ruepprich.com/ords/f?p=139:LOGIN_DESKTOP:2455093990189:::::" "Mozilla/5.0 (Linux; Android 6.0.1; Nexus 5X Build/MMB29P) AppleWebKit/537.36 (KHTML, like Gecko) Chrome/41.0.2272.96 Mobile Safari/537.36 (compatible; Googlebot/2.1; +http://www.google.com/bot.html)"
66.249.64.159 - - [25/Oct/2016:19:20:26 +0000] "GET /i/plugins/com.oracle.apex.carousel/1.0/com.oracle.apex.carousel.min.js?v=5.0.4.00.12 HTTP/1.1" 200 3644 "http://ruepprich.com/ords/f?p=139:LOGIN_DESKTOP:2455093990189:::::" "Mozilla/5.0 (Linux; Android 6.0.1; Nexus 5X Build/MMB29P) AppleWebKit/537.36 (KHTML, like Gecko) Chrome/41.0.2272.96 Mobile Safari/537.36 (compatible; Googlebot/2.1; +http://www.google.com/bot.html)"
66.249.64.159 - - [25/Oct/2016:19:20:27 +0000] "GET /i/libraries/apex/minified/tooltipManager.min.js?v=5.0.4.00.12 HTTP/1.1" 200 966 "http://ruepprich.com/ords/f?p=139:LOGIN_DESKTOP:2455093990189:::::" "Mozilla/5.0 (Linux; Android 6.0.1; Nexus 5X Build/MMB29P) AppleWebKit/537.36 (KHTML, like Gecko) Chrome/41.0.2272.96 Mobile Safari/537.36 (compatible; Googlebot/2.1; +http://www.google.com/bot.html)"
66.249.64.159 - - [25/Oct/2016:19:20:27 +0000] "GET /ords/wwv_flow.js_messages?p_app_id=139&p_lang=en&p_version=5.0.4.00.12-10557778583881 HTTP/1.1" 200 - "http://ruepprich.com/ords/f?p=139:LOGIN_DESKTOP:2455093990189:::::" "Mozilla/5.0 (Linux; Android 6.0.1; Nexus 5X Build/MMB29P) AppleWebKit/537.36 (KHTML, like Gecko) Chrome/41.0.2272.96 Mobile Safari/537.36 (compatible; Googlebot/2.1; +http://www.google.com/bot.html)"
66.249.64.159 - - [25/Oct/2016:19:20:28 +0000] "GET /i/libraries/apex/minified/widget.stickyTableHeader.min.js?v=5.0.4.00.12 HTTP/1.1" 200 4722 "http://ruepprich.com/ords/f?p=139:LOGIN_DESKTOP:2455093990189:::::" "Mozilla/5.0 (Linux; Android 6.0.1; Nexus 5X Build/MMB29P) AppleWebKit/537.36 (KHTML, like Gecko) Chrome/41.0.2272.96 Mobile Safari/537.36 (compatible; Googlebot/2.1; +http://www.google.com/bot.html)"
66.249.64.159 - - [25/Oct/2016:19:20:28 +0000] "GET /i/libraries/apex/minified/widget.regionDisplaySelector.min.js?v=5.0.4.00.12 HTTP/1.1" 200 12828 "http://ruepprich.com/ords/f?p=139:LOGIN_DESKTOP:2455093990189:::::" "Mozilla/5.0 (Linux; Android 6.0.1; Nexus 5X Build/MMB29P) AppleWebKit/537.36 (KHTML, like Gecko) Chrome/41.0.2272.96 Mobile Safari/537.36 (compatible; Googlebot/2.1; +http://www.google.com/bot.html)"
66.249.64.159 - - [25/Oct/2016:19:20:29 +0000] "GET /i/themes/theme_42/1.0/js/theme42.min.js?v=5.0.4.00.12 HTTP/1.1" 200 24157 "http://ruepprich.com/ords/f?p=139:LOGIN_DESKTOP:2455093990189:::::" "Mozilla/5.0 (Linux; Android 6.0.1; Nexus 5X Build/MMB29P) AppleWebKit/537.36 (KHTML, like Gecko) Chrome/41.0.2272.96 Mobile Safari/537.36 (compatible; Googlebot/2.1; +http://www.google.com/bot.html)"
66.249.64.159 - - [25/Oct/2016:19:20:54 +0000] "GET /robots.txt HTTP/1.1" 404 23 "-" "Mozilla/5.0 (compatible; Googlebot/2.1; +http://www.google.com/bot.html)"
66.249.64.159 - - [25/Oct/2016:19:20:54 +0000] "GET / HTTP/1.1" 200 947 "-" "Mozilla/5.0 (Linux; Android 6.0.1; Nexus 5X Build/MMB29P) AppleWebKit/537.36 (KHTML, like Gecko) Chrome/41.0.2272.96 Mobile Safari/537.36 (compatible; Googlebot/2.1; +http://www.google.com/bot.html)"
66.249.64.159 - - [25/Oct/2016:19:20:55 +0000] "GET /js/materialize.min.js HTTP/1.1" 200 138417 "http://ruepprich.com/" "Mozilla/5.0 (Linux; Android 6.0.1; Nexus 5X Build/MMB29P) AppleWebKit/537.36 (KHTML, like Gecko) Chrome/41.0.2272.96 Mobile Safari/537.36 (compatible; Googlebot/2.1; +http://www.google.com/bot.html)"
66.249.64.159 - - [25/Oct/2016:19:20:55 +0000] "GET /css/materialize.min.css HTTP/1.1" 200 115111 "http://ruepprich.com/" "Mozilla/5.0 (Linux; Android 6.0.1; Nexus 5X Build/MMB29P) AppleWebKit/537.36 (KHTML, like Gecko) Chrome/41.0.2272.96 Mobile Safari/537.36 (compatible; Googlebot/2.1; +http://www.google.com/bot.html)"
66.249.64.159 - - [25/Oct/2016:19:20:56 +0000] "GET /fonts/roboto/Roboto-Thin.woff HTTP/1.1" 200 61628 "http://ruepprich.com/" "Mozilla/5.0 (Linux; Android 6.0.1; Nexus 5X Build/MMB29P) AppleWebKit/537.36 (KHTML, like Gecko) Chrome/41.0.2272.96 Mobile Safari/537.36 (compatible; Googlebot/2.1; +http://www.google.com/bot.html)"
66.249.64.159 - - [25/Oct/2016:19:20:56 +0000] "GET /fonts/roboto/Roboto-Regular.woff HTTP/1.1" 200 61736 "http://ruepprich.com/" "Mozilla/5.0 (Linux; Android 6.0.1; Nexus 5X Build/MMB29P) AppleWebKit/537.36 (KHTML, like Gecko) Chrome/41.0.2272.96 Mobile Safari/537.36 (compatible; Googlebot/2.1; +http://www.google.com/bot.html)"
66.249.64.159 - - [25/Oct/2016:19:20:57 +0000] "GET /fonts/roboto/Roboto-Light.woff HTTP/1.1" 200 62316 "http://ruepprich.com/" "Mozilla/5.0 (Linux; Android 6.0.1; Nexus 5X Build/MMB29P) AppleWebKit/537.36 (KHTML, like Gecko) Chrome/41.0.2272.96 Mobile Safari/537.36 (compatible; Googlebot/2.1; +http://www.google.com/bot.html)"
66.249.64.159 - - [25/Oct/2016:19:20:57 +0000] "GET /fonts/roboto/Roboto-Medium.woff HTTP/1.1" 200 62980 "http://ruepprich.com/" "Mozilla/5.0 (Linux; Android 6.0.1; Nexus 5X Build/MMB29P) AppleWebKit/537.36 (KHTML, like Gecko) Chrome/41.0.2272.96 Mobile Safari/537.36 (compatible; Googlebot/2.1; +http://www.google.com/bot.html)"
66.249.64.159 - - [25/Oct/2016:19:20:58 +0000] "GET /fonts/roboto/Roboto-Bold.woff HTTP/1.1" 200 62876 "http://ruepprich.com/" "Mozilla/5.0 (Linux; Android 6.0.1; Nexus 5X Build/MMB29P) AppleWebKit/537.36 (KHTML, like Gecko) Chrome/41.0.2272.96 Mobile Safari/537.36 (compatible; Googlebot/2.1; +http://www.google.com/bot.html)"
47.187.0.240 - - [25/Oct/2016:19:21:05 +0000] "GET / HTTP/1.1" 200 947 "-" "Mozilla/5.0 (Macintosh; Intel Mac OS X 10_11_6) AppleWebKit/537.36 (KHTML, like Gecko) Chrome/54.0.2840.71 Safari/537.36"
47.187.0.240 - - [25/Oct/2016:19:21:05 +0000] "GET /css/materialize.min.css HTTP/1.1" 304 - "http://ruepprich.com/" "Mozilla/5.0 (Macintosh; Intel Mac OS X 10_11_6) AppleWebKit/537.36 (KHTML, like Gecko) Chrome/54.0.2840.71 Safari/537.36"
