47.187.0.240 - - [25/Oct/2016:19:21:05 +0000] "GET /js/materialize.min.js HTTP/1.1" 304 - "http://ruepprich.com/" "Mozilla/5.0 (Macintosh; Intel Mac OS X 10_11_6) AppleWebKit/537.36 (KHTML, like Gecko) Chrome/54.0.2840.71 Safari/537.36"
47.187.0.240 - - [25/Oct/2016:19:21:06 +0000] "GET /fonts/roboto/Roboto-Regular.woff2 HTTP/1.1" 304 - "http://ruepprich.com/css/materialize.min.css" "Mozilla/5.0 (Macintosh; Intel Mac OS X 10_11_6) AppleWebKit/537.36 (KHTML, like Gecko) Chrome/54.0.2840.71 Safari/537.36"
66.249.64.167 - - [25/Oct/2016:19:22:40 +0000] "GET /robots.txt HTTP/1.1" 404 23 "-" "Mozilla/5.0 (compatible; Googlebot/2.1; +http://www.google.com/bot.html)"
66.249.64.163 - - [25/Oct/2016:19:22:40 +0000] "GET / HTTP/1.1" 200 947 "-" "Mozilla/5.0 (Linux; Android 6.0.1; Nexus 5X Build/MMB29P) AppleWebKit/537.36 (KHTML, like Gecko) Chrome/41.0.2272.96 Mobile Safari/537.36 (compatible; Googlebot/2.1; +http://www.google.com/bot.html)"
66.249.64.163 - - [25/Oct/2016:19:22:40 +0000] "GET /js/materialize.min.js HTTP/1.1" 200 138417 "http://ruepprich.com/" "Mozilla/5.0 (Linux; Android 6.0.1; Nexus 5X Build/MMB29P) AppleWebKit/537.36 (KHTML, like Gecko) Chrome/41.0.2272.96 Mobile Safari/537.36 (compatible; Googlebot/2.1; +http://www.google.com/bot.html)"
66.249.64.167 - - [25/Oct/2016:19:22:41 +0000] "GET /css/materialize.min.css HTTP/1.1" 200 115111 "http://ruepprich.com/" "Mozilla/5.0 (Linux; Android 6.0.1; Nexus 5X Build/MMB29P) AppleWebKit/537.36 (KHTML, like Gecko) Chrome/41.0.2272.96 Mobile Safari/537.36 (compatible; Googlebot/2.1; +http://www.google.com/bot.html)"
66.249.64.163 - - [25/Oct/2016:19:22:41 +0000] "GET /fonts/roboto/Roboto-Light.woff HTTP/1.1" 200 62316 "http://ruepprich.com/" "Mozilla/5.0 (Linux; Android 6.0.1; Nexus 5X Build/MMB29P) AppleWebKit/537.36 (KHTML, like Gecko) Chrome/41.0.2272.96 Mobile Safari/537.36 (compatible; Googlebot/2.1; +http://www.google.com/bot.html)"
66.249.64.159 - - [25/Oct/2016:19:22:42 +0000] "GET /fonts/roboto/Roboto-Regular.woff HTTP/1.1" 200 61736 "http://ruepprich.com/" "Mozilla/5.0 (Linux; Android 6.0.1; Nexus 5X Build/MMB29P) AppleWebKit/537.36 (KHTML, like Gecko) Chrome/41.0.2272.96 Mobile Safari/537.36 (compatible; Googlebot/2.1; +http://www.google.com/bot.html)"
66.249.64.163 - - [25/Oct/2016:19:22:42 +0000] "GET /fonts/roboto/Roboto-Bold.woff HTTP/1.1" 200 62876 "http://ruepprich.com/" "Mozilla/5.0 (Linux; Android 6.0.1; Nexus 5X Build/MMB29P) AppleWebKit/537.36 (KHTML, like Gecko) Chrome/41.0.2272.96 Mobile Safari/537.36 (compatible; Googlebot/2.1; +http://www.google.com/bot.html)"
66.249.64.163 - - [25/Oct/2016:19:22:43 +0000] "GET /fonts/roboto/Roboto-Thin.woff HTTP/1.1" 200 61628 "http://ruepprich.com/" "Mozilla/5.0 (Linux; Android 6.0.1; Nexus 5X Build/MMB29P) AppleWebKit/537.36 (KHTML, like Gecko) Chrome/41.0.2272.96 Mobile Safari/537.36 (compatible; Googlebot/2.1; +http://www.google.com/bot.html)"
66.249.64.159 - - [25/Oct/2016:19:22:43 +0000] "GET /fonts/roboto/Roboto-Medium.woff HTTP/1.1" 200 62980 "http://ruepprich.com/" "Mozilla/5.0 (Linux; Android 6.0.1; Nexus 5X Build/MMB29P) AppleWebKit/537.36 (KHTML, like Gecko) Chrome/41.0.2272.96 Mobile Safari/537.36 (compatible; Googlebot/2.1; +http://www.google.com/bot.html)"
47.187.0.240 - - [25/Oct/2016:19:22:57 +0000] "GET / HTTP/1.1" 304 - "-" "Mozilla/5.0 (Macintosh; Intel Mac OS X 10_11_6) AppleWebKit/537.36 (KHTML, like Gecko) Chrome/54.0.2840.71 Safari/537.36"
47.187.0.240 - - [25/Oct/2016:19:22:57 +0000] "GET /css/materialize.min.css HTTP/1.1" 304 - "http://ruepprich.com/" "Mozilla/5.0 (Macintosh; Intel Mac OS X 10_11_6) AppleWebKit/537.36 (KHTML, like Gecko) Chrome/54.0.2840.71 Safari/537.36"
47.187.0.240 - - [25/Oct/2016:19:22:57 +0000] "GET /js/materialize.min.js HTTP/1.1" 304 - "http://ruepprich.com/" "Mozilla/5.0 (Macintosh; Intel Mac OS X 10_11_6) AppleWebKit/537.36 (KHTML, like Gecko) Chrome/54.0.2840.71 Safari/537.36"
66.249.64.159 - - [25/Oct/2016:19:22:57 +0000] "GET / HTTP/1.1" 200 947 "-" "Mozilla/5.0 (Linux; Android 6.0.1; Nexus 5X Build/MMB29P) AppleWebKit/537.36 (KHTML, like Gecko) Chrome/41.0.2272.96 Mobile Safari/537.36 (compatible; Googlebot/2.1; +http://www.google.com/bot.html)"
47.187.0.240 - - [25/Oct/2016:19:22:58 +0000] "GET /fonts/roboto/Roboto-Regular.woff2 HTTP/1.1" 304 - "http://ruepprich.com/css/materialize.min.css" "Mozilla/5.0 (Macintosh; Intel Mac OS X 10_11_6) AppleWebKit/537.36 (KHTML, like Gecko) Chrome/54.0.2840.71 Safari/537.36"
66.249.64.163 - - [25/Oct/2016:19:22:58 +0000] "GET /js/materialize.min.js HTTP/1.1" 200 138417 "http://ruepprich.com/" "Mozilla/5.0 (Linux; Android 6.0.1; Nexus 5X Build/MMB29P) AppleWebKit/537.36 (KHTML, like Gecko) Chrome/41.0.2272.96 Mobile Safari/537.36 (compatible; Googlebot/2.1; +http://www.google.com/bot.html)"
66.249.64.159 - - [25/Oct/2016:19:22:58 +0000] "GET /css/materialize.min.css HTTP/1.1" 200 115111 "http://ruepprich.com/" "Mozilla/5.0 (Linux; Android 6.0.1; Nexus 5X Build/MMB29P) AppleWebKit/537.36 (KHTML, like Gecko) Chrome/41.0.2272.96 Mobile Safari/537.36 (compatible; Googlebot/2.1; +http://www.google.com/bot.html)"
66.249.64.163 - - [25/Oct/2016:19:22:59 +0000] "GET /fonts/roboto/Roboto-Thin.woff HTTP/1.1" 200 61628 "http://ruepprich.com/" "Mozilla/5.0 (Linux; Android 6.0.1; Nexus 5X Build/MMB29P) AppleWebKit/537.36 (KHTML, like Gecko) Chrome/41.0.2272.96 Mobile Safari/537.36 (compatible; Googlebot/2.1; +http://www.google.com/bot.html)"
66.249.64.163 - - [25/Oct/2016:19:22:59 +0000] "GET /fonts/roboto/Roboto-Light.woff HTTP/1.1" 200 62316 "http://ruepprich.com/" "Mozilla/5.0 (Linux; Android 6.0.1; Nexus 5X Build/MMB29P) AppleWebKit/537.36 (KHTML, like Gecko) Chrome/41.0.2272.96 Mobile Safari/537.36 (compatible; Googlebot/2.1; +http://www.google.com/bot.html)"
66.249.64.159 - - [25/Oct/2016:19:23:00 +0000] "GET /fonts/roboto/Roboto-Regular.woff HTTP/1.1" 200 61736 "http://ruepprich.com/" "Mozilla/5.0 (Linux; Android 6.0.1; Nexus 5X Build/MMB29P) AppleWebKit/537.36 (KHTML, like Gecko) Chrome/41.0.2272.96 Mobile Safari/537.36 (compatible; Googlebot/2.1; +http://www.google.com/bot.html)"
66.249.64.159 - - [25/Oct/2016:19:23:00 +0000] "GET /fonts/roboto/Roboto-Medium.woff HTTP/1.1" 200 62980 "http://ruepprich.com/" "Mozilla/5.0 (Linux; Android 6.0.1; Nexus 5X Build/MMB29P) AppleWebKit/537.36 (KHTML, like Gecko) Chrome/41.0.2272.96 Mobile Safari/537.36 (compatible; Googlebot/2.1; +http://www.google.com/bot.html)"
66.249.64.163 - - [25/Oct/2016:19:23:01 +0000] "GET /fonts/roboto/Roboto-Bold.woff HTTP/1.1" 200 62876 "http://ruepprich.com/" "Mozilla/5.0 (Linux; Android 6.0.1; Nexus 5X Build/MMB29P) AppleWebKit/537.36 (KHTML, like Gecko) Chrome/41.0.2272.96 Mobile Safari/537.36 (compatible; Googlebot/2.1; +http://www.google.com/bot.html)"
47.187.0.240 - - [25/Oct/2016:19:23:04 +0000] "GET /ords/f?p=139 HTTP/1.1" 302 - "http://ruepprich.com/" "Mozilla/5.0 (Macintosh; Intel Mac OS X 10_11_6) AppleWebKit/537.36 (KHTML, like Gecko) Chrome/54.0.2840.71 Safari/537.36"
47.187.0.240 - - [25/Oct/2016:19:23:04 +0000] "GET /ords/f?p=139:2:::::: HTTP/1.1" 302 - "http://ruepprich.com/" "Mozilla/5.0 (Macintosh; Intel Mac OS X 10_11_6) AppleWebKit/537.36 (KHTML, like Gecko) Chrome/54.0.2840.71 Safari/537.36"
47.187.0.240 - - [25/Oct/2016:19:23:04 +0000] "GET /ords/f?p=139:LOGIN_DESKTOP:7172571719890::::: HTTP/1.1" 200 - "http://ruepprich.com/" "Mozilla/5.0 (Macintosh; Intel Mac OS X 10_11_6) AppleWebKit/537.36 (KHTML, like Gecko) Chrome/54.0.2840.71 Safari/537.36"
47.187.0.240 - - [25/Oct/2016:19:23:04 +0000] "GET /i/app_ui/css/Core.min.css?v=5.0.4.00.12 HTTP/1.1" 304 - "http://ruepprich.com/ords/f?p=139:LOGIN_DESKTOP:7172571719890:::::" "Mozilla/5.0 (Macintosh; Intel Mac OS X 10_11_6) AppleWebKit/537.36 (KHTML, like Gecko) Chrome/54.0.2840.71 Safari/537.36"
47.187.0.240 - - [25/Oct/2016:19:23:04 +0000] "GET /i/app_ui/css/Theme-Standard.min.css?v=5.0.4.00.12 HTTP/1.1" 304 - "http://ruepprich.com/ords/f?p=139:LOGIN_DESKTOP:7172571719890:::::" "Mozilla/5.0 (Macintosh; Intel Mac OS X 10_11_6) AppleWebKit/537.36 (KHTML, like Gecko) Chrome/54.0.2840.71 Safari/537.36"
47.187.0.240 - - [25/Oct/2016:19:23:04 +0000] "GET /i/libraries/jquery-ui/1.10.4/themes/base/jquery-ui.min.css?v=5.0.4.00.12 HTTP/1.1" 304 - "http://ruepprich.com/ords/f?p=139:LOGIN_DESKTOP:7172571719890:::::" "Mozilla/5.0 (Macintosh; Intel Mac OS X 10_11_6) AppleWebKit/537.36 (KHTML, like Gecko) Chrome/54.0.2840.71 Safari/537.36"
47.187.0.240 - - [25/Oct/2016:19:23:04 +0000] "GET /i/libraries/font-awesome/4.2.0/css/font-awesome.min.css?v=5.0.4.00.12 HTTP/1.1" 304 - "http://ruepprich.com/ords/f?p=139:LOGIN_DESKTOP:7172571719890:::::" "Mozilla/5.0 (Macintosh; Intel Mac OS X 10_11_6) AppleWebKit/537.36 (KHTML, like Gecko) Chrome/54.0.2840.71 Safari/537.36"
47.187.0.240 - - [25/Oct/2016:19:23:04 +0000] "GET /i/themes/theme_42/1.0/css/Core.min.css?v=5.0.4.00.12 HTTP/1.1" 304 - "http://ruepprich.com/ords/f?p=139:LOGIN_DESKTOP:7172571719890:::::" "Mozilla/5.0 (Macintosh; Intel Mac OS X 10_11_6) AppleWebKit/537.36 (KHTML, like Gecko) Chrome/54.0.2840.71 Safari/537.36"
47.187.0.240 - - [25/Oct/2016:19:23:04 +0000] "GET /i/themes/theme_42/1.0/css/Vita.min.css?v=5.0.4.00.12 HTTP/1.1" 304 - "http://ruepprich.com/ords/f?p=139:LOGIN_DESKTOP:7172571719890:::::" "Mozilla/5.0 (Macintosh; Intel Mac OS X 10_11_6) AppleWebKit/537.36 (KHTML, like Gecko) Chrome/54.0.2840.71 Safari/537.36"
47.187.0.240 - - [25/Oct/2016:19:23:04 +0000] "GET /i/libraries/jquery/2.1.3/jquery-2.1.3.min.js?v=5.0.4.00.12 HTTP/1.1" 304 - "http://ruepprich.com/ords/f?p=139:LOGIN_DESKTOP:7172571719890:::::" "Mozilla/5.0 (Macintosh; Intel Mac OS X 10_11_6) AppleWebKit/537.36 (KHTML, like Gecko) Chrome/54.0.2840.71 Safari/537.36"
47.187.0.240 - - [25/Oct/2016:19:23:04 +0000] "GET /i/libraries/apex/minified/desktop.min.js?v=5.0.4.00.12 HTTP/1.1" 304 - "http://ruepprich.com/ords/f?p=139:LOGIN_DESKTOP:7172571719890:::::" "Mozilla/5.0 (Macintosh; Intel Mac OS X 10_11_6) AppleWebKit/537.36 (KHTML, like Gecko) Chrome/54.0.2840.71 Safari/537.36"
47.187.0.240 - - [25/Oct/2016:19:23:04 +0000] "GET /i/libraries/apex/minified/widget.regionDisplaySelector.min.js?v=5.0.4.00.12 HTTP/1.1" 304 - "http://ruepprich.com/ords/f?p=139:LOGIN_DESKTOP:7172571719890:::::" "Mozilla/5.0 (Macintosh; Intel Mac OS X 10_11_6) AppleWebKit/537.36 (KHTML, like Gecko) Chrome/54.0.2840.71 Safari/537.36"
47.187.0.240 - - [25/Oct/2016:19:23:04 +0000] "GET /i/libraries/apex/minified/widget.stickyWidget.min.js?v=5.0.4.00.12 HTTP/1.1" 304 - "http://ruepprich.com/ords/f?p=139:LOGIN_DESKTOP:7172571719890:::::" "Mozilla/5.0 (Macintosh; Intel Mac OS X 10_11_6) AppleWebKit/537.36 (KHTML, like Gecko) Chrome/54.0.2840.71 Safari/537.36"
47.187.0.240 - - [25/Oct/2016:19:23:04 +0000] "GET /i/libraries/apex/minified/widget.stickyTableHeader.min.js?v=5.0.4.00.12 HTTP/1.1" 304 - "http://ruepprich.com/ords/f?p=139:LOGIN_DESKTOP:7172571719890:::::" "Mozilla/5.0 (Macintosh; Intel Mac OS X 10_11_6) AppleWebKit/537.36 (KHTML, like Gecko) Chrome/54.0.2840.71 Safari/537.36"
47.187.0.240 - - [25/Oct/2016:19:23:04 +0000] "GET /i/libraries/apex/minified/tooltipManager.min.js?v=5.0.4.00.12 HTTP/1.1" 304 - "http://ruepprich.com/ords/f?p=139:LOGIN_DESKTOP:7172571719890:::::" "Mozilla/5.0 (Macintosh; Intel Mac OS X 10_11_6) AppleWebKit/537.36 (KHTML, like Gecko) Chrome/54.0.2840.71 Safari/537.36"
47.187.0.240 - - [25/Oct/2016:19:23:04 +0000] "GET /i/libraries/hammer/2.0.3/hammer.min.js?v=5.0.4.00.12 HTTP/1.1" 304 - "http://ruepprich.com/ords/f?p=139:LOGIN_DESKTOP:7172571719890:::::" "Mozilla/5.0 (Macintosh; Intel Mac OS X 10_11_6) AppleWebKit/537.36 (KHTML, like Gecko) Chrome/54.0.2840.71 Safari/537.36"
47.187.0.240 - - [25/Oct/2016:19:23:04 +0000] "GET /i/themes/theme_42/1.0/js/modernizr-custom.min.js?v=5.0.4.00.12 HTTP/1.1" 304 - "http://ruepprich.com/ords/f?p=139:LOGIN_DESKTOP:7172571719890:::::" "Mozilla/5.0 (Macintosh; Intel Mac OS X 10_11_6) AppleWebKit/537.36 (KHTML, like Gecko) Chrome/54.0.2840.71 Safari/537.36"
47.187.0.240 - - [25/Oct/2016:19:23:04 +0000] "GET /i/plugins/com.oracle.apex.carousel/1.0/com.oracle.apex.carousel.min.js?v=5.0.4.00.12 HTTP/1.1" 304 - "http://ruepprich.com/ords/f?p=139:LOGIN_DESKTOP:7172571719890:::::" "Mozilla/5.0 (Macintosh; Intel Mac OS X 10_11_6) AppleWebKit/537.36 (KHTML, like Gecko) Chrome/54.0.2840.71 Safari/537.36"
47.187.0.240 - - [25/Oct/2016:19:23:04 +0000] "GET /i/themes/theme_42/1.0/js/theme42.min.js?v=5.0.4.00.12 HTTP/1.1" 304 - "http://ruepprich.com/ords/f?p=139:LOGIN_DESKTOP:7172571719890:::::" "Mozilla/5.0 (Macintosh; Intel Mac OS X 10_11_6) AppleWebKit/537.36 (KHTML, like Gecko) Chrome/54.0.2840.71 Safari/537.36"
66.249.64.159 - - [25/Oct/2016:19:23:04 +0000] "GET /ords/f?p=139:LOGIN_DESKTOP:7172571719890::::: HTTP/1.1" 302 - "-" "Mozilla/5.0 (Linux; Android 6.0.1; Nexus 5X Build/MMB29P) AppleWebKit/537.36 (KHTML, like Gecko) Chrome/41.0.2272.96 Mobile Safari/537.36 (compatible; Googlebot/2.1; +http://www.google.com/bot.html)"
66.249.64.159 - - [25/Oct/2016:19:23:05 +0000] "GET /ords/f?p=139:2:259954201185::::: HTTP/1.1" 302 - "-" "Mozilla/5.0 (Linux; Android 6.0.1; Nexus 5X Build/MMB29P) AppleWebKit/537.36 (KHTML, like Gecko) Chrome/41.0.2272.96 Mobile Safari/537.36 (compatible; Googlebot/2.1; +http://www.google.com/bot.html)"
66.249.64.159 - - [25/Oct/2016:19:23:06 +0000] "GET /ords/f?p=139:LOGIN_DESKTOP:259954201185::::: HTTP/1.1" 200 - "-" "Mozilla/5.0 (Linux; Android 6.0.1; Nexus 5X Build/MMB29P) AppleWebKit/537.36 (KHTML, like Gecko) Chrome/41.0.2272.96 Mobile Safari/537.36 (compatible; Googlebot/2.1; +http://www.google.com/bot.html)"
66.249.64.159 - - [25/Oct/2016:19:23:06 +0000] "GET /i/app_ui/css/Core.min.css?v=5.0.4.00.12 HTTP/1.1" 200 82555 "http://ruepprich.com/ords/f?p=139:LOGIN_DESKTOP:259954201185:::::" "Mozilla/5.0 (Linux; Android 6.0.1; Nexus 5X Build/MMB29P) AppleWebKit/537.36 (KHTML, like Gecko) Chrome/41.0.2272.96 Mobile Safari/537.36 (compatible; Googlebot/2.1; +http://www.google.com/bot.html)"
66.249.64.159 - - [25/Oct/2016:19:23:06 +0000] "GET /i/libraries/apex/minified/desktop.min.js?v=5.0.4.00.12 HTTP/1.1" 200 302410 "http://ruepprich.com/ords/f?p=139:LOGIN_DESKTOP:259954201185:::::" "Mozilla/5.0 (Linux; Android 6.0.1; Nexus 5X Build/MMB29P) AppleWebKit/537.36 (KHTML, like Gecko) Chrome/41.0.2272.96 Mobile Safari/537.36 (compatible; Googlebot/2.1; +http://www.google.com/bot.html)"
66.249.64.159 - - [25/Oct/2016:19:23:07 +0000] "GET /i/themes/theme_42/1.0/css/Core.min.css?v=5.0.4.00.12 HTTP/1.1" 200 216027 "http://ruepprich.com/ords/f?p=139:LOGIN_DESKTOP:259954201185:::::" "Mozilla/5.0 (Linux; Android 6.0.1; Nexus 5X Build/MMB29P) AppleWebKit/537.36 (KHTML, like Gecko) Chrome/41.0.2272.96 Mobile Safari/537.36 (compatible; Googlebot/2.1; +http://www.google.com/bot.html)"
66.249.64.159 - - [25/Oct/2016:19:23:07 +0000] "GET /i/libraries/font-awesome/4.2.0/css/font-awesome.min.css?v=5.0.4.00.12 HTTP/1.1" 200 21984 "http://ruepprich.com/ords/f?p=139:LOGIN_DESKTOP:259954201185:::::" "Mozilla/5.0 (Linux; Android 6.0.1; Nexus 5X Build/MMB29P) AppleWebKit/537.36 (KHTML, like Gecko) Chrome/41.0.2272.96 Mobile Safari/537.36 (compatible; Googlebot/2.1; +http://www.google.com/bot.html)"
66.249.64.159 - - [25/Oct/2016:19:23:08 +0000] "GET /i/libraries/jquery-ui/1.10.4/themes/base/jquery-ui.min.css?v=5.0.4.00.12 HTTP/1.1" 200 25763 "http://ruepprich.com/ords/f?p=139:LOGIN_DESKTOP:259954201185:::::" "Mozilla/5.0 (Linux; Android 6.0.1; Nexus 5X Build/MMB29P) AppleWebKit/537.36 (KHTML, like Gecko) Chrome/41.0.2272.96 Mobile Safari/537.36 (compatible; Googlebot/2.1; +http://www.google.com/bot.html)"
66.249.64.159 - - [25/Oct/2016:19:23:08 +0000] "GET /i/libraries/apex/minified/tooltipManager.min.js?v=5.0.4.00.12 HTTP/1.1" 200 966 "http://ruepprich.com/ords/f?p=139:LOGIN_DESKTOP:259954201185:::::" "Mozilla/5.0 (Linux; Android 6.0.1; Nexus 5X Build/MMB29P) AppleWebKit/537.36 (KHTML, like Gecko) Chrome/41.0.2272.96 Mobile Safari/537.36 (compatible; Googlebot/2.1; +http://www.google.com/bot.html)"
66.249.64.159 - - [25/Oct/2016:19:23:09 +0000] "GET /i/app_ui/css/Theme-Standard.min.css?v=5.0.4.00.12 HTTP/1.1" 200 9697 "http://ruepprich.com/ords/f?p=139:LOGIN_DESKTOP:259954201185:::::" "Mozilla/5.0 (Linux; Android 6.0.1; Nexus 5X Build/MMB29P) AppleWebKit/537.36 (KHTML, like Gecko) Chrome/41.0.2272.96 Mobile Safari/537.36 (compatible; Googlebot/2.1; +http://www.google.com/bot.html)"
66.249.64.159 - - [25/Oct/2016:19:23:09 +0000] "GET /i/libraries/apex/minified/widget.stickyWidget.min.js?v=5.0.4.00.12 HTTP/1.1" 200 4382 "http://ruepprich.com/ords/f?p=139:LOGIN_DESKTOP:259954201185:::::" "Mozilla/5.0 (Linux; Android 6.0.1; Nexus 5X Build/MMB29P) AppleWebKit/537.36 (KHTML, like Gecko) Chrome/41.0.2272.96 Mobile Safari/537.36 (compatible; Googlebot/2.1; +http://www.google.com/bot.html)"
66.249.64.159 - - [25/Oct/2016:19:23:10 +0000] "GET /i/libraries/apex/minified/widget.stickyTableHeader.min.js?v=5.0.4.00.12 HTTP/1.1" 200 4722 "http://ruepprich.com/ords/f?p=139:LOGIN_DESKTOP:259954201185:::::" "Mozilla/5.0 (Linux; Android 6.0.1; Nexus 5X Build/MMB29P) AppleWebKit/537.36 (KHTML, like Gecko) Chrome/41.0.2272.96 Mobile Safari/537.36 (compatible; Googlebot/2.1; +http://www.google.com/bot.html)"
66.249.64.159 - - [25/Oct/2016:19:23:10 +0000] "GET /i/themes/theme_42/1.0/css/Vita.min.css?v=5.0.4.00.12 HTTP/1.1" 200 115270 "http://ruepprich.com/ords/f?p=139:LOGIN_DESKTOP:259954201185:::::" "Mozilla/5.0 (Linux; Android 6.0.1; Nexus 5X Build/MMB29P) AppleWebKit/537.36 (KHTML, like Gecko) Chrome/41.0.2272.96 Mobile Safari/537.36 (compatible; Googlebot/2.1; +http://www.google.com/bot.html)"
66.249.64.159 - - [25/Oct/2016:19:23:11 +0000] "GET /i/themes/theme_42/1.0/js/modernizr-custom.min.js?v=5.0.4.00.12 HTTP/1.1" 200 5470 "http://ruepprich.com/ords/f?p=139:LOGIN_DESKTOP:259954201185:::::" "Mozilla/5.0 (Linux; Android 6.0.1; Nexus 5X Build/MMB29P) AppleWebKit/537.36 (KHTML, like Gecko) Chrome/41.0.2272.96 Mobile Safari/537.36 (compatible; Googlebot/2.1; +http://www.google.com/bot.html)"
66.249.64.159 - - [25/Oct/2016:19:23:11 +0000] "GET /ords/wwv_flow.js_messages?p_app_id=139&p_lang=en&p_version=5.0.4.00.12-10557778583881 HTTP/1.1" 200 - "http://ruepprich.com/ords/f?p=139:LOGIN_DESKTOP:259954201185:::::" "Mozilla/5.0 (Linux; Android 6.0.1; Nexus 5X Build/MMB29P) AppleWebKit/537.36 (KHTML, like Gecko) Chrome/41.0.2272.96 Mobile Safari/537.36 (compatible; Googlebot/2.1; +http://www.google.com/bot.html)"
66.249.64.159 - - [25/Oct/2016:19:23:12 +0000] "GET /i/libraries/apex/minified/widget.regionDisplaySelector.min.js?v=5.0.4.00.12 HTTP/1.1" 200 12828 "http://ruepprich.com/ords/f?p=139:LOGIN_DESKTOP:259954201185:::::" "Mozilla/5.0 (Linux; Android 6.0.1; Nexus 5X Build/MMB29P) AppleWebKit/537.36 (KHTML, like Gecko) Chrome/41.0.2272.96 Mobile Safari/537.36 (compatible; Googlebot/2.1; +http://www.google.com/bot.html)"
66.249.64.159 - - [25/Oct/2016:19:23:12 +0000] "GET /i/themes/theme_42/1.0/js/theme42.min.js?v=5.0.4.00.12 HTTP/1.1" 200 24157 "http://ruepprich.com/ords/f?p=139:LOGIN_DESKTOP:259954201185:::::" "Mozilla/5.0 (Linux; Android 6.0.1; Nexus 5X Build/MMB29P) AppleWebKit/537.36 (KHTML, like Gecko) Chrome/41.0.2272.96 Mobile Safari/537.36 (compatible; Googlebot/2.1; +http://www.google.com/bot.html)"
66.249.64.159 - - [25/Oct/2016:19:23:13 +0000] "GET /i/plugins/com.oracle.apex.carousel/1.0/com.oracle.apex.carousel.min.js?v=5.0.4.00.12 HTTP/1.1" 200 3644 "http://ruepprich.com/ords/f?p=139:LOGIN_DESKTOP:259954201185:::::" "Mozilla/5.0 (Linux; Android 6.0.1; Nexus 5X Build/MMB29P) AppleWebKit/537.36 (KHTML, like Gecko) Chrome/41.0.2272.96 Mobile Safari/537.36 (compatible; Googlebot/2.1; +http://www.google.com/bot.html)"
66.249.64.159 - - [25/Oct/2016:19:23:13 +0000] "GET /i/libraries/hammer/2.0.3/hammer.min.js?v=5.0.4.00.12 HTTP/1.1" 200 29352 "http://ruepprich.com/ords/f?p=139:LOGIN_DESKTOP:259954201185:::::" "Mozilla/5.0 (Linux; Android 6.0.1; Nexus 5X Build/MMB29P) AppleWebKit/537.36 (KHTML, like Gecko) Chrome/41.0.2272.96 Mobile Safari/537.36 (compatible; Googlebot/2.1; +http://www.google.com/bot.html)"
66.249.64.159 - - [25/Oct/2016:19:23:14 +0000] "GET /i/libraries/jquery/2.1.3/jquery-2.1.3.min.js?v=5.0.4.00.12 HTTP/1.1" 200 84320 "http://ruepprich.com/ords/f?p=139:LOGIN_DESKTOP:259954201185:::::" "Mozilla/5.0 (Linux; Android 6.0.1; Nexus 5X Build/MMB29P) AppleWebKit/537.36 (KHTML, like Gecko) Chrome/41.0.2272.96 Mobile Safari/537.36 (compatible; Googlebot/2.1; +http://www.google.com/bot.html)"
66.249.64.159 - - [25/Oct/2016:20:10:29 +0000] "GET /robots.txt HTTP/1.1" 404 23 "-" "Mozilla/5.0 (compatible; Googlebot/2.1; +http://www.google.com/bot.html)"
66.249.64.163 - - [25/Oct/2016:20:10:29 +0000] "GET / HTTP/1.1" 200 947 "-" "Mozilla/5.0 (Linux; Android 6.0.1; Nexus 5X Build/MMB29P) AppleWebKit/537.36 (KHTML, like Gecko) Chrome/41.0.2272.96 Mobile Safari/537.36 (compatible; Googlebot/2.1; +http://www.google.com/bot.html)"
47.187.0.240 - - [25/Oct/2016:20:11:22 +0000] "GET /yikes HTTP/1.1" 200 6 "-" "Mozilla/5.0 (Macintosh; Intel Mac OS X 10_11_6) AppleWebKit/537.36 (KHTML, like Gecko) Chrome/54.0.2840.71 Safari/537.36"
66.249.64.159 - - [25/Oct/2016:20:11:23 +0000] "GET /yikes HTTP/1.1" 200 6 "-" "Mozilla/5.0 (Linux; Android 6.0.1; Nexus 5X Build/MMB29P) AppleWebKit/537.36 (KHTML, like Gecko) Chrome/41.0.2272.96 Mobile Safari/537.36 (compatible; Googlebot/2.1; +http://www.google.com/bot.html)"
47.187.0.240 - - [25/Oct/2016:20:16:02 +0000] "GET /yikes HTTP/1.1" 304 - "-" "Mozilla/5.0 (Macintosh; Intel Mac OS X 10_11_6) AppleWebKit/537.36 (KHTML, like Gecko) Chrome/54.0.2840.71 Safari/537.36"
66.249.64.163 - - [25/Oct/2016:20:16:02 +0000] "GET /robots.txt HTTP/1.1" 404 23 "-" "Mozilla/5.0 (compatible; Googlebot/2.1; +http://www.google.com/bot.html)"
66.249.64.159 - - [25/Oct/2016:20:16:02 +0000] "GET /yikes HTTP/1.1" 200 6 "-" "Mozilla/5.0 (Linux; Android 6.0.1; Nexus 5X Build/MMB29P) AppleWebKit/537.36 (KHTML, like Gecko) Chrome/41.0.2272.96 Mobile Safari/537.36 (compatible; Googlebot/2.1; +http://www.google.com/bot.html)"
47.187.0.240 - - [25/Oct/2016:20:16:54 +0000] "GET /uptime HTTP/1.1" 200 70 "-" "Mozilla/5.0 (Macintosh; Intel Mac OS X 10_11_6) AppleWebKit/537.36 (KHTML, like Gecko) Chrome/54.0.2840.71 Safari/537.36"
66.249.64.163 - - [25/Oct/2016:20:16:54 +0000] "GET /uptime HTTP/1.1" 200 70 "-" "Mozilla/5.0 (Linux; Android 6.0.1; Nexus 5X Build/MMB29P) AppleWebKit/537.36 (KHTML, like Gecko) Chrome/41.0.2272.96 Mobile Safari/537.36 (compatible; Googlebot/2.1; +http://www.google.com/bot.html)"
47.187.0.240 - - [25/Oct/2016:20:18:48 +0000] "GET / HTTP/1.1" 200 1008 "-" "Mozilla/5.0 (Macintosh; Intel Mac OS X 10_11_6) AppleWebKit/537.36 (KHTML, like Gecko) Chrome/54.0.2840.71 Safari/537.36"
47.187.0.240 - - [25/Oct/2016:20:18:48 +0000] "GET /css/materialize.min.css HTTP/1.1" 304 - "http://ruepprich.com/" "Mozilla/5.0 (Macintosh; Intel Mac OS X 10_11_6) AppleWebKit/537.36 (KHTML, like Gecko) Chrome/54.0.2840.71 Safari/537.36"
47.187.0.240 - - [25/Oct/2016:20:18:48 +0000] "GET /js/materialize.min.js HTTP/1.1" 304 - "http://ruepprich.com/" "Mozilla/5.0 (Macintosh; Intel Mac OS X 10_11_6) AppleWebKit/537.36 (KHTML, like Gecko) Chrome/54.0.2840.71 Safari/537.36"
66.249.64.163 - - [25/Oct/2016:20:18:48 +0000] "GET /robots.txt HTTP/1.1" 404 23 "-" "Mozilla/5.0 (compatible; Googlebot/2.1; +http://www.google.com/bot.html)"
66.249.64.159 - - [25/Oct/2016:20:18:48 +0000] "GET / HTTP/1.1" 200 1008 "-" "Mozilla/5.0 (Linux; Android 6.0.1; Nexus 5X Build/MMB29P) AppleWebKit/537.36 (KHTML, like Gecko) Chrome/41.0.2272.96 Mobile Safari/537.36 (compatible; Googlebot/2.1; +http://www.google.com/bot.html)"
47.187.0.240 - - [25/Oct/2016:20:18:48 +0000] "GET /fonts/roboto/Roboto-Regular.woff2 HTTP/1.1" 304 - "http://ruepprich.com/css/materialize.min.css" "Mozilla/5.0 (Macintosh; Intel Mac OS X 10_11_6) AppleWebKit/537.36 (KHTML, like Gecko) Chrome/54.0.2840.71 Safari/537.36"
66.249.64.163 - - [25/Oct/2016:20:18:49 +0000] "GET /js/materialize.min.js HTTP/1.1" 200 138417 "http://ruepprich.com/" "Mozilla/5.0 (Linux; Android 6.0.1; Nexus 5X Build/MMB29P) AppleWebKit/537.36 (KHTML, like Gecko) Chrome/41.0.2272.96 Mobile Safari/537.36 (compatible; Googlebot/2.1; +http://www.google.com/bot.html)"
66.249.64.159 - - [25/Oct/2016:20:18:49 +0000] "GET /css/materialize.min.css HTTP/1.1" 200 115111 "http://ruepprich.com/" "Mozilla/5.0 (Linux; Android 6.0.1; Nexus 5X Build/MMB29P) AppleWebKit/537.36 (KHTML, like Gecko) Chrome/41.0.2272.96 Mobile Safari/537.36 (compatible; Googlebot/2.1; +http://www.google.com/bot.html)"
66.249.64.163 - - [25/Oct/2016:20:18:49 +0000] "GET /fonts/roboto/Roboto-Regular.woff HTTP/1.1" 200 61736 "http://ruepprich.com/" "Mozilla/5.0 (Linux; Android 6.0.1; Nexus 5X Build/MMB29P) AppleWebKit/537.36 (KHTML, like Gecko) Chrome/41.0.2272.96 Mobile Safari/537.36 (compatible; Googlebot/2.1; +http://www.google.com/bot.html)"
66.249.64.163 - - [25/Oct/2016:20:18:50 +0000] "GET /fonts/roboto/Roboto-Bold.woff HTTP/1.1" 200 62876 "http://ruepprich.com/" "Mozilla/5.0 (Linux; Android 6.0.1; Nexus 5X Build/MMB29P) AppleWebKit/537.36 (KHTML, like Gecko) Chrome/41.0.2272.96 Mobile Safari/537.36 (compatible; Googlebot/2.1; +http://www.google.com/bot.html)"
66.249.64.159 - - [25/Oct/2016:20:18:50 +0000] "GET /fonts/roboto/Roboto-Light.woff HTTP/1.1" 200 62316 "http://ruepprich.com/" "Mozilla/5.0 (Linux; Android 6.0.1; Nexus 5X Build/MMB29P) AppleWebKit/537.36 (KHTML, like Gecko) Chrome/41.0.2272.96 Mobile Safari/537.36 (compatible; Googlebot/2.1; +http://www.google.com/bot.html)"
66.249.64.167 - - [25/Oct/2016:20:18:51 +0000] "GET /fonts/roboto/Roboto-Thin.woff HTTP/1.1" 200 61628 "http://ruepprich.com/" "Mozilla/5.0 (Linux; Android 6.0.1; Nexus 5X Build/MMB29P) AppleWebKit/537.36 (KHTML, like Gecko) Chrome/41.0.2272.96 Mobile Safari/537.36 (compatible; Googlebot/2.1; +http://www.google.com/bot.html)"
47.187.0.240 - - [25/Oct/2016:20:18:51 +0000] "GET /uptime HTTP/1.1" 200 70 "http://ruepprich.com/" "Mozilla/5.0 (Macintosh; Intel Mac OS X 10_11_6) AppleWebKit/537.36 (KHTML, like Gecko) Chrome/54.0.2840.71 Safari/537.36"
66.249.64.167 - - [25/Oct/2016:20:18:51 +0000] "GET /fonts/roboto/Roboto-Medium.woff HTTP/1.1" 200 62980 "http://ruepprich.com/" "Mozilla/5.0 (Linux; Android 6.0.1; Nexus 5X Build/MMB29P) AppleWebKit/537.36 (KHTML, like Gecko) Chrome/41.0.2272.96 Mobile Safari/537.36 (compatible; Googlebot/2.1; +http://www.google.com/bot.html)"
66.249.64.167 - - [25/Oct/2016:20:18:52 +0000] "GET /uptime HTTP/1.1" 200 70 "-" "Mozilla/5.0 (Linux; Android 6.0.1; Nexus 5X Build/MMB29P) AppleWebKit/537.36 (KHTML, like Gecko) Chrome/41.0.2272.96 Mobile Safari/537.36 (compatible; Googlebot/2.1; +http://www.google.com/bot.html)"
47.187.0.240 - - [25/Oct/2016:20:33:57 +0000] "GET / HTTP/1.1" 304 - "-" "Mozilla/5.0 (Macintosh; Intel Mac OS X 10_11_6) AppleWebKit/537.36 (KHTML, like Gecko) Chrome/54.0.2840.71 Safari/537.36"
47.187.0.240 - - [25/Oct/2016:20:33:57 +0000] "GET /css/materialize.min.css HTTP/1.1" 304 - "http://ruepprich.com/" "Mozilla/5.0 (Macintosh; Intel Mac OS X 10_11_6) AppleWebKit/537.36 (KHTML, like Gecko) Chrome/54.0.2840.71 Safari/537.36"
47.187.0.240 - - [25/Oct/2016:20:33:57 +0000] "GET /js/materialize.min.js HTTP/1.1" 304 - "http://ruepprich.com/" "Mozilla/5.0 (Macintosh; Intel Mac OS X 10_11_6) AppleWebKit/537.36 (KHTML, like Gecko) Chrome/54.0.2840.71 Safari/537.36"
66.249.64.163 - - [25/Oct/2016:20:33:58 +0000] "GET /robots.txt HTTP/1.1" 404 23 "-" "Mozilla/5.0 (compatible; Googlebot/2.1; +http://www.google.com/bot.html)"
66.249.64.167 - - [25/Oct/2016:20:33:58 +0000] "GET / HTTP/1.1" 200 1008 "-" "Mozilla/5.0 (Linux; Android 6.0.1; Nexus 5X Build/MMB29P) AppleWebKit/537.36 (KHTML, like Gecko) Chrome/41.0.2272.96 Mobile Safari/537.36 (compatible; Googlebot/2.1; +http://www.google.com/bot.html)"
47.187.0.240 - - [25/Oct/2016:20:33:58 +0000] "GET /fonts/roboto/Roboto-Regular.woff2 HTTP/1.1" 304 - "http://ruepprich.com/css/materialize.min.css" "Mozilla/5.0 (Macintosh; Intel Mac OS X 10_11_6) AppleWebKit/537.36 (KHTML, like Gecko) Chrome/54.0.2840.71 Safari/537.36"
47.187.0.240 - - [25/Oct/2016:20:34:03 +0000] "GET /ords/f?p=139 HTTP/1.1" 302 - "http://ruepprich.com/" "Mozilla/5.0 (Macintosh; Intel Mac OS X 10_11_6) AppleWebKit/537.36 (KHTML, like Gecko) Chrome/54.0.2840.71 Safari/537.36"
47.187.0.240 - - [25/Oct/2016:20:34:03 +0000] "GET /ords/f?p=139:2:::::: HTTP/1.1" 302 - "http://ruepprich.com/" "Mozilla/5.0 (Macintosh; Intel Mac OS X 10_11_6) AppleWebKit/537.36 (KHTML, like Gecko) Chrome/54.0.2840.71 Safari/537.36"
47.187.0.240 - - [25/Oct/2016:20:34:03 +0000] "GET /ords/f?p=139:LOGIN_DESKTOP:10925376419320::::: HTTP/1.1" 200 - "http://ruepprich.com/" "Mozilla/5.0 (Macintosh; Intel Mac OS X 10_11_6) AppleWebKit/537.36 (KHTML, like Gecko) Chrome/54.0.2840.71 Safari/537.36"
47.187.0.240 - - [25/Oct/2016:20:34:03 +0000] "GET /i/app_ui/css/Core.min.css?v=5.0.4.00.12 HTTP/1.1" 304 - "http://ruepprich.com/ords/f?p=139:LOGIN_DESKTOP:10925376419320:::::" "Mozilla/5.0 (Macintosh; Intel Mac OS X 10_11_6) AppleWebKit/537.36 (KHTML, like Gecko) Chrome/54.0.2840.71 Safari/537.36"
47.187.0.240 - - [25/Oct/2016:20:34:03 +0000] "GET /i/libraries/jquery/2.1.3/jquery-2.1.3.min.js?v=5.0.4.00.12 HTTP/1.1" 304 - "http://ruepprich.com/ords/f?p=139:LOGIN_DESKTOP:10925376419320:::::" "Mozilla/5.0 (Macintosh; Intel Mac OS X 10_11_6) AppleWebKit/537.36 (KHTML, like Gecko) Chrome/54.0.2840.71 Safari/537.36"
47.187.0.240 - - [25/Oct/2016:20:34:03 +0000] "GET /i/app_ui/css/Theme-Standard.min.css?v=5.0.4.00.12 HTTP/1.1" 304 - "http://ruepprich.com/ords/f?p=139:LOGIN_DESKTOP:10925376419320:::::" "Mozilla/5.0 (Macintosh; Intel Mac OS X 10_11_6) AppleWebKit/537.36 (KHTML, like Gecko) Chrome/54.0.2840.71 Safari/537.36"
47.187.0.240 - - [25/Oct/2016:20:34:03 +0000] "GET /i/libraries/jquery-ui/1.10.4/themes/base/jquery-ui.min.css?v=5.0.4.00.12 HTTP/1.1" 304 - "http://ruepprich.com/ords/f?p=139:LOGIN_DESKTOP:10925376419320:::::" "Mozilla/5.0 (Macintosh; Intel Mac OS X 10_11_6) AppleWebKit/537.36 (KHTML, like Gecko) Chrome/54.0.2840.71 Safari/537.36"
47.187.0.240 - - [25/Oct/2016:20:34:03 +0000] "GET /i/libraries/font-awesome/4.2.0/css/font-awesome.min.css?v=5.0.4.00.12 HTTP/1.1" 304 - "http://ruepprich.com/ords/f?p=139:LOGIN_DESKTOP:10925376419320:::::" "Mozilla/5.0 (Macintosh; Intel Mac OS X 10_11_6) AppleWebKit/537.36 (KHTML, like Gecko) Chrome/54.0.2840.71 Safari/537.36"
47.187.0.240 - - [25/Oct/2016:20:34:03 +0000] "GET /i/themes/theme_42/1.0/css/Core.min.css?v=5.0.4.00.12 HTTP/1.1" 304 - "http://ruepprich.com/ords/f?p=139:LOGIN_DESKTOP:10925376419320:::::" "Mozilla/5.0 (Macintosh; Intel Mac OS X 10_11_6) AppleWebKit/537.36 (KHTML, like Gecko) Chrome/54.0.2840.71 Safari/537.36"
47.187.0.240 - - [25/Oct/2016:20:34:03 +0000] "GET /i/themes/theme_42/1.0/css/Vita.min.css?v=5.0.4.00.12 HTTP/1.1" 304 - "http://ruepprich.com/ords/f?p=139:LOGIN_DESKTOP:10925376419320:::::" "Mozilla/5.0 (Macintosh; Intel Mac OS X 10_11_6) AppleWebKit/537.36 (KHTML, like Gecko) Chrome/54.0.2840.71 Safari/537.36"
47.187.0.240 - - [25/Oct/2016:20:34:03 +0000] "GET /i/libraries/apex/minified/desktop.min.js?v=5.0.4.00.12 HTTP/1.1" 304 - "http://ruepprich.com/ords/f?p=139:LOGIN_DESKTOP:10925376419320:::::" "Mozilla/5.0 (Macintosh; Intel Mac OS X 10_11_6) AppleWebKit/537.36 (KHTML, like Gecko) Chrome/54.0.2840.71 Safari/537.36"
47.187.0.240 - - [25/Oct/2016:20:34:03 +0000] "GET /i/libraries/apex/minified/widget.regionDisplaySelector.min.js?v=5.0.4.00.12 HTTP/1.1" 304 - "http://ruepprich.com/ords/f?p=139:LOGIN_DESKTOP:10925376419320:::::" "Mozilla/5.0 (Macintosh; Intel Mac OS X 10_11_6) AppleWebKit/537.36 (KHTML, like Gecko) Chrome/54.0.2840.71 Safari/537.36"
47.187.0.240 - - [25/Oct/2016:20:34:03 +0000] "GET /i/libraries/apex/minified/widget.stickyWidget.min.js?v=5.0.4.00.12 HTTP/1.1" 304 - "http://ruepprich.com/ords/f?p=139:LOGIN_DESKTOP:10925376419320:::::" "Mozilla/5.0 (Macintosh; Intel Mac OS X 10_11_6) AppleWebKit/537.36 (KHTML, like Gecko) Chrome/54.0.2840.71 Safari/537.36"
47.187.0.240 - - [25/Oct/2016:20:34:03 +0000] "GET /i/libraries/apex/minified/widget.stickyTableHeader.min.js?v=5.0.4.00.12 HTTP/1.1" 304 - "http://ruepprich.com/ords/f?p=139:LOGIN_DESKTOP:10925376419320:::::" "Mozilla/5.0 (Macintosh; Intel Mac OS X 10_11_6) AppleWebKit/537.36 (KHTML, like Gecko) Chrome/54.0.2840.71 Safari/537.36"
47.187.0.240 - - [25/Oct/2016:20:34:03 +0000] "GET /i/libraries/apex/minified/tooltipManager.min.js?v=5.0.4.00.12 HTTP/1.1" 304 - "http://ruepprich.com/ords/f?p=139:LOGIN_DESKTOP:10925376419320:::::" "Mozilla/5.0 (Macintosh; Intel Mac OS X 10_11_6) AppleWebKit/537.36 (KHTML, like Gecko) Chrome/54.0.2840.71 Safari/537.36"
47.187.0.240 - - [25/Oct/2016:20:34:03 +0000] "GET /i/libraries/hammer/2.0.3/hammer.min.js?v=5.0.4.00.12 HTTP/1.1" 304 - "http://ruepprich.com/ords/f?p=139:LOGIN_DESKTOP:10925376419320:::::" "Mozilla/5.0 (Macintosh; Intel Mac OS X 10_11_6) AppleWebKit/537.36 (KHTML, like Gecko) Chrome/54.0.2840.71 Safari/537.36"
47.187.0.240 - - [25/Oct/2016:20:34:03 +0000] "GET /i/plugins/com.oracle.apex.carousel/1.0/com.oracle.apex.carousel.min.js?v=5.0.4.00.12 HTTP/1.1" 304 - "http://ruepprich.com/ords/f?p=139:LOGIN_DESKTOP:10925376419320:::::" "Mozilla/5.0 (Macintosh; Intel Mac OS X 10_11_6) AppleWebKit/537.36 (KHTML, like Gecko) Chrome/54.0.2840.71 Safari/537.36"
47.187.0.240 - - [25/Oct/2016:20:34:03 +0000] "GET /i/themes/theme_42/1.0/js/modernizr-custom.min.js?v=5.0.4.00.12 HTTP/1.1" 304 - "http://ruepprich.com/ords/f?p=139:LOGIN_DESKTOP:10925376419320:::::" "Mozilla/5.0 (Macintosh; Intel Mac OS X 10_11_6) AppleWebKit/537.36 (KHTML, like Gecko) Chrome/54.0.2840.71 Safari/537.36"
47.187.0.240 - - [25/Oct/2016:20:34:03 +0000] "GET /i/themes/theme_42/1.0/js/theme42.min.js?v=5.0.4.00.12 HTTP/1.1" 304 - "http://ruepprich.com/ords/f?p=139:LOGIN_DESKTOP:10925376419320:::::" "Mozilla/5.0 (Macintosh; Intel Mac OS X 10_11_6) AppleWebKit/537.36 (KHTML, like Gecko) Chrome/54.0.2840.71 Safari/537.36"
66.249.64.159 - - [25/Oct/2016:20:34:03 +0000] "GET /ords/f?p=139:LOGIN_DESKTOP:10925376419320::::: HTTP/1.1" 302 - "-" "Mozilla/5.0 (Linux; Android 6.0.1; Nexus 5X Build/MMB29P) AppleWebKit/537.36 (KHTML, like Gecko) Chrome/41.0.2272.96 Mobile Safari/537.36 (compatible; Googlebot/2.1; +http://www.google.com/bot.html)"
66.249.64.163 - - [25/Oct/2016:20:34:03 +0000] "GET /ords/f?p=139:2:15357689559640::::: HTTP/1.1" 302 - "-" "Mozilla/5.0 (Linux; Android 6.0.1; Nexus 5X Build/MMB29P) AppleWebKit/537.36 (KHTML, like Gecko) Chrome/41.0.2272.96 Mobile Safari/537.36 (compatible; Googlebot/2.1; +http://www.google.com/bot.html)"
66.249.64.159 - - [25/Oct/2016:20:34:04 +0000] "GET /ords/f?p=139:LOGIN_DESKTOP:15357689559640::::: HTTP/1.1" 200 - "-" "Mozilla/5.0 (Linux; Android 6.0.1; Nexus 5X Build/MMB29P) AppleWebKit/537.36 (KHTML, like Gecko) Chrome/41.0.2272.96 Mobile Safari/537.36 (compatible; Googlebot/2.1; +http://www.google.com/bot.html)"
66.249.64.163 - - [25/Oct/2016:20:34:04 +0000] "GET /i/themes/theme_42/1.0/js/theme42.min.js?v=5.0.4.00.12 HTTP/1.1" 200 24157 "http://ruepprich.com/ords/f?p=139:LOGIN_DESKTOP:15357689559640:::::" "Mozilla/5.0 (Linux; Android 6.0.1; Nexus 5X Build/MMB29P) AppleWebKit/537.36 (KHTML, like Gecko) Chrome/41.0.2272.96 Mobile Safari/537.36 (compatible; Googlebot/2.1; +http://www.google.com/bot.html)"
66.249.64.159 - - [25/Oct/2016:20:34:05 +0000] "GET /i/libraries/apex/minified/widget.stickyWidget.min.js?v=5.0.4.00.12 HTTP/1.1" 200 4382 "http://ruepprich.com/ords/f?p=139:LOGIN_DESKTOP:15357689559640:::::" "Mozilla/5.0 (Linux; Android 6.0.1; Nexus 5X Build/MMB29P) AppleWebKit/537.36 (KHTML, like Gecko) Chrome/41.0.2272.96 Mobile Safari/537.36 (compatible; Googlebot/2.1; +http://www.google.com/bot.html)"
66.249.64.163 - - [25/Oct/2016:20:34:05 +0000] "GET /i/app_ui/css/Theme-Standard.min.css?v=5.0.4.00.12 HTTP/1.1" 200 9697 "http://ruepprich.com/ords/f?p=139:LOGIN_DESKTOP:15357689559640:::::" "Mozilla/5.0 (Linux; Android 6.0.1; Nexus 5X Build/MMB29P) AppleWebKit/537.36 (KHTML, like Gecko) Chrome/41.0.2272.96 Mobile Safari/537.36 (compatible; Googlebot/2.1; +http://www.google.com/bot.html)"
66.249.64.163 - - [25/Oct/2016:20:34:06 +0000] "GET /i/themes/theme_42/1.0/css/Vita.min.css?v=5.0.4.00.12 HTTP/1.1" 200 115270 "http://ruepprich.com/ords/f?p=139:LOGIN_DESKTOP:15357689559640:::::" "Mozilla/5.0 (Linux; Android 6.0.1; Nexus 5X Build/MMB29P) AppleWebKit/537.36 (KHTML, like Gecko) Chrome/41.0.2272.96 Mobile Safari/537.36 (compatible; Googlebot/2.1; +http://www.google.com/bot.html)"
66.249.64.163 - - [25/Oct/2016:20:34:06 +0000] "GET /i/libraries/apex/minified/widget.regionDisplaySelector.min.js?v=5.0.4.00.12 HTTP/1.1" 200 12828 "http://ruepprich.com/ords/f?p=139:LOGIN_DESKTOP:15357689559640:::::" "Mozilla/5.0 (Linux; Android 6.0.1; Nexus 5X Build/MMB29P) AppleWebKit/537.36 (KHTML, like Gecko) Chrome/41.0.2272.96 Mobile Safari/537.36 (compatible; Googlebot/2.1; +http://www.google.com/bot.html)"
47.187.0.240 - - [25/Oct/2016:20:34:07 +0000] "POST /ords/wwv_flow.accept HTTP/1.1" 302 - "http://ruepprich.com/ords/f?p=139:LOGIN_DESKTOP:10925376419320:::::" "Mozilla/5.0 (Macintosh; Intel Mac OS X 10_11_6) AppleWebKit/537.36 (KHTML, like Gecko) Chrome/54.0.2840.71 Safari/537.36"
47.187.0.240 - - [25/Oct/2016:20:34:07 +0000] "GET /ords/f?p=139::10925376419320:139:2:10925376419320:: HTTP/1.1" 302 - "http://ruepprich.com/ords/f?p=139:LOGIN_DESKTOP:10925376419320:::::" "Mozilla/5.0 (Macintosh; Intel Mac OS X 10_11_6) AppleWebKit/537.36 (KHTML, like Gecko) Chrome/54.0.2840.71 Safari/537.36"
66.249.64.163 - - [25/Oct/2016:20:34:07 +0000] "GET /i/libraries/font-awesome/4.2.0/css/font-awesome.min.css?v=5.0.4.00.12 HTTP/1.1" 200 21984 "http://ruepprich.com/ords/f?p=139:LOGIN_DESKTOP:15357689559640:::::" "Mozilla/5.0 (Linux; Android 6.0.1; Nexus 5X Build/MMB29P) AppleWebKit/537.36 (KHTML, like Gecko) Chrome/41.0.2272.96 Mobile Safari/537.36 (compatible; Googlebot/2.1; +http://www.google.com/bot.html)"
47.187.0.240 - - [25/Oct/2016:20:34:07 +0000] "GET /ords/f?p=139:2:10925376419320::::: HTTP/1.1" 200 - "http://ruepprich.com/ords/f?p=139:LOGIN_DESKTOP:10925376419320:::::" "Mozilla/5.0 (Macintosh; Intel Mac OS X 10_11_6) AppleWebKit/537.36 (KHTML, like Gecko) Chrome/54.0.2840.71 Safari/537.36"
47.187.0.240 - - [25/Oct/2016:20:34:07 +0000] "GET /i/app_ui/css/Core.min.css?v=5.0.4.00.12 HTTP/1.1" 304 - "http://ruepprich.com/ords/f?p=139:2:10925376419320:::::" "Mozilla/5.0 (Macintosh; Intel Mac OS X 10_11_6) AppleWebKit/537.36 (KHTML, like Gecko) Chrome/54.0.2840.71 Safari/537.36"
47.187.0.240 - - [25/Oct/2016:20:34:07 +0000] "GET /i/app_ui/css/Theme-Standard.min.css?v=5.0.4.00.12 HTTP/1.1" 304 - "http://ruepprich.com/ords/f?p=139:2:10925376419320:::::" "Mozilla/5.0 (Macintosh; Intel Mac OS X 10_11_6) AppleWebKit/537.36 (KHTML, like Gecko) Chrome/54.0.2840.71 Safari/537.36"
47.187.0.240 - - [25/Oct/2016:20:34:07 +0000] "GET /i/libraries/jquery-ui/1.10.4/themes/base/jquery-ui.min.css?v=5.0.4.00.12 HTTP/1.1" 304 - "http://ruepprich.com/ords/f?p=139:2:10925376419320:::::" "Mozilla/5.0 (Macintosh; Intel Mac OS X 10_11_6) AppleWebKit/537.36 (KHTML, like Gecko) Chrome/54.0.2840.71 Safari/537.36"
47.187.0.240 - - [25/Oct/2016:20:34:07 +0000] "GET /i/libraries/font-awesome/4.2.0/css/font-awesome.min.css?v=5.0.4.00.12 HTTP/1.1" 304 - "http://ruepprich.com/ords/f?p=139:2:10925376419320:::::" "Mozilla/5.0 (Macintosh; Intel Mac OS X 10_11_6) AppleWebKit/537.36 (KHTML, like Gecko) Chrome/54.0.2840.71 Safari/537.36"
47.187.0.240 - - [25/Oct/2016:20:34:07 +0000] "GET /i/themes/theme_42/1.0/css/Core.min.css?v=5.0.4.00.12 HTTP/1.1" 304 - "http://ruepprich.com/ords/f?p=139:2:10925376419320:::::" "Mozilla/5.0 (Macintosh; Intel Mac OS X 10_11_6) AppleWebKit/537.36 (KHTML, like Gecko) Chrome/54.0.2840.71 Safari/537.36"
47.187.0.240 - - [25/Oct/2016:20:34:07 +0000] "GET /i/libraries/jquery/2.1.3/jquery-2.1.3.min.js?v=5.0.4.00.12 HTTP/1.1" 304 - "http://ruepprich.com/ords/f?p=139:2:10925376419320:::::" "Mozilla/5.0 (Macintosh; Intel Mac OS X 10_11_6) AppleWebKit/537.36 (KHTML, like Gecko) Chrome/54.0.2840.71 Safari/537.36"
47.187.0.240 - - [25/Oct/2016:20:34:07 +0000] "GET /i/libraries/apex/minified/desktop.min.js?v=5.0.4.00.12 HTTP/1.1" 304 - "http://ruepprich.com/ords/f?p=139:2:10925376419320:::::" "Mozilla/5.0 (Macintosh; Intel Mac OS X 10_11_6) AppleWebKit/537.36 (KHTML, like Gecko) Chrome/54.0.2840.71 Safari/537.36"
47.187.0.240 - - [25/Oct/2016:20:34:07 +0000] "GET /i/libraries/apex/minified/widget.regionDisplaySelector.min.js?v=5.0.4.00.12 HTTP/1.1" 304 - "http://ruepprich.com/ords/f?p=139:2:10925376419320:::::" "Mozilla/5.0 (Macintosh; Intel Mac OS X 10_11_6) AppleWebKit/537.36 (KHTML, like Gecko) Chrome/54.0.2840.71 Safari/537.36"
47.187.0.240 - - [25/Oct/2016:20:34:07 +0000] "GET /i/themes/theme_42/1.0/css/Vita.min.css?v=5.0.4.00.12 HTTP/1.1" 304 - "http://ruepprich.com/ords/f?p=139:2:10925376419320:::::" "Mozilla/5.0 (Macintosh; Intel Mac OS X 10_11_6) AppleWebKit/537.36 (KHTML, like Gecko) Chrome/54.0.2840.71 Safari/537.36"
47.187.0.240 - - [25/Oct/2016:20:34:07 +0000] "GET /i/libraries/apex/minified/widget.stickyWidget.min.js?v=5.0.4.00.12 HTTP/1.1" 304 - "http://ruepprich.com/ords/f?p=139:2:10925376419320:::::" "Mozilla/5.0 (Macintosh; Intel Mac OS X 10_11_6) AppleWebKit/537.36 (KHTML, like Gecko) Chrome/54.0.2840.71 Safari/537.36"
47.187.0.240 - - [25/Oct/2016:20:34:07 +0000] "GET /i/libraries/apex/minified/widget.stickyTableHeader.min.js?v=5.0.4.00.12 HTTP/1.1" 304 - "http://ruepprich.com/ords/f?p=139:2:10925376419320:::::" "Mozilla/5.0 (Macintosh; Intel Mac OS X 10_11_6) AppleWebKit/537.36 (KHTML, like Gecko) Chrome/54.0.2840.71 Safari/537.36"
47.187.0.240 - - [25/Oct/2016:20:34:07 +0000] "GET /i/libraries/apex/minified/tooltipManager.min.js?v=5.0.4.00.12 HTTP/1.1" 304 - "http://ruepprich.com/ords/f?p=139:2:10925376419320:::::" "Mozilla/5.0 (Macintosh; Intel Mac OS X 10_11_6) AppleWebKit/537.36 (KHTML, like Gecko) Chrome/54.0.2840.71 Safari/537.36"
47.187.0.240 - - [25/Oct/2016:20:34:07 +0000] "GET /i/libraries/hammer/2.0.3/hammer.min.js?v=5.0.4.00.12 HTTP/1.1" 304 - "http://ruepprich.com/ords/f?p=139:2:10925376419320:::::" "Mozilla/5.0 (Macintosh; Intel Mac OS X 10_11_6) AppleWebKit/537.36 (KHTML, like Gecko) Chrome/54.0.2840.71 Safari/537.36"
47.187.0.240 - - [25/Oct/2016:20:34:07 +0000] "GET /i/themes/theme_42/1.0/js/modernizr-custom.min.js?v=5.0.4.00.12 HTTP/1.1" 304 - "http://ruepprich.com/ords/f?p=139:2:10925376419320:::::" "Mozilla/5.0 (Macintosh; Intel Mac OS X 10_11_6) AppleWebKit/537.36 (KHTML, like Gecko) Chrome/54.0.2840.71 Safari/537.36"
47.187.0.240 - - [25/Oct/2016:20:34:07 +0000] "GET /i/plugins/com.oracle.apex.carousel/1.0/com.oracle.apex.carousel.min.js?v=5.0.4.00.12 HTTP/1.1" 304 - "http://ruepprich.com/ords/f?p=139:2:10925376419320:::::" "Mozilla/5.0 (Macintosh; Intel Mac OS X 10_11_6) AppleWebKit/537.36 (KHTML, like Gecko) Chrome/54.0.2840.71 Safari/537.36"
47.187.0.240 - - [25/Oct/2016:20:34:07 +0000] "GET /i/themes/theme_42/1.0/js/theme42.min.js?v=5.0.4.00.12 HTTP/1.1" 304 - "http://ruepprich.com/ords/f?p=139:2:10925376419320:::::" "Mozilla/5.0 (Macintosh; Intel Mac OS X 10_11_6) AppleWebKit/537.36 (KHTML, like Gecko) Chrome/54.0.2840.71 Safari/537.36"
47.187.0.240 - - [25/Oct/2016:20:34:07 +0000] "GET /i/socket-io.1.2.0.js?v=5.0.4.00.12 HTTP/1.1" 304 - "http://ruepprich.com/ords/f?p=139:2:10925376419320:::::" "Mozilla/5.0 (Macintosh; Intel Mac OS X 10_11_6) AppleWebKit/537.36 (KHTML, like Gecko) Chrome/54.0.2840.71 Safari/537.36"
47.187.0.240 - - [25/Oct/2016:20:34:07 +0000] "GET /i/libraries/apex/minified/widget.treeView.min.js?v=5.0.4.00.12 HTTP/1.1" 304 - "http://ruepprich.com/ords/f?p=139:2:10925376419320:::::" "Mozilla/5.0 (Macintosh; Intel Mac OS X 10_11_6) AppleWebKit/537.36 (KHTML, like Gecko) Chrome/54.0.2840.71 Safari/537.36"
47.187.0.240 - - [25/Oct/2016:20:34:07 +0000] "GET /i/libraries/font-awesome/4.2.0/fonts/fontawesome-webfont.woff?v=4.2.0 HTTP/1.1" 304 - "http://ruepprich.com/i/libraries/font-awesome/4.2.0/css/font-awesome.min.css?v=5.0.4.00.12" "Mozilla/5.0 (Macintosh; Intel Mac OS X 10_11_6) AppleWebKit/537.36 (KHTML, like Gecko) Chrome/54.0.2840.71 Safari/537.36"
66.249.64.159 - - [25/Oct/2016:20:34:07 +0000] "GET /i/libraries/jquery-ui/1.10.4/themes/base/jquery-ui.min.css?v=5.0.4.00.12 HTTP/1.1" 200 25763 "http://ruepprich.com/ords/f?p=139:LOGIN_DESKTOP:15357689559640:::::" "Mozilla/5.0 (Linux; Android 6.0.1; Nexus 5X Build/MMB29P) AppleWebKit/537.36 (KHTML, like Gecko) Chrome/41.0.2272.96 Mobile Safari/537.36 (compatible; Googlebot/2.1; +http://www.google.com/bot.html)"
47.187.0.240 - - [25/Oct/2016:20:34:07 +0000] "GET /i/app_ui/font/apex-5-icon-font.ttf HTTP/1.1" 304 - "http://ruepprich.com/i/app_ui/css/Core.min.css?v=5.0.4.00.12" "Mozilla/5.0 (Macintosh; Intel Mac OS X 10_11_6) AppleWebKit/537.36 (KHTML, like Gecko) Chrome/54.0.2840.71 Safari/537.36"
66.249.64.159 - - [25/Oct/2016:20:34:08 +0000] "GET /ords/wwv_flow.js_messages?p_app_id=139&p_lang=en&p_version=5.0.4.00.12-10557778583881 HTTP/1.1" 200 - "http://ruepprich.com/ords/f?p=139:LOGIN_DESKTOP:15357689559640:::::" "Mozilla/5.0 (Linux; Android 6.0.1; Nexus 5X Build/MMB29P) AppleWebKit/537.36 (KHTML, like Gecko) Chrome/41.0.2272.96 Mobile Safari/537.36 (compatible; Googlebot/2.1; +http://www.google.com/bot.html)"
66.249.64.159 - - [25/Oct/2016:20:34:08 +0000] "GET /i/app_ui/css/Core.min.css?v=5.0.4.00.12 HTTP/1.1" 200 82555 "http://ruepprich.com/ords/f?p=139:LOGIN_DESKTOP:15357689559640:::::" "Mozilla/5.0 (Linux; Android 6.0.1; Nexus 5X Build/MMB29P) AppleWebKit/537.36 (KHTML, like Gecko) Chrome/41.0.2272.96 Mobile Safari/537.36 (compatible; Googlebot/2.1; +http://www.google.com/bot.html)"
66.249.64.159 - - [25/Oct/2016:20:34:09 +0000] "GET /i/libraries/apex/minified/widget.stickyTableHeader.min.js?v=5.0.4.00.12 HTTP/1.1" 200 4722 "http://ruepprich.com/ords/f?p=139:LOGIN_DESKTOP:15357689559640:::::" "Mozilla/5.0 (Linux; Android 6.0.1; Nexus 5X Build/MMB29P) AppleWebKit/537.36 (KHTML, like Gecko) Chrome/41.0.2272.96 Mobile Safari/537.36 (compatible; Googlebot/2.1; +http://www.google.com/bot.html)"
66.249.64.159 - - [25/Oct/2016:20:34:09 +0000] "GET /i/plugins/com.oracle.apex.carousel/1.0/com.oracle.apex.carousel.min.js?v=5.0.4.00.12 HTTP/1.1" 200 3644 "http://ruepprich.com/ords/f?p=139:LOGIN_DESKTOP:15357689559640:::::" "Mozilla/5.0 (Linux; Android 6.0.1; Nexus 5X Build/MMB29P) AppleWebKit/537.36 (KHTML, like Gecko) Chrome/41.0.2272.96 Mobile Safari/537.36 (compatible; Googlebot/2.1; +http://www.google.com/bot.html)"
66.249.64.159 - - [25/Oct/2016:20:34:10 +0000] "GET /i/libraries/apex/minified/desktop.min.js?v=5.0.4.00.12 HTTP/1.1" 200 302410 "http://ruepprich.com/ords/f?p=139:LOGIN_DESKTOP:15357689559640:::::" "Mozilla/5.0 (Linux; Android 6.0.1; Nexus 5X Build/MMB29P) AppleWebKit/537.36 (KHTML, like Gecko) Chrome/41.0.2272.96 Mobile Safari/537.36 (compatible; Googlebot/2.1; +http://www.google.com/bot.html)"
66.249.64.159 - - [25/Oct/2016:20:34:10 +0000] "GET /i/libraries/apex/minified/tooltipManager.min.js?v=5.0.4.00.12 HTTP/1.1" 200 966 "http://ruepprich.com/ords/f?p=139:LOGIN_DESKTOP:15357689559640:::::" "Mozilla/5.0 (Linux; Android 6.0.1; Nexus 5X Build/MMB29P) AppleWebKit/537.36 (KHTML, like Gecko) Chrome/41.0.2272.96 Mobile Safari/537.36 (compatible; Googlebot/2.1; +http://www.google.com/bot.html)"
66.249.64.159 - - [25/Oct/2016:20:34:11 +0000] "GET /i/themes/theme_42/1.0/css/Core.min.css?v=5.0.4.00.12 HTTP/1.1" 200 216027 "http://ruepprich.com/ords/f?p=139:LOGIN_DESKTOP:15357689559640:::::" "Mozilla/5.0 (Linux; Android 6.0.1; Nexus 5X Build/MMB29P) AppleWebKit/537.36 (KHTML, like Gecko) Chrome/41.0.2272.96 Mobile Safari/537.36 (compatible; Googlebot/2.1; +http://www.google.com/bot.html)"
66.249.64.159 - - [25/Oct/2016:20:34:11 +0000] "GET /i/libraries/jquery/2.1.3/jquery-2.1.3.min.js?v=5.0.4.00.12 HTTP/1.1" 200 84320 "http://ruepprich.com/ords/f?p=139:LOGIN_DESKTOP:15357689559640:::::" "Mozilla/5.0 (Linux; Android 6.0.1; Nexus 5X Build/MMB29P) AppleWebKit/537.36 (KHTML, like Gecko) Chrome/41.0.2272.96 Mobile Safari/537.36 (compatible; Googlebot/2.1; +http://www.google.com/bot.html)"
66.249.64.159 - - [25/Oct/2016:20:34:12 +0000] "GET /i/themes/theme_42/1.0/js/modernizr-custom.min.js?v=5.0.4.00.12 HTTP/1.1" 200 5470 "http://ruepprich.com/ords/f?p=139:LOGIN_DESKTOP:15357689559640:::::" "Mozilla/5.0 (Linux; Android 6.0.1; Nexus 5X Build/MMB29P) AppleWebKit/537.36 (KHTML, like Gecko) Chrome/41.0.2272.96 Mobile Safari/537.36 (compatible; Googlebot/2.1; +http://www.google.com/bot.html)"
66.249.64.159 - - [25/Oct/2016:20:34:12 +0000] "GET /i/libraries/hammer/2.0.3/hammer.min.js?v=5.0.4.00.12 HTTP/1.1" 200 29352 "http://ruepprich.com/ords/f?p=139:LOGIN_DESKTOP:15357689559640:::::" "Mozilla/5.0 (Linux; Android 6.0.1; Nexus 5X Build/MMB29P) AppleWebKit/537.36 (KHTML, like Gecko) Chrome/41.0.2272.96 Mobile Safari/537.36 (compatible; Googlebot/2.1; +http://www.google.com/bot.html)"
66.249.64.159 - - [25/Oct/2016:20:34:13 +0000] "GET /ords/f?p=139:2:10925376419320::::: HTTP/1.1" 302 - "-" "Mozilla/5.0 (Linux; Android 6.0.1; Nexus 5X Build/MMB29P) AppleWebKit/537.36 (KHTML, like Gecko) Chrome/41.0.2272.96 Mobile Safari/537.36 (compatible; Googlebot/2.1; +http://www.google.com/bot.html)"
66.249.64.159 - - [25/Oct/2016:20:34:14 +0000] "GET /ords/f?p=139:LOGIN_DESKTOP:8226559442332::::: HTTP/1.1" 200 - "-" "Mozilla/5.0 (Linux; Android 6.0.1; Nexus 5X Build/MMB29P) AppleWebKit/537.36 (KHTML, like Gecko) Chrome/41.0.2272.96 Mobile Safari/537.36 (compatible; Googlebot/2.1; +http://www.google.com/bot.html)"
66.249.64.159 - - [25/Oct/2016:20:34:14 +0000] "GET /i/libraries/apex/minified/desktop.min.js?v=5.0.4.00.12 HTTP/1.1" 200 302410 "http://ruepprich.com/ords/f?p=139:LOGIN_DESKTOP:8226559442332:::::" "Mozilla/5.0 (Linux; Android 6.0.1; Nexus 5X Build/MMB29P) AppleWebKit/537.36 (KHTML, like Gecko) Chrome/41.0.2272.96 Mobile Safari/537.36 (compatible; Googlebot/2.1; +http://www.google.com/bot.html)"
